  [2m2026-09-08T09:19:49.823571Z[0m [32m INFO[0m [1;32mrch::hook[0m[32m: [32mSelected worker: vmi1149989 at root@212.90.121.76 (4 slots remaining after reservation, speed 71.9)[0m
    [2;3mat[0m rch/src/hook.rs:2645 [2;3mon[0m ThreadId(1)

[*] Job j-30004650170124441 submitted to vmi1149989 (4 slots remaining, speed 71.9)
  [2m2026-09-08T09:19:49.870636Z[0m [32m INFO[0m [1;32mrch::hook::transfer_orchestration[0m[32m: [32mStarting remote compilation pipeline for franken_alignment_wave7-counterexample-effect1_20260908 (hash: 18d2b94e9aa0ab79)[0m
    [2;3mat[0m rch/src/hook/transfer_orchestration.rs:510 [2;3mon[0m ThreadId(1)

  [2m2026-09-08T09:19:49.870686Z[0m [32m INFO[0m [1;32mrch::hook::transfer_orchestration[0m[32m: [32mPrepared dependency sync manifest for 1 roots[0m
    [2;3mat[0m rch/src/hook/transfer_orchestration.rs:532 [2;3mon[0m ThreadId(1)

  [2m2026-09-08T09:19:51.086534Z[0m [32m INFO[0m [1;32mrch::hook::transfer_orchestration[0m[32m: [32mSyncing project to worker vmi1149989...[0m
    [2;3mat[0m rch/src/hook/transfer_orchestration.rs:661 [2;3mon[0m ThreadId(1)

  [2m2026-09-08T09:19:55.477656Z[0m [32m INFO[0m [1;32mrch::transfer[0m[32m: [32mLinked git worktree detected at /Users/jemanuel/projects/franken_alignment_wave7-counterexample-effect1_20260908 (gitdir: /Users/jemanuel/projects/franken_alignment/.git/worktrees/franken_alignment_wave7-counterexample-effect1_20260908); excluding dangling '.git' file from upload so the remote build resolves git-free like a normal repo[0m
    [2;3mat[0m rch/src/transfer.rs:2009 [2;3mon[0m ThreadId(1)

  [2m2026-09-08T09:19:55.477849Z[0m [32m INFO[0m [1;32mrch::transfer[0m[32m: [32mSyncing /Users/jemanuel/projects/franken_alignment_wave7-counterexample-effect1_20260908 -> /data/tmp/rch/franken_alignment_wave7-counterexample-effect1_20260908/18d2b94e9aa0ab79 on vmi1149989 (streaming)[0m
    [2;3mat[0m rch/src/transfer.rs:3549 [2;3mon[0m ThreadId(1)

  [2m2026-09-08T09:19:57.299165Z[0m [32m INFO[0m [1;32mrch::hook::transfer_orchestration[0m[32m: [32mSync complete: 20 files, 10792299 bytes in 5975ms[0m
    [2;3mat[0m rch/src/hook/transfer_orchestration.rs:958 [2;3mon[0m ThreadId(1)

  [2m2026-09-08T09:19:57.310196Z[0m [32m INFO[0m [1;32mrch::hook::transfer_orchestration[0m[32m: [32mExecuting command remotely: cargo +nightly-2026-09-08 test --locked -p fa-reference --test perimeter_inventory_boundaries unknown_effect_and_unexpected_field_each_refuse_a_complete_control_document -- --exact --nocapture[0m
    [2;3mat[0m rch/src/hook/transfer_orchestration.rs:1018 [2;3mon[0m ThreadId(1)

  [2m2026-09-08T09:19:57.310277Z[0m [32m INFO[0m [1;32mrch::transfer[0m[32m: [32mRewriting CARGO_TARGET_DIR for remote execution (worker-scoped path): /Volumes/USB_NVME/cargo-target -> /data/tmp/rch/franken_alignment_wave7-counterexample-effect1_20260908/.rch-target-vmi1149989-pool-a8bb7d958a16c37c85b1fa793413a03e[0m
    [2;3mat[0m rch/src/transfer.rs:1842 [2;3mon[0m ThreadId(1)

  [2m2026-09-08T09:19:57.310318Z[0m [32m INFO[0m [1;32mrch::transfer[0m[32m: [32mWrapping command with external timeout protection, [1;32mkind[0m[32m: cargo test, [1;32mtimeout_secs[0m[32m: 3600[0m
    [2;3mat[0m rch/src/transfer.rs:2669 [2;3mon[0m ThreadId(1)

Warning: Permanently added '212.90.121.76' (ED25519) to the list of known hosts.
warning: unused field `license-file` in `workspace.package`
 --> Cargo.toml:9:1
  |
9 | license-file = "LICENSE"
  | ^^^^^^^^^^^^
  |
  = note: `cargo::unused_workspace_package_fields` is set to `warn` by default
help: consider removing the field `workspace.package.license-file`
warning: workspace (manifest) generated 1 warning
   Compiling fa-reference v0.2.0 (/data/tmp/rch/franken_alignment_wave7-counterexample-effect1_20260908/18d2b94e9aa0ab79/crates/fa-reference)
    Finished `test` profile [unoptimized + debuginfo] target(s) in 5.22s
     Running tests/perimeter_inventory_boundaries.rs (/data/tmp/rch/franken_alignment_wave7-counterexample-effect1_20260908/.rch-target-vmi1149989-pool-a8bb7d958a16c37c85b1fa793413a03e/debug/build/fa-reference/5d26a22a936647e7/out/perimeter_inventory_boundaries-5d26a22a936647e7)

running 1 test

thread 'unknown_effect_and_unexpected_field_each_refuse_a_complete_control_document' (1965104) panicked at crates/fa-reference/tests/perimeter_inventory_boundaries.rs:174:5:
assertion `left == right` failed
  left: Ok(LoadedPerimeterInventory { inventory: PerimeterInventory { records: [EffectFamilyRecord { scope: PerimeterScope { tenant: 41, principal: 42, purpose: 43 }, family: "publication", trust_domains: [Actor, ObservationAndAnalysis, Enforcement, GovernanceAndInvestigation], credentials: [CredentialExposure { credential: "broker-only-publication", holder: Broker }], routes: [RouteRecord { route: "adapter:owned-fixture", threat: Some(DirectCredentialOrEgress), mediation: BrokeredEffects, bypass: Blocked }], residual_nonclaims: ["No endpoint or broker prevention is proved"] }] }, metadata: {RouteKey { scope: PerimeterScope { tenant: 41, principal: 42, purpose: 43 }, family: "publication", route: "adapter:owned-fixture" }: RouteMetadata { effect: NetworkRequest, profile: RouteProfile { id: "reference-profile", generation: 7 }, trust_path: [Actor, Enforcement], threat: DirectCredentialOrEgress, actor_credential: BrokerMediated, residual_nonclaims: ["route-residual-0"] }} })
 right: Err(Schema(InvalidInput))
note: run with `RUST_BACKTRACE=1` environment variable to display a backtrace
test unknown_effect_and_unexpected_field_each_refuse_a_complete_control_document ... FAILED

failures:

failures:
    unknown_effect_and_unexpected_field_each_refuse_a_complete_control_document

test result: FAILED. 0 passed; 1 failed; 0 ignored; 0 measured; 7 filtered out; finished in 0.00s

error: test failed, to rerun pass `-p fa-reference --test perimeter_inventory_boundaries`
  [2m2026-09-08T09:20:03.911499Z[0m [32m INFO[0m [1;32mrch::hook::transfer_orchestration[0m[32m: [32mRemote command finished: exit=101 in 6600ms[0m
    [2;3mat[0m rch/src/hook/transfer_orchestration.rs:1150 [2;3mon[0m ThreadId(1)

[W] Worker: vmi1149989 | Job: j-30004650170124441
[T] Total: 12.6s (sync 6.0s, build 6.6s, artifacts --)
^ Sync: 10.3 MB in 6.0s (1.7 MB/s)
[C] Compile: 6.6s
Artifacts: skipped
[T] Cache: MISS
Warning: Permanently added '212.90.121.76' (ED25519) to the list of known hosts.
[RCH] remote vmi1149989 failed (exit 101)
