  [2m2026-09-08T05:09:18.795691Z[0m [32m INFO[0m [1;32mrch::hook[0m[32m: [32mSelected worker: hz3 at ubuntu@194.140.197.98 (2 slots remaining after reservation, speed 75.1)[0m
    [2;3mat[0m rch/src/hook.rs:2645 [2;3mon[0m ThreadId(1)

[*] Job j-30004650170124327 submitted to hz3 (2 slots remaining, speed 75.1)
  [2m2026-09-08T05:09:18.909755Z[0m [32m INFO[0m [1;32mrch::hook::transfer_orchestration[0m[32m: [32mStarting remote compilation pipeline for franken_alignment_action_final1_20260908 (hash: 8b15764d8739ffc5)[0m
    [2;3mat[0m rch/src/hook/transfer_orchestration.rs:510 [2;3mon[0m ThreadId(1)

  [2m2026-09-08T05:09:18.921016Z[0m [32m INFO[0m [1;32mrch::hook::transfer_orchestration[0m[32m: [32mPrepared dependency sync manifest for 1 roots[0m
    [2;3mat[0m rch/src/hook/transfer_orchestration.rs:532 [2;3mon[0m ThreadId(1)

  [2m2026-09-08T05:09:20.185494Z[0m [32m INFO[0m [1;32mrch::hook::transfer_orchestration[0m[32m: [32mSyncing project to worker hz3...[0m
    [2;3mat[0m rch/src/hook/transfer_orchestration.rs:661 [2;3mon[0m ThreadId(1)

  [2m2026-09-08T05:09:22.747228Z[0m [32m INFO[0m [1;32mrch::transfer[0m[32m: [32mLinked git worktree detected at /Users/jemanuel/projects/franken_alignment_action_final1_20260908 (gitdir: /Users/jemanuel/projects/franken_alignment/.git/worktrees/franken_alignment_action_final1_20260908); excluding dangling '.git' file from upload so the remote build resolves git-free like a normal repo[0m
    [2;3mat[0m rch/src/transfer.rs:2009 [2;3mon[0m ThreadId(1)

  [2m2026-09-08T05:09:22.747270Z[0m [32m INFO[0m [1;32mrch::transfer[0m[32m: [32mSyncing /Users/jemanuel/projects/franken_alignment_action_final1_20260908 -> /data/tmp/rch/franken_alignment_action_final1_20260908/8b15764d8739ffc5 on hz3 (streaming)[0m
    [2;3mat[0m rch/src/transfer.rs:3549 [2;3mon[0m ThreadId(1)

  [2m2026-09-08T05:09:56.891553Z[0m [33m WARN[0m [1;33mrch::transfer[0m[33m: [33msync_to_remote_streaming: retryable error on attempt 1/3: sync_to_remote_streaming: timed out after 34000ms[0m
    [2;3mat[0m rch/src/transfer.rs:5471 [2;3mon[0m ThreadId(1)

  [2m2026-09-08T05:10:02.127516Z[0m [32m INFO[0m [1;32mrch::transfer[0m[32m: [32msync_to_remote_streaming: succeeded on attempt 2/3[0m
    [2;3mat[0m rch/src/transfer.rs:5426 [2;3mon[0m ThreadId(1)

  [2m2026-09-08T05:10:02.139231Z[0m [32m INFO[0m [1;32mrch::hook::transfer_orchestration[0m[32m: [32mSync complete: 42 files, 5482523 bytes in 7219ms[0m
    [2;3mat[0m rch/src/hook/transfer_orchestration.rs:958 [2;3mon[0m ThreadId(1)

  [2m2026-09-08T05:10:02.242037Z[0m [32m INFO[0m [1;32mrch::hook::transfer_orchestration[0m[32m: [32mExecuting command remotely: cargo +nightly-2026-09-07 run --locked -p xtask -- prose-check[0m
    [2;3mat[0m rch/src/hook/transfer_orchestration.rs:1018 [2;3mon[0m ThreadId(1)

  [2m2026-09-08T05:10:02.242227Z[0m [32m INFO[0m [1;32mrch::transfer[0m[32m: [32mRewriting CARGO_TARGET_DIR for remote execution (worker-scoped path): /Volumes/USB_NVME/cargo-target -> /data/tmp/rch/franken_alignment_action_final1_20260908/.rch-target-hz3-pool-9214fe17dc17e342265ca2f526a2f17d[0m
    [2;3mat[0m rch/src/transfer.rs:1842 [2;3mon[0m ThreadId(1)

  [2m2026-09-08T05:10:02.242328Z[0m [32m INFO[0m [1;32mrch::transfer[0m[32m: [32mWrapping command with external timeout protection, [1;32mkind[0m[32m: cargo build, [1;32mtimeout_secs[0m[32m: 3600[0m
    [2;3mat[0m rch/src/transfer.rs:2669 [2;3mon[0m ThreadId(1)

PASS admission_contract: required local source, target, build/runtime review and future external constraints; snapshot identity matched
warning: unused field `license-file` in `workspace.package`
 --> Cargo.toml:9:1
  |
9 | license-file = "LICENSE"
  | ^^^^^^^^^^^^
  |
  = note: `cargo::unused_workspace_package_fields` is set to `warn` by default
help: consider removing the field `workspace.package.license-file`
warning: workspace (manifest) generated 1 warning
    Finished `dev` profile [unoptimized + debuginfo] target(s) in 0.03s
     Running `/data/tmp/rch/franken_alignment_action_final1_20260908/.rch-target-hz3-pool-9214fe17dc17e342265ca2f526a2f17d/debug/xtask prose-check`
SNAPSHOT tool: sha256sum
SNAPSHOT verified files: 135
PASS source_snapshot: 135 reviewed files match the manifest byte for byte, and the discovered set equals the manifest set. Digests come from the operator's SHA-256 tool; no cryptography is implemented here. Not a claim about the hashing binary's authenticity, runtime semantics, or package dependencies.
PROSE input=README.md bytes=55470 sha256=2a01cb4b7aa5bf1cb900c7be1a47db927bb1e45cffbeacaf33ce818594fbfb1a; operator digest and outer freeze, not receipt authentication
PROSE input=IMPLEMENTATION_STATUS.md bytes=26615 sha256=17ddf7eba087ce96f17d11c11cdeafb81fe85eaa82e5bfbdb283223c1356ba3e; operator digest and outer freeze, not receipt authentication
PROSE input=artifacts/execution/2026-09-08-action-receipt.json bytes=6860 sha256=5b4e47f998664a6f5b77f98c99484c1a34c9948e87f55c44d01661b1d9b0efdf; operator digest and outer freeze, not receipt authentication
PROSE input=registry/founding_concordance.json bytes=42815 sha256=cf90c49704448eaaab47e447c15033c94dd66c37c895c74c8b7bce2f135c251d; operator digest and outer freeze, not receipt authentication
PROSE input=registry/invariants.json bytes=56752 sha256=b2f09b25d5633c7686ecf66a8b1998a489211d01c4a0bf179ce23af89b5f3965; operator digest and outer freeze, not receipt authentication
PROSE input=registry/claims.json bytes=15799 sha256=9e729380f01af536b21f116d334977db77e3900e43367c6f19b1522296c61005; operator digest and outer freeze, not receipt authentication
PROSE input=registry/roadmap.json bytes=113014 sha256=1cc56ebd84642cfe91fc0c769c5a28f2a83b87424ba0a3d8acff2d42b7b6f855; operator digest and outer freeze, not receipt authentication
PROSE input=COMPREHENSIVE_PLAN_FOR_THE_DESIGN_OF_FRANKENALIGNMENT.md bytes=251689 sha256=b08ed463dd8d321a5f1a4a65fb839456345788fcc6cb9b8ff3103c7143d64616; operator digest and outer freeze, not receipt authentication
PROSE_JSON {"findings":[],"counts":{"founding_ideas":38,"syntheses":9,"engineering_additions":67,"invariants":40,"hypotheses":21,"packets":143}}
PASS prose_consistency: current declarations match registries and the named retained receipt; not new-source execution proof
  [2m2026-09-08T05:10:04.080444Z[0m [32m INFO[0m [1;32mrch::hook::transfer_orchestration[0m[32m: [32mRemote command finished: exit=0 in 1835ms[0m
    [2;3mat[0m rch/src/hook/transfer_orchestration.rs:1150 [2;3mon[0m ThreadId(1)

  [2m2026-09-08T05:10:04.114910Z[0m [32m INFO[0m [1;32mrch::transfer[0m[32m: [32mRetrieving artifacts from /data/tmp/rch/franken_alignment_action_final1_20260908/.rch-target-hz3-pool-9214fe17dc17e342265ca2f526a2f17d on hz3[0m
    [2;3mat[0m rch/src/transfer.rs:4328 [2;3mon[0m ThreadId(1)

  [2m2026-09-08T05:10:04.721856Z[0m [32m INFO[0m [1;32mrch::transfer[0m[32m: [32mArtifacts retrieved in 606ms (8 files, 642 bytes)[0m
    [2;3mat[0m rch/src/transfer.rs:4383 [2;3mon[0m ThreadId(1)

  [2m2026-09-08T05:10:04.721900Z[0m [32m INFO[0m [1;32mrch::hook::transfer_orchestration[0m[32m: [32mCustom CARGO_TARGET_DIR artifacts retrieved: 8 files, 642 bytes in 606ms[0m
    [2;3mat[0m rch/src/hook/transfer_orchestration.rs:1405 [2;3mon[0m ThreadId(1)

[W] Worker: hz3 | Job: j-30004650170124327
[T] Total: 9.7s (sync 7.2s, build 1.8s, artifacts 606ms)
^ Sync: 5.2 MB in 7.2s (741.7 KB/s)
[C] Compile: 1.8s
v Artifacts: 642 B in 606ms (1.0 KB/s)
[T] Cache: MISS
+-------------- * Build Successful ---------------+
| New personal best! 1.8s (previous: 43.0s)       |
| Duration: 1.8s (v 96% faster vs previous 43.0s) |
| Artifacts: 8 files (642 B)                      |
| Worker: hz3                                     |
| Cache: MISS (warming cache)                     |
| Time: 2026-09-08 05:10:04                       |
+-------------------------------------------------+
[RCH] remote hz3 (46.4s)
[RCH] clean-overlay receipt: base=0f012a0f8d524d1820ab4941a0373b1ff7000336 overlay-fingerprint=ee89db609cd704b90c9d27fcc9d051c8ca603ad4660dcec726a452fc54c37b98
