  [2m2026-09-07T20:58:57.808429Z[0m [32m INFO[0m [1;32mrch::hook[0m[32m: [32mSelected worker: hz4 at ubuntu@194.163.156.231 (6 slots remaining after reservation, speed 76.3)[0m
    [2;3mat[0m rch/src/hook.rs:2645 [2;3mon[0m ThreadId(1)

[*] Job j-30004650170124164 submitted to hz4 (6 slots remaining, speed 76.3)
  [2m2026-09-07T20:58:57.849949Z[0m [32m INFO[0m [1;32mrch::hook::transfer_orchestration[0m[32m: [32mStarting remote compilation pipeline for franken_alignment (hash: 3e9ca05bf2f3af73)[0m
    [2;3mat[0m rch/src/hook/transfer_orchestration.rs:510 [2;3mon[0m ThreadId(1)

  [2m2026-09-07T20:58:57.849982Z[0m [32m INFO[0m [1;32mrch::hook::transfer_orchestration[0m[32m: [32mPrepared dependency sync manifest for 1 roots[0m
    [2;3mat[0m rch/src/hook/transfer_orchestration.rs:532 [2;3mon[0m ThreadId(1)

  [2m2026-09-07T20:59:00.270630Z[0m [32m INFO[0m [1;32mrch::hook::transfer_orchestration[0m[32m: [32mSyncing project to worker hz4...[0m
    [2;3mat[0m rch/src/hook/transfer_orchestration.rs:661 [2;3mon[0m ThreadId(1)

  [2m2026-09-07T20:59:04.476192Z[0m [32m INFO[0m [1;32mrch::transfer[0m[32m: [32mSyncing /Users/jemanuel/projects/franken_alignment -> /data/tmp/rch/franken_alignment/3e9ca05bf2f3af73 on hz4 (streaming)[0m
    [2;3mat[0m rch/src/transfer.rs:3549 [2;3mon[0m ThreadId(1)

  [2m2026-09-07T20:59:06.276501Z[0m [32m INFO[0m [1;32mrch::hook::transfer_orchestration[0m[32m: [32mSync complete: 27 files, 2605823 bytes in 5641ms[0m
    [2;3mat[0m rch/src/hook/transfer_orchestration.rs:958 [2;3mon[0m ThreadId(1)

  [2m2026-09-07T20:59:06.287904Z[0m [32m INFO[0m [1;32mrch::hook::transfer_orchestration[0m[32m: [32mExecuting command remotely: cargo +nightly-2026-09-07 run --locked -p xtask -- check[0m
    [2;3mat[0m rch/src/hook/transfer_orchestration.rs:1018 [2;3mon[0m ThreadId(1)

  [2m2026-09-07T20:59:06.287999Z[0m [32m INFO[0m [1;32mrch::transfer[0m[32m: [32mRewriting CARGO_TARGET_DIR for remote execution (worker-scoped path): /Volumes/USB_NVME/cargo-target -> /data/tmp/rch/franken_alignment/.rch-target-hz4-pool-7426c0154046c0ad0f733de17f13ec93[0m
    [2;3mat[0m rch/src/transfer.rs:1842 [2;3mon[0m ThreadId(1)

  [2m2026-09-07T20:59:06.288034Z[0m [32m INFO[0m [1;32mrch::transfer[0m[32m: [32mWrapping command with external timeout protection, [1;32mkind[0m[32m: cargo build, [1;32mtimeout_secs[0m[32m: 3600[0m
    [2;3mat[0m rch/src/transfer.rs:2669 [2;3mon[0m ThreadId(1)

warning: unused field `license-file` in `workspace.package`
 --> Cargo.toml:9:1
  |
9 | license-file = "LICENSE"
  | ^^^^^^^^^^^^
  |
  = note: `cargo::unused_workspace_package_fields` is set to `warn` by default
help: consider removing the field `workspace.package.license-file`
warning: workspace (manifest) generated 1 warning
   Compiling xtask v0.2.0 (/data/tmp/rch/franken_alignment/3e9ca05bf2f3af73/xtask)
    Finished `dev` profile [unoptimized + debuginfo] target(s) in 0.83s
     Running `/data/tmp/rch/franken_alignment/.rch-target-hz4-pool-7426c0154046c0ad0f733de17f13ec93/debug/xtask check`
PASS reference_lock: exactly fa-reference and xtask; no external packages
PASS source_inventory: required files and crate-level prohibitions present
EXECUTE rustc -Vv
rustc 1.100.0-nightly (5a2be9f5f 2026-09-06)
binary: rustc
commit-hash: 5a2be9f5f075d31e3ca5526b5b029881ce441253
commit-date: 2026-09-06
host: x86_64-unknown-linux-gnu
release: 1.100.0-nightly
LLVM version: 23.1.1
PASS executed_command: rustc -Vv
EXECUTE cargo metadata --format-version 1 --locked --offline --filter-platform aarch64-apple-darwin
ADMISSION target profile: aarch64-apple-darwin
ADMISSION inventory:
  fa-reference 0.2.0 path+file:///data/tmp/rch/franken_alignment/3e9ca05bf2f3af73/crates/fa-reference#0.2.0 at crates/fa-reference/Cargo.toml [workspace local] kinds=bin,lib,test links=none features=none
  xtask 0.2.0 path+file:///data/tmp/rch/franken_alignment/3e9ca05bf2f3af73/xtask#0.2.0 at xtask/Cargo.toml [workspace local] kinds=bin links=none features=none
ADMISSION note: claim is bound to target profile `aarch64-apple-darwin`; cargo metadata does not record which --filter-platform produced it, so the target binding rests on the caller collecting this document with `--filter-platform aarch64-apple-darwin`, not on the document itself
ADMISSION note: metadata establishes identity, structure and feature activation only; it does not establish a runtime or downloaded-artifact closure
PASS admission_closed_inventory[aarch64-apple-darwin]: exact local package set, exact resolve bijection, no external source, build script, proc macro, native link, build or target-scoped dependency, and the frozen feature set. Not a runtime or downloaded-artifact closure claim.
PASS collected_metadata_paths[aarch64-apple-darwin]: actual workspace, manifests and target source files
EXECUTE cargo metadata --format-version 1 --locked --offline --filter-platform x86_64-unknown-linux-gnu
ADMISSION target profile: x86_64-unknown-linux-gnu
ADMISSION inventory:
  fa-reference 0.2.0 path+file:///data/tmp/rch/franken_alignment/3e9ca05bf2f3af73/crates/fa-reference#0.2.0 at crates/fa-reference/Cargo.toml [workspace local] kinds=bin,lib,test links=none features=none
  xtask 0.2.0 path+file:///data/tmp/rch/franken_alignment/3e9ca05bf2f3af73/xtask#0.2.0 at xtask/Cargo.toml [workspace local] kinds=bin links=none features=none
ADMISSION note: claim is bound to target profile `x86_64-unknown-linux-gnu`; cargo metadata does not record which --filter-platform produced it, so the target binding rests on the caller collecting this document with `--filter-platform x86_64-unknown-linux-gnu`, not on the document itself
ADMISSION note: metadata establishes identity, structure and feature activation only; it does not establish a runtime or downloaded-artifact closure
PASS admission_closed_inventory[x86_64-unknown-linux-gnu]: exact local package set, exact resolve bijection, no external source, build script, proc macro, native link, build or target-scoped dependency, and the frozen feature set. Not a runtime or downloaded-artifact closure claim.
PASS collected_metadata_paths[x86_64-unknown-linux-gnu]: actual workspace, manifests and target source files
EXECUTE cargo fmt --all --check
PASS executed_command: cargo fmt --all --check
EXECUTE cargo check --workspace --all-targets --frozen
warning: unused field `license-file` in `workspace.package`
 --> Cargo.toml:9:1
  |
9 | license-file = "LICENSE"
  | ^^^^^^^^^^^^
  |
  = note: `cargo::unused_workspace_package_fields` is set to `warn` by default
help: consider removing the field `workspace.package.license-file`
warning: workspace (manifest) generated 1 warning
    Checking xtask v0.2.0 (/data/tmp/rch/franken_alignment/3e9ca05bf2f3af73/xtask)
    Finished `dev` profile [unoptimized + debuginfo] target(s) in 0.35s
PASS executed_command: cargo check --workspace --all-targets --frozen
EXECUTE cargo clippy --workspace --all-targets --frozen -- -D warnings
warning: unused field `license-file` in `workspace.package`
 --> Cargo.toml:9:1
  |
9 | license-file = "LICENSE"
  | ^^^^^^^^^^^^
  |
  = note: `cargo::unused_workspace_package_fields` is set to `warn` by default
help: consider removing the field `workspace.package.license-file`
warning: workspace (manifest) generated 1 warning
    Checking fa-reference v0.2.0 (/data/tmp/rch/franken_alignment/3e9ca05bf2f3af73/crates/fa-reference)
    Checking xtask v0.2.0 (/data/tmp/rch/franken_alignment/3e9ca05bf2f3af73/xtask)
    Finished `dev` profile [unoptimized + debuginfo] target(s) in 0.41s
PASS executed_command: cargo clippy --workspace --all-targets --frozen -- -D warnings
EXECUTE cargo test --workspace --all-targets --frozen
warning: unused field `license-file` in `workspace.package`
 --> Cargo.toml:9:1
  |
9 | license-file = "LICENSE"
  | ^^^^^^^^^^^^
  |
  = note: `cargo::unused_workspace_package_fields` is set to `warn` by default
help: consider removing the field `workspace.package.license-file`
warning: workspace (manifest) generated 1 warning
   Compiling fa-reference v0.2.0 (/data/tmp/rch/franken_alignment/3e9ca05bf2f3af73/crates/fa-reference)
   Compiling xtask v0.2.0 (/data/tmp/rch/franken_alignment/3e9ca05bf2f3af73/xtask)
    Finished `test` profile [unoptimized + debuginfo] target(s) in 1.38s
     Running unittests src/lib.rs (/data/tmp/rch/franken_alignment/.rch-target-hz4-pool-7426c0154046c0ad0f733de17f13ec93/debug/build/fa-reference/805c210a23edaf0a/out/fa_reference-805c210a23edaf0a)

running 44 tests
test full_input::tests::malformed_partitions_omissions_and_bounds_are_rejected ... ok
test full_input::tests::opaque_witness_binds_the_entire_actual_input_view ... ok
test full_input::tests::question_profile_and_unmentioned_evidence_changes_invalidate ... ok
test full_input::tests::transform_and_omission_changes_invalidate ... ok
test product_frontier::tests::bounds_and_invalid_inputs_fail_without_admitting_a_projection ... ok
test product_frontier::tests::close_rejects_future_observation_and_terminal_close_rejects_extension ... ok
test product_frontier::tests::closing_marker_cannot_cross_projection_epoch_or_generation ... ok
test product_frontier::tests::contiguous_progress_cannot_manufacture_closure ... ok
test product_frontier::tests::marker_requires_authenticated_prefix_and_its_own_observation ... ok
test round::tests::commit_after_reveals_open_is_rejected ... ok
test round::tests::commitment_binds_verdict ... ok
test round::tests::conflicting_reveal_rejected ... ok
test round::tests::invalid_reveal_and_duplicate_commit_do_not_mutate_member_slot ... ok
test round::tests::membership_frozen_after_open ... ok
test round::tests::missing_reveal_is_missing_not_abstain ... ok
test round::tests::the_domain_separator_is_part_of_the_preimage ... ok
test round::tests::valid_reveals_are_recorded_for_the_frozen_members ... ok
test tests::absent_key_detects_insertion ... ok
test tests::cross_reads_defeat_disjoint_writes ... ok
test tests::dominator_and_bypass_are_distinguished ... ok
test tests::effect_binding_and_one_shot_dispatch ... ok
test tests::empty_range_detects_phantom ... ok
test round::tests::maximum_member_and_field_bounds_are_exact_and_reject_without_mutation ... ok
test tests::epoch_and_incompleteness_invalidate ... ok
test tests::evidence_stages_are_distinct ... ok
test tests::frontier_does_not_skip_a_gap ... ok
test tests::frontier_limits_fail_without_mutation ... ok
test tests::graph_limits_and_empty_claims_are_rejected ... ok
test tests::integer_probe_requests_refinement_at_margin ... ok
test tests::invalid_witness_is_not_admitted ... ok
test tests::integer_probe_bound_matches_exhaustive_small_errors ... ok
test tests::reserve_budget_and_duplicate_fail_closed ... ok
test tests::reset_cannot_refund_unknown ... ok
test tests::reset_increments_incident_counter ... ok
test tests::reset_keeps_dispatched_liability ... ok
test tests::reset_keeps_spent_and_epoch ... ok
test tests::reset_overflow_is_before_mutation ... ok
test tests::reset_refunds_only_reserved_outside_keep ... ok
test tests::resolved_non_effect_returns_rights_once ... ok
test tests::resources_and_order_barriers_block_reordering ... ok
test tests::revocation_fences_reserved_not_history ... ok
test tests::rights_unknown_cannot_be_refunded_by_cancel ... ok
test tests::witness_reuses_unrelated_changes ... ok
test tests::exhaustive_four_vertex_cut_and_dominator_consistency ... ok

test result: ok. 44 passed; 0 failed; 0 ignored; 0 measured; 0 filtered out; finished in 0.03s

     Running tests/reference_boundaries.rs (/data/tmp/rch/franken_alignment/.rch-target-hz4-pool-7426c0154046c0ad0f733de17f13ec93/debug/build/fa-reference/798e49afcc947aa4/out/reference_boundaries-798e49afcc947aa4)

running 16 tests
test a_bypass_edge_invalidates_an_earlier_cut_certificate ... ok
test a_commitment_cannot_be_replayed_into_another_round_or_member ... ok
test a_negative_domain_must_be_a_nonempty_half_open_range ... ok
test a_stage_cannot_be_skipped_and_the_window_fails_closed ... ok
test a_terminal_reservation_id_can_never_be_reused ... ok
test a_write_read_conflict_is_detected_in_both_directions ... ok
test commitment_field_framing_prevents_a_boundary_collision ... ok
test an_unknown_outcome_stays_charged_until_it_is_resolved ... ok
test dispatch_binds_every_field_of_the_reserved_effect ... ok
test prefix_coverage_requires_contiguity_not_membership ... ok
test probe_arithmetic_fails_closed_on_every_accumulator ... ok
test probe_boundaries_are_named_explicitly ... ok
test the_incident_counter_moves_only_on_reset ... ok
test independence_is_symmetric_and_refuses_self_reordering_of_effectful_work ... ok
test the_revocation_floor_only_ever_moves_forward ... ok
test probe_certificates_are_sound_and_the_refusal_band_is_no_wider_than_necessary ... ok

test result: ok. 16 passed; 0 failed; 0 ignored; 0 measured; 0 filtered out; finished in 0.00s

     Running unittests src/main.rs (/data/tmp/rch/franken_alignment/.rch-target-hz4-pool-7426c0154046c0ad0f733de17f13ec93/debug/build/xtask/9234c929a0ba3068/out/xtask-9234c929a0ba3068)

running 69 tests
test admission::tests::absent_links_field_is_refused ... ok
test admission::tests::absent_node_features_is_refused_not_read_as_no_features ... ok
test admission::tests::absent_node_deps_is_refused_not_read_as_no_edges ... ok
test admission::tests::absent_resolve_nodes_is_refused ... ok
test admission::tests::absent_target_src_path_is_refused ... ok
test admission::tests::admitted_row_with_no_package_is_refused ... ok
test admission::tests::build_dependency_edge_is_refused_by_build_phase ... ok
test admission::tests::build_script_is_refused_even_though_no_flag_can_reach_it ... ok
test admission::tests::duplicate_resolve_node_is_refused_not_overwritten ... ok
test admission::tests::empty_target_kind_is_refused ... ok
test admission::tests::external_source_is_refused_unconditionally ... ok
test admission::tests::feature_only_injection_is_refused_by_features_phase ... ok
test admission::tests::filtered_metadata_is_admitted_under_the_closed_inventory ... ok
test admission::tests::policy_carrying_any_external_row_is_a_hard_error ... ok
test admission::tests::manifest_declared_dependency_is_refused ... ok
test admission::tests::manifest_outside_workspace_root_is_refused ... ok
test admission::tests::metadata_version_mismatch_is_refused ... ok
test admission::tests::moved_manifest_inside_the_workspace_is_refused ... ok
test admission::tests::name_identity_confusion_is_refused_on_source_not_name ... ok
test admission::tests::policy_with_empty_local_packages_is_a_hard_error ... ok
test admission::tests::native_links_is_refused ... ok
test admission::tests::no_deps_metadata_is_refused_not_treated_as_empty ... ok
test admission::tests::non_string_source_is_refused ... ok
test admission::tests::package_absent_from_resolve_is_refused ... ok
test admission::tests::a_pending_decision_does_not_admit ... ok
test admission::tests::policy_without_target_profiles_is_a_hard_error ... ok
test admission::tests::policy_enabling_build_scripts_is_a_hard_error ... ok
test admission::tests::policy_without_admission_block_is_a_hard_error ... ok
test admission::tests::policy_omitting_a_prohibition_is_a_hard_error ... ok
test admission::tests::policy_with_wrong_schema_is_a_hard_error ... ok
test admission::tests::profile_silent_on_an_admitted_package_is_a_hard_error ... ok
test admission::tests::sibling_prefix_is_not_containment ... ok
test admission::tests::policy_declaring_an_unsupported_metadata_version_is_a_hard_error ... ok
test admission::tests::positive_inventory_is_exact_and_relative ... ok
test admission::tests::row_with_an_empty_owner_is_a_hard_error ... ok
test admission::tests::positive_report_states_its_claim_boundary_and_target ... ok
test admission::tests::row_without_a_decision_is_a_hard_error ... ok
test admission::tests::row_without_an_owner_is_a_hard_error ... ok
test admission::tests::proc_macro_is_refused ... ok
test admission::tests::target_scoped_dependency_is_refused_by_target_phase ... ok
test admission::tests::target_src_path_in_a_sibling_of_the_workspace_is_refused ... ok
test admission::tests::target_src_path_outside_the_workspace_is_refused ... ok
test admission::tests::unknown_target_profile_is_refused ... ok
test admission::tests::workspace_member_without_package_is_refused ... ok
test admission::tests::unlisted_local_package_is_refused ... ok
test admission_negative_tests::duplicate_resolve_node_cannot_overwrite_earlier_evidence ... ok
test admission_negative_tests::external_source_is_unconditionally_refused ... ok
test admission_negative_tests::empty_target_kind_cannot_exempt_build_checks ... ok
test admission_negative_tests::missing_resolve_nodes_is_not_an_empty_graph ... ok
test admission_negative_tests::feature_only_injection_is_compared_against_the_bound_profile ... ok
test admission_negative_tests::missing_node_deps_is_not_no_dependency_edges ... ok
test admission_negative_tests::non_string_source_and_links_cannot_be_filtered_away ... ok
test admission_negative_tests::package_id_without_its_resolve_node_is_refused ... ok
test json_tests::duplicate_key_is_rejected_before_a_value_can_be_overwritten ... ok
test json_tests::malformed_input_is_rejected_at_its_named_boundary ... ok
test json_tests::absolute_recursion_ceiling_survives_an_oversized_caller_limit ... ok
test admission_negative_tests::unknown_target_profile_is_refused_before_metadata_is_claimed ... ok
test admission_negative_tests::workspace_member_without_a_package_is_refused ... ok
test admission_negative_tests::policy_cannot_enable_or_omit_a_constitutional_prohibition ... ok
test json_tests::depth_and_input_limits_refuse_before_unbounded_work ... ok
test json_tests::preserves_unicode_and_exact_number_lexemes ... ok
test json_tests::parses_normalized_real_cargo_metadata_without_losing_structure ... ok
test admission_negative_tests::sibling_path_prefix_is_not_workspace_containment ... ok
test admission_negative_tests::policy_external_row_is_rejected_before_it_can_launder_authority ... ok
test json_tests::parses_the_real_vocabulary_registry_and_its_registered_nouns ... ok
test metadata_path_tests::metadata_paths_accept_real_workspace_manifest_and_target ... ok
test metadata_path_tests::metadata_paths_refuse_missing_target_file ... ok
test metadata_path_tests::metadata_paths_refuse_metadata_from_different_workspace ... ok
test metadata_path_tests::metadata_paths_refuse_target_symlink_escaping_workspace ... ok

test result: ok. 69 passed; 0 failed; 0 ignored; 0 measured; 0 filtered out; finished in 0.01s

PASS executed_command: cargo test --workspace --all-targets --frozen
EXECUTE cargo test --workspace --doc --frozen
warning: unused field `license-file` in `workspace.package`
 --> Cargo.toml:9:1
  |
9 | license-file = "LICENSE"
  | ^^^^^^^^^^^^
  |
  = note: `cargo::unused_workspace_package_fields` is set to `warn` by default
help: consider removing the field `workspace.package.license-file`
warning: workspace (manifest) generated 1 warning
    Finished `test` profile [unoptimized + debuginfo] target(s) in 0.01s
   Doc-tests fa_reference

running 1 test
test crates/fa-reference/src/full_input.rs - full_input::ActualHelperInput (line 87) ... ok

test result: ok. 1 passed; 0 failed; 0 ignored; 0 measured; 0 filtered out; finished in 0.00s


running 1 test
test crates/fa-reference/src/full_input.rs - full_input::ActualHelperInput (line 108) - compile fail ... ok

test result: ok. 1 passed; 0 failed; 0 ignored; 0 measured; 0 filtered out; finished in 0.03s

all doctests ran in 0.22s; merged doctests compilation took 0.18s
PASS executed_command: cargo test --workspace --doc --frozen
PASS local_reference_gate; not a production-readiness or signed-release claim
  [2m2026-09-07T20:59:11.224868Z[0m [32m INFO[0m [1;32mrch::hook::transfer_orchestration[0m[32m: [32mRemote command finished: exit=0 in 4936ms[0m
    [2;3mat[0m rch/src/hook/transfer_orchestration.rs:1150 [2;3mon[0m ThreadId(1)

  [2m2026-09-07T20:59:11.235167Z[0m [32m INFO[0m [1;32mrch::transfer[0m[32m: [32mRetrieving artifacts from /data/tmp/rch/franken_alignment/.rch-target-hz4-pool-7426c0154046c0ad0f733de17f13ec93 on hz4[0m
    [2;3mat[0m rch/src/transfer.rs:4328 [2;3mon[0m ThreadId(1)

  [2m2026-09-07T20:59:13.550615Z[0m [32m INFO[0m [1;32mrch::transfer[0m[32m: [32mArtifacts retrieved in 2315ms (9 files, 14606 bytes)[0m
    [2;3mat[0m rch/src/transfer.rs:4383 [2;3mon[0m ThreadId(1)

  [2m2026-09-07T20:59:13.550866Z[0m [32m INFO[0m [1;32mrch::hook::transfer_orchestration[0m[32m: [32mCustom CARGO_TARGET_DIR artifacts retrieved: 9 files, 14606 bytes in 2315ms[0m
    [2;3mat[0m rch/src/hook/transfer_orchestration.rs:1405 [2;3mon[0m ThreadId(1)

[W] Worker: hz4 | Job: j-30004650170124164
[T] Total: 12.9s (sync 5.6s, build 4.9s, artifacts 2.3s)
^ Sync: 2.5 MB in 5.6s (451.1 KB/s)
[C] Compile: 4.9s
v Artifacts: 14.3 KB in 2.3s (6.2 KB/s)
[T] Cache: MISS
+------------- [OK] Build Successful -------------+
| Duration: 4.9s (v 66% faster vs previous 14.4s) |
| Artifacts: 9 files (14.3 KB)                    |
| Worker: hz4                                     |
| Cache: MISS (warming cache)                     |
| Time: 2026-09-07 20:59:13                       |
+-------------------------------------------------+
[RCH] remote hz4 (16.9s)
[RCH] clean-overlay receipt: base=096edc6440898465aac1aef46d17187154159f51 overlay-fingerprint=a98b1968c071f924b8d637616497ac62acfd7d26bb2cec200070699529564611
