  [2m2026-09-08T07:10:40.891321Z[0m [32m INFO[0m [1;32mrch::hook[0m[32m: [32mSelected worker: vmi1227854 at root@109.123.245.77 (4 slots remaining after reservation, speed 71.7)[0m
    [2;3mat[0m rch/src/hook.rs:2645 [2;3mon[0m ThreadId(1)

[*] Job j-30004650170124376 submitted to vmi1227854 (4 slots remaining, speed 71.7)
  [2m2026-09-08T07:10:40.990552Z[0m [32m INFO[0m [1;32mrch::hook::transfer_orchestration[0m[32m: [32mStarting remote compilation pipeline for franken_alignment_wave4_gate2_20260908 (hash: 1e5ca9225ce6adfb)[0m
    [2;3mat[0m rch/src/hook/transfer_orchestration.rs:510 [2;3mon[0m ThreadId(1)

  [2m2026-09-08T07:10:40.990586Z[0m [32m INFO[0m [1;32mrch::hook::transfer_orchestration[0m[32m: [32mPrepared dependency sync manifest for 1 roots[0m
    [2;3mat[0m rch/src/hook/transfer_orchestration.rs:532 [2;3mon[0m ThreadId(1)

  [2m2026-09-08T07:10:42.251093Z[0m [32m INFO[0m [1;32mrch::hook::transfer_orchestration[0m[32m: [32mSyncing project to worker vmi1227854...[0m
    [2;3mat[0m rch/src/hook/transfer_orchestration.rs:661 [2;3mon[0m ThreadId(1)

  [2m2026-09-08T07:10:42.251353Z[0m [32m INFO[0m [1;32mrch::transfer[0m[32m: [32mLinked git worktree detected at /Users/jemanuel/projects/franken_alignment_wave4_gate2_20260908 (gitdir: /Users/jemanuel/projects/franken_alignment/.git/worktrees/franken_alignment_wave4_gate2_20260908); excluding dangling '.git' file from upload so the remote build resolves git-free like a normal repo[0m
    [2;3mat[0m rch/src/transfer.rs:2009 [2;3mon[0m ThreadId(1)

  [2m2026-09-08T07:10:42.251369Z[0m [32m INFO[0m [1;32mrch::transfer[0m[32m: [32mSyncing /Users/jemanuel/projects/franken_alignment_wave4_gate2_20260908 -> /Users/jemanuel/projects/franken_alignment_wave4_gate2_20260908 on vmi1227854 (streaming)[0m
    [2;3mat[0m rch/src/transfer.rs:3549 [2;3mon[0m ThreadId(1)

  [2m2026-09-08T07:10:43.983878Z[0m [32m INFO[0m [1;32mrch::hook::transfer_orchestration[0m[32m: [32mSync complete: 475 files, 17758 bytes in 1704ms[0m
    [2;3mat[0m rch/src/hook/transfer_orchestration.rs:958 [2;3mon[0m ThreadId(1)

  [2m2026-09-08T07:10:44.006792Z[0m [32m INFO[0m [1;32mrch::hook::transfer_orchestration[0m[32m: [32mExecuting command remotely: heaptrack --record-only -o /tmp/fa-campaign-20260908-heap/baseline /Users/jemanuel/projects/franken_alignment_wave4_gate2_20260908/.rch-target/release/build/fa-reference/e669633187e11169/out/profile_costs-e669633187e11169 --exact xixed_reference_profile_costs_are_descriptive_and_assert_all_outcomes --nocapture '--test-threads=1'[0m
    [2;3mat[0m rch/src/hook/transfer_orchestration.rs:1018 [2;3mon[0m ThreadId(1)

  [2m2026-09-08T07:10:44.006911Z[0m [32m INFO[0m [1;32mrch::transfer[0m[32m: [32mWrapping command with external timeout protection, [1;32mkind[0m[32m: job, [1;32mtimeout_secs[0m[32m: 3600[0m
    [2;3mat[0m rch/src/transfer.rs:2669 [2;3mon[0m ThreadId(1)

Warning: Permanently added '109.123.245.77' (ED25519) to the list of known hosts.
heaptrack output will be written to "/tmp/fa-campaign-20260908-heap/baseline.zst"
starting application, this might take some time...

running 0 tests

test result: ok. 0 passed; 0 failed; 0 ignored; 0 measured; 1 filtered out; finished in 0.00s

NOTE: heaptrack detected DEBUGINFOD_URLS but will disable it to prevent 
unintended network delays during recording
If you really want to use DEBUGINFOD, export HEAPTRACK_ENABLE_DEBUGINFOD=1
heaptrack stats:
	allocations:          	185
	leaked allocations:   	2
	temporary allocations:	39
Heaptrack finished! Now run the following to investigate the data:

  heaptrack --analyze "/tmp/fa-campaign-20260908-heap/baseline.zst"
  [2m2026-09-08T07:10:45.493064Z[0m [32m INFO[0m [1;32mrch::hook::transfer_orchestration[0m[32m: [32mRemote command finished: exit=0 in 1484ms[0m
    [2;3mat[0m rch/src/hook/transfer_orchestration.rs:1150 [2;3mon[0m ThreadId(1)

[W] Worker: vmi1227854 | Job: j-30004650170124376
[T] Total: 3.2s (sync 1.7s, build 1.5s, artifacts --)
^ Sync: 17.3 KB in 1.7s (10.2 KB/s)
[C] Compile: 1.5s
Artifacts: skipped
[T] Cache: MISS
+-------------- * Build Successful --------------+
| New personal best! 1.5s (previous: 1.9s)       |
| Duration: 1.5s (v 22% faster vs previous 1.9s) |
| Worker: vmi1227854                             |
| Cache: MISS (warming cache)                    |
| Time: 2026-09-08 07:10:45                      |
+------------------------------------------------+
[RCH] remote vmi1227854 (4.7s)
