  [2m2026-09-07T21:33:41.029961Z[0m [32m INFO[0m [1;32mrch::hook[0m[32m: [32mSelected worker: hz4 at ubuntu@194.163.156.231 (6 slots remaining after reservation, speed 76.3)[0m
    [2;3mat[0m rch/src/hook.rs:2645 [2;3mon[0m ThreadId(1)

[*] Job j-30004650170124182 submitted to hz4 (6 slots remaining, speed 76.3)
  [2m2026-09-07T21:33:41.111348Z[0m [32m INFO[0m [1;32mrch::hook::transfer_orchestration[0m[32m: [32mStarting remote compilation pipeline for franken_alignment (hash: 9cc0deb33883b291)[0m
    [2;3mat[0m rch/src/hook/transfer_orchestration.rs:510 [2;3mon[0m ThreadId(1)

  [2m2026-09-07T21:33:41.111405Z[0m [32m INFO[0m [1;32mrch::hook::transfer_orchestration[0m[32m: [32mPrepared dependency sync manifest for 1 roots[0m
    [2;3mat[0m rch/src/hook/transfer_orchestration.rs:532 [2;3mon[0m ThreadId(1)

  [2m2026-09-07T21:33:43.613132Z[0m [32m INFO[0m [1;32mrch::hook::transfer_orchestration[0m[32m: [32mSyncing project to worker hz4...[0m
    [2;3mat[0m rch/src/hook/transfer_orchestration.rs:661 [2;3mon[0m ThreadId(1)

  [2m2026-09-07T21:33:47.479044Z[0m [32m INFO[0m [1;32mrch::transfer[0m[32m: [32mSyncing /Users/jemanuel/projects/franken_alignment -> /data/tmp/rch/franken_alignment/9cc0deb33883b291 on hz4 (streaming)[0m
    [2;3mat[0m rch/src/transfer.rs:3549 [2;3mon[0m ThreadId(1)

  [2m2026-09-07T21:33:49.335880Z[0m [32m INFO[0m [1;32mrch::hook::transfer_orchestration[0m[32m: [32mSync complete: 16 files, 2919439 bytes in 5505ms[0m
    [2;3mat[0m rch/src/hook/transfer_orchestration.rs:958 [2;3mon[0m ThreadId(1)

  [2m2026-09-07T21:33:49.352612Z[0m [32m INFO[0m [1;32mrch::hook::transfer_orchestration[0m[32m: [32mExecuting command remotely: cargo +nightly-2026-09-07 run --locked -p xtask -- check[0m
    [2;3mat[0m rch/src/hook/transfer_orchestration.rs:1018 [2;3mon[0m ThreadId(1)

  [2m2026-09-07T21:33:49.352678Z[0m [32m INFO[0m [1;32mrch::transfer[0m[32m: [32mRewriting CARGO_TARGET_DIR for remote execution (worker-scoped path): /Volumes/USB_NVME/cargo-target -> /data/tmp/rch/franken_alignment/.rch-target-hz4-pool-7426c0154046c0ad0f733de17f13ec93[0m
    [2;3mat[0m rch/src/transfer.rs:1842 [2;3mon[0m ThreadId(1)

  [2m2026-09-07T21:33:49.353100Z[0m [32m INFO[0m [1;32mrch::transfer[0m[32m: [32mWrapping command with external timeout protection, [1;32mkind[0m[32m: cargo build, [1;32mtimeout_secs[0m[32m: 3600[0m
    [2;3mat[0m rch/src/transfer.rs:2669 [2;3mon[0m ThreadId(1)

warning: unused field `license-file` in `workspace.package`
 --> Cargo.toml:9:1
  |
9 | license-file = "LICENSE"
  | ^^^^^^^^^^^^
  |
  = note: `cargo::unused_workspace_package_fields` is set to `warn` by default
help: consider removing the field `workspace.package.license-file`
warning: workspace (manifest) generated 1 warning
   Compiling xtask v0.2.0 (/data/tmp/rch/franken_alignment/9cc0deb33883b291/xtask)
warning: unused variable: `claim_ids`
   --> xtask/src/registry_checks.rs:203:9
    |
203 |     let claim_ids = ids(claim_rows.as_deref(), CLAIMS, "H", &mut findings);
    |         ^^^^^^^^^ help: if this is intentional, prefix it with an underscore: `_claim_ids`
    |
    = note: `#[warn(unused_variables)]` (part of `#[warn(unused)]`) on by default

warning: `xtask` (bin "xtask") generated 1 warning (run `cargo fix --bin "xtask" -p xtask` to apply 1 suggestion)
    Finished `dev` profile [unoptimized + debuginfo] target(s) in 1.02s
     Running `/data/tmp/rch/franken_alignment/.rch-target-hz4-pool-7426c0154046c0ad0f733de17f13ec93/debug/xtask check`
PASS reference_lock: exactly fa-reference and xtask; no external packages
PASS source_inventory: required files and crate-level prohibitions present
EXECUTE rustc -Vv
rustc 1.100.0-nightly (5a2be9f5f 2026-09-06)
binary: rustc
commit-hash: 5a2be9f5f075d31e3ca5526b5b029881ce441253
commit-date: 2026-09-06
host: x86_64-unknown-linux-gnu
release: 1.100.0-nightly
LLVM version: 23.1.1
PASS qualified_rustc_identity: 5a2be9f5f075d31e3ca5526b5b029881ce441253 on x86_64-unknown-linux-gnu; compiler-reported identity only
EXECUTE cargo metadata --format-version 1 --locked --offline --filter-platform aarch64-apple-darwin
ADMISSION target profile: aarch64-apple-darwin
ADMISSION inventory:
  fa-reference 0.2.0 path+file:///data/tmp/rch/franken_alignment/9cc0deb33883b291/crates/fa-reference#0.2.0 at crates/fa-reference/Cargo.toml [workspace local] kinds=bin,lib,test links=none features=none
  xtask 0.2.0 path+file:///data/tmp/rch/franken_alignment/9cc0deb33883b291/xtask#0.2.0 at xtask/Cargo.toml [workspace local] kinds=bin links=none features=none
ADMISSION note: claim is bound to target profile `aarch64-apple-darwin`; cargo metadata does not record which --filter-platform produced it, so the target binding rests on the caller collecting this document with `--filter-platform aarch64-apple-darwin`, not on the document itself
ADMISSION note: metadata establishes identity, structure and feature activation only; it does not establish a runtime or downloaded-artifact closure
PASS admission_closed_inventory[aarch64-apple-darwin]: exact local package set, exact resolve bijection, no external source, build script, proc macro, native link, build or target-scoped dependency, and the frozen feature set. Not a runtime or downloaded-artifact closure claim.
PASS collected_metadata_paths[aarch64-apple-darwin]: actual workspace, manifests and target source files
EXECUTE cargo metadata --format-version 1 --locked --offline --filter-platform x86_64-unknown-linux-gnu
ADMISSION target profile: x86_64-unknown-linux-gnu
ADMISSION inventory:
  fa-reference 0.2.0 path+file:///data/tmp/rch/franken_alignment/9cc0deb33883b291/crates/fa-reference#0.2.0 at crates/fa-reference/Cargo.toml [workspace local] kinds=bin,lib,test links=none features=none
  xtask 0.2.0 path+file:///data/tmp/rch/franken_alignment/9cc0deb33883b291/xtask#0.2.0 at xtask/Cargo.toml [workspace local] kinds=bin links=none features=none
ADMISSION note: claim is bound to target profile `x86_64-unknown-linux-gnu`; cargo metadata does not record which --filter-platform produced it, so the target binding rests on the caller collecting this document with `--filter-platform x86_64-unknown-linux-gnu`, not on the document itself
ADMISSION note: metadata establishes identity, structure and feature activation only; it does not establish a runtime or downloaded-artifact closure
PASS admission_closed_inventory[x86_64-unknown-linux-gnu]: exact local package set, exact resolve bijection, no external source, build script, proc macro, native link, build or target-scoped dependency, and the frozen feature set. Not a runtime or downloaded-artifact closure claim.
PASS collected_metadata_paths[x86_64-unknown-linux-gnu]: actual workspace, manifests and target source files
PASS registry_core: IDs, roadmap DAG, declared links, retained files and scoped source test declarations; not execution or invariant proof
EXECUTE cargo fmt --all --check
PASS executed_command: cargo fmt --all --check
EXECUTE cargo check --workspace --all-targets --frozen
warning: unused field `license-file` in `workspace.package`
 --> Cargo.toml:9:1
  |
9 | license-file = "LICENSE"
  | ^^^^^^^^^^^^
  |
  = note: `cargo::unused_workspace_package_fields` is set to `warn` by default
help: consider removing the field `workspace.package.license-file`
warning: workspace (manifest) generated 1 warning
    Checking fa-reference v0.2.0 (/data/tmp/rch/franken_alignment/9cc0deb33883b291/crates/fa-reference)
    Checking xtask v0.2.0 (/data/tmp/rch/franken_alignment/9cc0deb33883b291/xtask)
warning: unused variable: `claim_ids`
   --> xtask/src/registry_checks.rs:203:9
    |
203 |     let claim_ids = ids(claim_rows.as_deref(), CLAIMS, "H", &mut findings);
    |         ^^^^^^^^^ help: if this is intentional, prefix it with an underscore: `_claim_ids`
    |
    = note: `#[warn(unused_variables)]` (part of `#[warn(unused)]`) on by default

warning: `xtask` (bin "xtask") generated 1 warning (run `cargo fix --bin "xtask" -p xtask` to apply 1 suggestion)
warning: `xtask` (bin "xtask" test) generated 1 warning (1 duplicate)
    Finished `dev` profile [unoptimized + debuginfo] target(s) in 0.54s
PASS executed_command: cargo check --workspace --all-targets --frozen
EXECUTE cargo clippy --workspace --all-targets --frozen -- -D warnings
warning: unused field `license-file` in `workspace.package`
 --> Cargo.toml:9:1
  |
9 | license-file = "LICENSE"
  | ^^^^^^^^^^^^
  |
  = note: `cargo::unused_workspace_package_fields` is set to `warn` by default
help: consider removing the field `workspace.package.license-file`
warning: workspace (manifest) generated 1 warning
    Checking fa-reference v0.2.0 (/data/tmp/rch/franken_alignment/9cc0deb33883b291/crates/fa-reference)
    Checking xtask v0.2.0 (/data/tmp/rch/franken_alignment/9cc0deb33883b291/xtask)
error: unused variable: `claim_ids`
   --> xtask/src/registry_checks.rs:203:9
    |
203 |     let claim_ids = ids(claim_rows.as_deref(), CLAIMS, "H", &mut findings);
    |         ^^^^^^^^^ help: if this is intentional, prefix it with an underscore: `_claim_ids`
    |
    = note: `-D unused-variables` implied by `-D warnings`
    = help: to override `-D warnings` add `#[allow(unused_variables)]`

error: derefed type is same as origin
   --> xtask/src/registry_checks.rs:197:9
    |
197 |         invariant_rows.as_deref(),
    |         ^^^^^^^^^^^^^^^^^^^^^^^^^ help: try: `invariant_rows`
    |
    = help: for further information visit https://rust-lang.github.io/rust-clippy/main/index.html#needless_option_as_deref
    = note: `-D clippy::needless-option-as-deref` implied by `-D warnings`
    = help: to override `-D warnings` add `#[allow(clippy::needless_option_as_deref)]`

error: derefed type is same as origin
   --> xtask/src/registry_checks.rs:202:27
    |
202 |     let roadmap_ids = ids(roadmap_rows.as_deref(), ROADMAP, "FA-", &mut findings);
    |                           ^^^^^^^^^^^^^^^^^^^^^^^ help: try: `roadmap_rows`
    |
    = help: for further information visit https://rust-lang.github.io/rust-clippy/main/index.html#needless_option_as_deref

error: derefed type is same as origin
   --> xtask/src/registry_checks.rs:203:25
    |
203 |     let claim_ids = ids(claim_rows.as_deref(), CLAIMS, "H", &mut findings);
    |                         ^^^^^^^^^^^^^^^^^^^^^ help: try: `claim_rows`
    |
    = help: for further information visit https://rust-lang.github.io/rust-clippy/main/index.html#needless_option_as_deref

error: derefed type is same as origin
   --> xtask/src/registry_checks.rs:204:26
    |
204 |     let source_ids = ids(source_rows.as_deref(), SOURCES, "SOURCE", &mut findings);
    |                          ^^^^^^^^^^^^^^^^^^^^^^ help: try: `source_rows`
    |
    = help: for further information visit https://rust-lang.github.io/rust-clippy/main/index.html#needless_option_as_deref

error: derefed type is same as origin
   --> xtask/src/registry_checks.rs:206:9
    |
206 |         founding_rows.as_deref(),
    |         ^^^^^^^^^^^^^^^^^^^^^^^^ help: try: `founding_rows`
    |
    = help: for further information visit https://rust-lang.github.io/rust-clippy/main/index.html#needless_option_as_deref

error: derefed type is same as origin
   --> xtask/src/registry_checks.rs:212:25
    |
212 |     if let Some(rows) = roadmap_rows.as_deref() {
    |                         ^^^^^^^^^^^^^^^^^^^^^^^ help: try: `roadmap_rows`
    |
    = help: for further information visit https://rust-lang.github.io/rust-clippy/main/index.html#needless_option_as_deref

error: derefed type is same as origin
   --> xtask/src/registry_checks.rs:216:25
    |
216 |     if let Some(rows) = invariant_rows.as_deref() {
    |                         ^^^^^^^^^^^^^^^^^^^^^^^^^ help: try: `invariant_rows`
    |
    = help: for further information visit https://rust-lang.github.io/rust-clippy/main/index.html#needless_option_as_deref

error: derefed type is same as origin
   --> xtask/src/registry_checks.rs:228:25
    |
228 |     if let Some(rows) = claim_rows.as_deref() {
    |                         ^^^^^^^^^^^^^^^^^^^^^ help: try: `claim_rows`
    |
    = help: for further information visit https://rust-lang.github.io/rust-clippy/main/index.html#needless_option_as_deref

error: derefed type is same as origin
   --> xtask/src/registry_checks.rs:248:25
    |
248 |     if let Some(rows) = founding_rows.as_deref() {
    |                         ^^^^^^^^^^^^^^^^^^^^^^^^ help: try: `founding_rows`
    |
    = help: for further information visit https://rust-lang.github.io/rust-clippy/main/index.html#needless_option_as_deref

error: this `if` can be collapsed into the outer `match`
   --> xtask/src/registry_checks.rs:881:17
    |
881 | /                 if scopes.pop().is_none() {
882 | |                     return false;
883 | |                 }
    | |_________________^
    |
    = help: for further information visit https://rust-lang.github.io/rust-clippy/main/index.html#collapsible_match
    = note: `-D clippy::collapsible-match` implied by `-D warnings`
    = help: to override `-D warnings` add `#[allow(clippy::collapsible_match)]`
help: collapse nested if block
    |
880 ~             RustToken::Punctuation('}')
881 ~                 if scopes.pop().is_none() => {
882 |                     return false;
883 ~                 }
    |

error: could not compile `xtask` (bin "xtask") due to 11 previous errors
warning: build failed, waiting for other jobs to finish...
error: could not compile `xtask` (bin "xtask" test) due to 11 previous errors
FAIL: cargo clippy --workspace --all-targets --frozen -- -D warnings failed: exit status: 101
  [2m2026-09-07T21:33:53.305438Z[0m [32m INFO[0m [1;32mrch::hook::transfer_orchestration[0m[32m: [32mRemote command finished: exit=1 in 3950ms[0m
    [2;3mat[0m rch/src/hook/transfer_orchestration.rs:1150 [2;3mon[0m ThreadId(1)

[W] Worker: hz4 | Job: j-30004650170124182
[T] Total: 9.5s (sync 5.5s, build 4.0s, artifacts --)
^ Sync: 2.8 MB in 5.5s (517.9 KB/s)
[C] Compile: 4.0s
Artifacts: skipped
[T] Cache: MISS
[RCH] remote hz4 failed (exit 1)
