  [2m2026-09-08T09:17:32.027243Z[0m [32m INFO[0m [1;32mrch::hook[0m[32m: [32mSelected worker: vmi1149989 at root@212.90.121.76 (0 slots remaining after reservation, speed 71.9)[0m
    [2;3mat[0m rch/src/hook.rs:2645 [2;3mon[0m ThreadId(1)

[*] Job j-30004650170124438 submitted to vmi1149989 (0 slots remaining, speed 71.9)
  [2m2026-09-08T09:17:32.062142Z[0m [32m INFO[0m [1;32mrch::hook::transfer_orchestration[0m[32m: [32mStarting remote compilation pipeline for franken_alignment_wave7_gate8_20260908 (hash: 362ed1bba44689f5)[0m
    [2;3mat[0m rch/src/hook/transfer_orchestration.rs:510 [2;3mon[0m ThreadId(1)

  [2m2026-09-08T09:17:32.062176Z[0m [32m INFO[0m [1;32mrch::hook::transfer_orchestration[0m[32m: [32mPrepared dependency sync manifest for 1 roots[0m
    [2;3mat[0m rch/src/hook/transfer_orchestration.rs:532 [2;3mon[0m ThreadId(1)

  [2m2026-09-08T09:17:34.254380Z[0m [32m INFO[0m [1;32mrch::hook::transfer_orchestration[0m[32m: [32mSyncing project to worker vmi1149989...[0m
    [2;3mat[0m rch/src/hook/transfer_orchestration.rs:661 [2;3mon[0m ThreadId(1)

  [2m2026-09-08T09:17:38.690622Z[0m [32m INFO[0m [1;32mrch::transfer[0m[32m: [32mLinked git worktree detected at /Users/jemanuel/projects/franken_alignment_wave7_gate8_20260908 (gitdir: /Users/jemanuel/projects/franken_alignment/.git/worktrees/franken_alignment_wave7_gate8_20260908); excluding dangling '.git' file from upload so the remote build resolves git-free like a normal repo[0m
    [2;3mat[0m rch/src/transfer.rs:2009 [2;3mon[0m ThreadId(1)

  [2m2026-09-08T09:17:38.690879Z[0m [32m INFO[0m [1;32mrch::transfer[0m[32m: [32mSyncing /Users/jemanuel/projects/franken_alignment_wave7_gate8_20260908 -> /data/tmp/rch/franken_alignment_wave7_gate8_20260908/362ed1bba44689f5 on vmi1149989 (streaming)[0m
    [2;3mat[0m rch/src/transfer.rs:3549 [2;3mon[0m ThreadId(1)

  [2m2026-09-08T09:17:40.538868Z[0m [32m INFO[0m [1;32mrch::hook::transfer_orchestration[0m[32m: [32mSync complete: 20 files, 10792292 bytes in 5974ms[0m
    [2;3mat[0m rch/src/hook/transfer_orchestration.rs:958 [2;3mon[0m ThreadId(1)

  [2m2026-09-08T09:17:40.549215Z[0m [32m INFO[0m [1;32mrch::hook::transfer_orchestration[0m[32m: [32mExecuting command remotely: cargo +nightly-2026-09-08 test --release --locked -p fa-reference --test observation_algebra_costs --test perimeter_inventory_costs -- --nocapture '--test-threads=1'[0m
    [2;3mat[0m rch/src/hook/transfer_orchestration.rs:1018 [2;3mon[0m ThreadId(1)

  [2m2026-09-08T09:17:40.549283Z[0m [32m INFO[0m [1;32mrch::transfer[0m[32m: [32mRewriting CARGO_TARGET_DIR for remote execution (worker-scoped path): /Volumes/USB_NVME/cargo-target -> /data/tmp/rch/franken_alignment_wave7_gate8_20260908/.rch-target-vmi1149989-pool-e1d4861595f99baab713f640b9294c2d[0m
    [2;3mat[0m rch/src/transfer.rs:1842 [2;3mon[0m ThreadId(1)

  [2m2026-09-08T09:17:40.549312Z[0m [32m INFO[0m [1;32mrch::transfer[0m[32m: [32mWrapping command with external timeout protection, [1;32mkind[0m[32m: cargo test, [1;32mtimeout_secs[0m[32m: 3600[0m
    [2;3mat[0m rch/src/transfer.rs:2669 [2;3mon[0m ThreadId(1)

Warning: Permanently added '212.90.121.76' (ED25519) to the list of known hosts.
warning: unused field `license-file` in `workspace.package`
 --> Cargo.toml:9:1
  |
9 | license-file = "LICENSE"
  | ^^^^^^^^^^^^
  |
  = note: `cargo::unused_workspace_package_fields` is set to `warn` by default
help: consider removing the field `workspace.package.license-file`
warning: workspace (manifest) generated 1 warning
   Compiling fa-reference v0.2.0 (/data/tmp/rch/franken_alignment_wave7_gate8_20260908/362ed1bba44689f5/crates/fa-reference)
    Finished `release` profile [optimized] target(s) in 12.74s
     Running tests/observation_algebra_costs.rs (/data/tmp/rch/franken_alignment_wave7_gate8_20260908/.rch-target-vmi1149989-pool-e1d4861595f99baab713f640b9294c2d/release/build/fa-reference/914d9b75c0aa30ef/out/observation_algebra_costs-914d9b75c0aa30ef)

running 4 tests
test changed_profile_or_generation_refuses_without_consuming_the_control_transfer ... FA068_OBSERVATION_ALGEBRA case=changed_profile_refusal samples=1 successes=0 refusals=1 observed_errors=1 elapsed_ns=171 timing_scope=authorize_projection_only_same_fixture_valid_control_and_negative_context_setup_and_assertions_excluded memory_measurement=unavailable_reference_profile no_claim=policy_or_runtime_execution
FA068_OBSERVATION_ALGEBRA case=changed_generation_refusal samples=1 successes=0 refusals=1 observed_errors=1 elapsed_ns=180 timing_scope=decode_only_same_fixture_valid_control_and_negative_law_context_setup_and_assertions_excluded memory_measurement=unavailable_reference_profile no_claim=decoder_or_runtime_execution
ok
test first_tap_is_selectable_for_fresh_process_measurement ... FA068_OBSERVATION_ALGEBRA case=first_tap samples=1 successes=1 refusals=0 observed_errors=0 logical_retained_bytes=9 elapsed_ns=501 timing_scope=fresh_process_exact_release_invocation_only_tap_only_input_context_setup_and_output_assertions_excluded_no_tap_preflight memory_measurement=unavailable_reference_profile no_claim=os_page_cache_cpu_cold_capture_or_runtime_execution
ok
test fixed_public_operator_chain_costs_retain_exact_obligations_and_bytes ... FA068_OBSERVATION_ALGEBRA case=tap_projection_prefix_verify_decode_probe_join samples=4 successes=4 refusals=0 observed_errors=0 logical_retained_bytes=70 elapsed_ns_min=3756 elapsed_ns_median=4662 elapsed_ns_max=29525 elapsed_ns_total=42605 timing_scope=public_operator_chain_only_input_frontier_context_law_setup_and_output_assertions_excluded memory_measurement=unavailable_reference_profile no_claim=capture_verification_decode_helper_or_runtime_execution
ok
test near_decode_limit_and_failed_closed_scope_keep_exact_outcomes_and_obligations ... FA068_OBSERVATION_ALGEBRA case=near_decoded_byte_limit samples=1 successes=1 refusals=0 observed_errors=0 logical_retained_bytes=65545 elapsed_ns=27161 timing_scope=decode_only_verified_input_encoded_object_law_context_setup_and_output_assertions_excluded memory_measurement=unavailable_reference_profile no_claim=decoder_or_runtime_execution
FA068_OBSERVATION_ALGEBRA case=unsatisfied_closed_scope samples=1 known=0 pending=1 observed_errors=0 elapsed_ns=1132 timing_scope=await_closed_scope_only_snapshot_frontier_requirement_context_setup_and_output_assertions_excluded memory_measurement=unavailable_reference_profile no_claim=closure_cost_or_runtime_execution
ok

test result: ok. 4 passed; 0 failed; 0 ignored; 0 measured; 0 filtered out; finished in 0.00s


running 2 tests
     Running tests/perimeter_inventory_costs.rs (/data/tmp/rch/franken_alignment_wave7_gate8_20260908/.rch-target-vmi1149989-pool-e1d4861595f99baab713f640b9294c2d/release/build/fa-reference/e8429951886640a5/out/perimeter_inventory_costs-e8429951886640a5)
test first_regular_file_load_is_selectable_for_fresh_process_measurement ... FA002_PERIMETER_INVENTORY_FILE_LOAD case=first_regular_file_load samples=1 successes=1 refusals=0 observed_errors=0 logical_input_bytes=783 elapsed_ns=396817 timing_scope=fresh_process_exact_release_invocation_only_owned_regular_file_open_bounded_read_strict_parse_inventory_validation_only_lookup_assertions_drop_excluded_no_loader_preflight memory_measurement=unavailable_reference_profile no_claim=os_page_cache_cpu_cold_endpoint_or_broker
ok
test fixed_regular_file_inventory_load_costs_assert_lookup_churn_failures_and_bounds ... FA002_PERIMETER_INVENTORY_FILE_LOAD case=baseline_brokered_lookup samples=4 successes=4 refusals=0 observed_errors=0 logical_input_bytes=783 elapsed_ns_min=66510 elapsed_ns_median=73195 elapsed_ns_max=84757 elapsed_ns_total=297658 timing_scope=owned_regular_file_open_bounded_read_strict_parse_inventory_validation_only_lookup_assertions_drop_excluded memory_measurement=unavailable_reference_profile no_claim=endpoint_broker_authentication_or_os_cache_cold
FA002_PERIMETER_INVENTORY_FILE_LOAD case=declared_mediation_profile_churn samples=4 successes=4 refusals=0 observed_errors=0 logical_input_bytes=783 elapsed_ns_min=44296 elapsed_ns_median=74331 elapsed_ns_max=111347 elapsed_ns_total=304306 timing_scope=owned_regular_file_open_bounded_read_strict_parse_inventory_validation_only_lookup_assertions_drop_excluded memory_measurement=unavailable_reference_profile no_claim=endpoint_broker_authentication_or_os_cache_cold
FA002_PERIMETER_INVENTORY_FILE_LOAD case=malformed_syntax samples=4 successes=0 refusals=4 observed_errors=0 logical_input_bytes=1 elapsed_ns_min=24418 elapsed_ns_median=34607 elapsed_ns_max=66830 elapsed_ns_total=160462 timing_scope=owned_regular_file_open_bounded_read_strict_parse_inventory_validation_only_lookup_assertions_drop_excluded memory_measurement=unavailable_reference_profile no_claim=endpoint_broker_authentication_or_os_cache_cold
FA002_PERIMETER_INVENTORY_FILE_LOAD case=route_nonclaims_at_cap samples=4 successes=4 refusals=0 observed_errors=0 logical_input_bytes=874 elapsed_ns_min=64967 elapsed_ns_median=153796 elapsed_ns_max=285689 elapsed_ns_total=658249 timing_scope=owned_regular_file_open_bounded_read_strict_parse_inventory_validation_only_lookup_assertions_drop_excluded memory_measurement=unavailable_reference_profile no_claim=endpoint_broker_authentication_or_os_cache_cold
FA002_PERIMETER_INVENTORY_FILE_LOAD case=route_nonclaims_one_over samples=4 successes=0 refusals=4 observed_errors=0 logical_input_bytes=887 elapsed_ns_min=74752 elapsed_ns_median=98458 elapsed_ns_max=108653 elapsed_ns_total=380322 timing_scope=owned_regular_file_open_bounded_read_strict_parse_inventory_validation_only_lookup_assertions_drop_excluded memory_measurement=unavailable_reference_profile no_claim=endpoint_broker_authentication_or_os_cache_cold
FA002_PERIMETER_INVENTORY_FILE_LOAD case=valid_json_exact_input_byte_cap samples=4 successes=4 refusals=0 observed_errors=0 logical_input_bytes=1048576 elapsed_ns_min=628284 elapsed_ns_median=1237095 elapsed_ns_max=1899165 elapsed_ns_total=5001640 timing_scope=owned_regular_file_open_bounded_read_strict_parse_inventory_validation_only_lookup_assertions_drop_excluded memory_measurement=unavailable_reference_profile no_claim=endpoint_broker_authentication_or_os_cache_cold
FA002_PERIMETER_INVENTORY_FILE_LOAD case=same_valid_json_one_byte_over_input_cap samples=4 successes=0 refusals=4 observed_errors=0 logical_input_bytes=1048577 elapsed_ns_min=236695 elapsed_ns_median=291498 elapsed_ns_max=849356 elapsed_ns_total=1669047 timing_scope=owned_regular_file_open_bounded_read_strict_parse_inventory_validation_only_lookup_assertions_drop_excluded memory_measurement=unavailable_reference_profile no_claim=endpoint_broker_authentication_or_os_cache_cold
FA002_PERIMETER_INVENTORY_FILE_LOAD case=input_bytes_one_over samples=4 successes=0 refusals=4 observed_errors=0 logical_input_bytes=1048577 elapsed_ns_min=141672 elapsed_ns_median=189179 elapsed_ns_max=408024 elapsed_ns_total=928055 timing_scope=owned_regular_file_open_bounded_read_strict_parse_inventory_validation_only_lookup_assertions_drop_excluded memory_measurement=unavailable_reference_profile no_claim=endpoint_broker_authentication_or_os_cache_cold
ok

test result: ok. 2 passed; 0 failed; 0 ignored; 0 measured; 0 filtered out; finished in 0.10s

  [2m2026-09-08T09:17:55.119937Z[0m [32m INFO[0m [1;32mrch::hook::transfer_orchestration[0m[32m: [32mRemote command finished: exit=0 in 14570ms[0m
    [2;3mat[0m rch/src/hook/transfer_orchestration.rs:1150 [2;3mon[0m ThreadId(1)

  [2m2026-09-08T09:17:55.134021Z[0m [32m INFO[0m [1;32mrch::hook::transfer_orchestration[0m[32m: [32mRetrieving build artifacts...[0m
    [2;3mat[0m rch/src/hook/transfer_orchestration.rs:1238 [2;3mon[0m ThreadId(1)

  [2m2026-09-08T09:17:55.134399Z[0m [32m INFO[0m [1;32mrch::transfer[0m[32m: [32mRetrieving artifacts from /data/tmp/rch/franken_alignment_wave7_gate8_20260908/362ed1bba44689f5 on vmi1149989[0m
    [2;3mat[0m rch/src/transfer.rs:4328 [2;3mon[0m ThreadId(1)

  [2m2026-09-08T09:17:56.957616Z[0m [32m INFO[0m [1;32mrch::transfer[0m[32m: [32mArtifacts retrieved in 1823ms (1 files, 792 bytes)[0m
    [2;3mat[0m rch/src/transfer.rs:4383 [2;3mon[0m ThreadId(1)

  [2m2026-09-08T09:17:56.957678Z[0m [32m INFO[0m [1;32mrch::hook::transfer_orchestration[0m[32m: [32mArtifacts retrieved: 1 files, 792 bytes in 1823ms[0m
    [2;3mat[0m rch/src/hook/transfer_orchestration.rs:1270 [2;3mon[0m ThreadId(1)

[W] Worker: vmi1149989 | Job: j-30004650170124438
[T] Total: 22.4s (sync 6.0s, build 14.6s, artifacts 1.8s)
^ Sync: 10.3 MB in 6.0s (1.7 MB/s)
[C] Compile: 14.6s
v Artifacts: 792 B in 1.8s (434 B/s)
[T] Cache: MISS
+--------------- * Build Successful ---------------+
| New personal best! 14.6s (previous: 22.8s)       |
| Target: release                                  |
| Duration: 14.6s (v 36% faster vs previous 22.8s) |
| Artifacts: 1 files (792 B)                       |
| Worker: vmi1149989                               |
| Cache: MISS (warming cache)                      |
| Time: 2026-09-08 09:17:56                        |
+--------------------------------------------------+
Warning: Permanently added '212.90.121.76' (ED25519) to the list of known hosts.
[RCH] remote vmi1149989 (26.2s)
[RCH] clean-overlay receipt: base=de668c52dc50c3bc1c5e1c1d3941bfe713ade8a0 overlay-fingerprint=13bc1cd177daa98f7020503aaa51ff71dce00870e98acbcde1b2a1a94f81d905
