  [2m2026-09-07T23:23:39.703871Z[0m [33m WARN[0m [1;33mrch::hook::command_parsing[0m[33m: [33mProject path normalization failed for /private/tmp/fa-swarm-20260907/concordance-negative: input resolves outside canonical root (input: /private/tmp/fa-swarm-20260907/concordance-negative, detail: resolved=/private/tmp/fa-swarm-20260907/concordance-negative root=/Users/jemanuel/projects)[0m
    [2;3mat[0m rch/src/hook/command_parsing.rs:437 [2;3mon[0m ThreadId(1)

  [2m2026-09-07T23:23:55.338467Z[0m [32m INFO[0m [1;32mrch::hook[0m[32m: [32mSelected worker: hz4 at ubuntu@194.163.156.231 (6 slots remaining after reservation, speed 76.3)[0m
    [2;3mat[0m rch/src/hook.rs:2645 [2;3mon[0m ThreadId(1)

  [2m2026-09-07T23:23:55.448371Z[0m [33m WARN[0m [1;33mrch::hook[0m[33m: [33mRemote execution failed on hz4: Project path normalization failed for /private/tmp/fa-swarm-20260907/concordance-negative: input resolves outside canonical root (input: /private/tmp/fa-swarm-20260907/concordance-negative, detail: resolved=/private/tmp/fa-swarm-20260907/concordance-negative root=/Users/jemanuel/projects); will retry on another worker if available[0m
    [2;3mat[0m rch/src/hook.rs:3113 [2;3mon[0m ThreadId(1)

  [2m2026-09-07T23:23:55.757741Z[0m [33m WARN[0m [1;33mrch::hook[0m[33m: [33mRemote build remote execution failed on hz4; retrying on higher-capacity worker hz3 (attempt 2/3)[0m
    [2;3mat[0m rch/src/hook.rs:3146 [2;3mon[0m ThreadId(1)

[RCH] retry on bigger worker hz3 (attempt 2/3) after remote execution failed on hz4
  [2m2026-09-07T23:23:55.769323Z[0m [32m INFO[0m [1;32mrch::hook[0m[32m: [32mSelected worker: hz3 at ubuntu@194.140.197.98 (2 slots remaining after reservation, speed 75.1) [remote retry 2/3][0m
    [2;3mat[0m rch/src/hook.rs:2645 [2;3mon[0m ThreadId(1)

  [2m2026-09-07T23:23:55.859745Z[0m [33m WARN[0m [1;33mrch::hook[0m[33m: [33mRemote execution failed on hz3: Project path normalization failed for /private/tmp/fa-swarm-20260907/concordance-negative: input resolves outside canonical root (input: /private/tmp/fa-swarm-20260907/concordance-negative, detail: resolved=/private/tmp/fa-swarm-20260907/concordance-negative root=/Users/jemanuel/projects); will retry on another worker if available[0m
    [2;3mat[0m rch/src/hook.rs:3113 [2;3mon[0m ThreadId(1)

  [2m2026-09-07T23:23:56.028332Z[0m [33m WARN[0m [1;33mrch::hook[0m[33m: [33mRemote build remote execution failed on hz3; retrying on higher-capacity worker vmi1227854 (attempt 3/3)[0m
    [2;3mat[0m rch/src/hook.rs:3146 [2;3mon[0m ThreadId(1)

[RCH] retry on bigger worker vmi1227854 (attempt 3/3) after remote execution failed on hz3
  [2m2026-09-07T23:23:56.039105Z[0m [32m INFO[0m [1;32mrch::hook[0m[32m: [32mSelected worker: vmi1227854 at root@109.123.245.77 (4 slots remaining after reservation, speed 71.9) [remote retry 3/3][0m
    [2;3mat[0m rch/src/hook.rs:2645 [2;3mon[0m ThreadId(1)

  [2m2026-09-07T23:23:56.104397Z[0m [33m WARN[0m [1;33mrch::hook[0m[33m: [33mRemote execution failed on vmi1227854: Project path normalization failed for /private/tmp/fa-swarm-20260907/concordance-negative: input resolves outside canonical root (input: /private/tmp/fa-swarm-20260907/concordance-negative, detail: resolved=/private/tmp/fa-swarm-20260907/concordance-negative root=/Users/jemanuel/projects); will retry on another worker if available[0m
    [2;3mat[0m rch/src/hook.rs:3113 [2;3mon[0m ThreadId(1)

  [2m2026-09-07T23:23:56.104473Z[0m [33m WARN[0m [1;33mrch::hook[0m[33m: [33mRemote build failed on all 3 tried worker(s); refusing local fallback[0m
    [2;3mat[0m rch/src/hook.rs:3229 [2;3mon[0m ThreadId(1)

[RCH] remote required; refusing local fallback (remote execution failed; remote retries exhausted) — retryable
