  [2m2026-09-08T09:50:24.474862Z[0m [32m INFO[0m [1;32mrch::hook[0m[32m: [32mSelected worker: vmi1149989 at root@212.90.121.76 (0 slots remaining after reservation, speed 71.9)[0m
    [2;3mat[0m rch/src/hook.rs:2645 [2;3mon[0m ThreadId(1)

[*] Job j-30004650170124454 submitted to vmi1149989 (0 slots remaining, speed 71.9)
  [2m2026-09-08T09:50:24.511000Z[0m [32m INFO[0m [1;32mrch::hook::transfer_orchestration[0m[32m: [32mStarting remote compilation pipeline for franken_alignment_wave7_final1_20260908 (hash: 33ab12b88e425a32)[0m
    [2;3mat[0m rch/src/hook/transfer_orchestration.rs:510 [2;3mon[0m ThreadId(1)

  [2m2026-09-08T09:50:24.511060Z[0m [32m INFO[0m [1;32mrch::hook::transfer_orchestration[0m[32m: [32mPrepared dependency sync manifest for 1 roots[0m
    [2;3mat[0m rch/src/hook/transfer_orchestration.rs:532 [2;3mon[0m ThreadId(1)

  [2m2026-09-08T09:50:25.719505Z[0m [32m INFO[0m [1;32mrch::hook::transfer_orchestration[0m[32m: [32mSyncing project to worker vmi1149989...[0m
    [2;3mat[0m rch/src/hook/transfer_orchestration.rs:661 [2;3mon[0m ThreadId(1)

  [2m2026-09-08T09:50:30.452311Z[0m [32m INFO[0m [1;32mrch::transfer[0m[32m: [32mLinked git worktree detected at /Users/jemanuel/projects/franken_alignment_wave7_final1_20260908 (gitdir: /Users/jemanuel/projects/franken_alignment/.git/worktrees/franken_alignment_wave7_final1_20260908); excluding dangling '.git' file from upload so the remote build resolves git-free like a normal repo[0m
    [2;3mat[0m rch/src/transfer.rs:2009 [2;3mon[0m ThreadId(1)

  [2m2026-09-08T09:50:30.452486Z[0m [32m INFO[0m [1;32mrch::transfer[0m[32m: [32mSyncing /Users/jemanuel/projects/franken_alignment_wave7_final1_20260908 -> /data/tmp/rch/franken_alignment_wave7_final1_20260908/33ab12b88e425a32 on vmi1149989 (streaming)[0m
    [2;3mat[0m rch/src/transfer.rs:3549 [2;3mon[0m ThreadId(1)

  [2m2026-09-08T09:50:32.382069Z[0m [32m INFO[0m [1;32mrch::hook::transfer_orchestration[0m[32m: [32mSync complete: 101 files, 10910296 bytes in 6191ms[0m
    [2;3mat[0m rch/src/hook/transfer_orchestration.rs:958 [2;3mon[0m ThreadId(1)

  [2m2026-09-08T09:50:32.398392Z[0m [32m INFO[0m [1;32mrch::hook::transfer_orchestration[0m[32m: [32mExecuting command remotely: cargo +nightly-2026-09-08 test --release --locked -p fa-reference --test witness_costs -- --nocapture '--test-threads=1'[0m
    [2;3mat[0m rch/src/hook/transfer_orchestration.rs:1018 [2;3mon[0m ThreadId(1)

  [2m2026-09-08T09:50:32.398489Z[0m [32m INFO[0m [1;32mrch::transfer[0m[32m: [32mRewriting CARGO_TARGET_DIR for remote execution (worker-scoped path): /Volumes/USB_NVME/cargo-target -> /data/tmp/rch/franken_alignment_wave7_final1_20260908/.rch-target-vmi1149989-pool-eb0e9bb4708c4694fbc95ac65d237c2d[0m
    [2;3mat[0m rch/src/transfer.rs:1842 [2;3mon[0m ThreadId(1)

  [2m2026-09-08T09:50:32.398537Z[0m [32m INFO[0m [1;32mrch::transfer[0m[32m: [32mWrapping command with external timeout protection, [1;32mkind[0m[32m: cargo test, [1;32mtimeout_secs[0m[32m: 3600[0m
    [2;3mat[0m rch/src/transfer.rs:2669 [2;3mon[0m ThreadId(1)

Warning: Permanently added '212.90.121.76' (ED25519) to the list of known hosts.
warning: unused field `license-file` in `workspace.package`
 --> Cargo.toml:9:1
  |
9 | license-file = "LICENSE"
  | ^^^^^^^^^^^^
  |
  = note: `cargo::unused_workspace_package_fields` is set to `warn` by default
help: consider removing the field `workspace.package.license-file`
warning: workspace (manifest) generated 1 warning
   Compiling fa-reference v0.2.0 (/data/tmp/rch/franken_alignment_wave7_final1_20260908/33ab12b88e425a32/crates/fa-reference)
    Finished `release` profile [optimized] target(s) in 9.85s
     Running tests/witness_costs.rs (/data/tmp/rch/franken_alignment_wave7_final1_20260908/.rch-target-vmi1149989-pool-eb0e9bb4708c4694fbc95ac65d237c2d/release/build/fa-reference/97d6f97dab7ab07c/out/witness_costs-97d6f97dab7ab07c)

running 2 tests
test first_witness_capture_is_selectable_for_fresh_release_measurement ... case=witness_first_capture samples=1 successes=1 invalidations=0 refusals=0 observed_errors=0 requested_logical_value_bytes=8 successful_judgment_logical_value_bytes=8 elapsed_ns=1232 timing_scope=fresh_process_exact_capture_setup_excluded_only_when_sole_selected_test memory_measurement=unavailable_in_memory_profile
ok
test fixed_witness_costs_are_descriptive_and_assert_all_outcomes ... case=fresh_exact_and_absent_capture_reuse samples=12 successes=12 true_fact_invalidations=0 conservative_fact_equivalent_invalidations=0 refusals=0 bounded_oracle_stale_reuse_denominator=12 asserted_bounded_oracle_stale_reuses=0 observed_errors=0 requested_logical_value_bytes=8 successful_judgment_logical_value_bytes=8 elapsed_ns_min=350 elapsed_ns_median=405 elapsed_ns_max=11517 elapsed_ns_total=16585 timing_scope=fresh_snapshot_frontier_capture_reuse_assertions_drop memory_measurement=unavailable_in_memory_profile
case=fresh_unrelated_key_churn_remains_valid samples=12 successes=12 true_fact_invalidations=0 conservative_fact_equivalent_invalidations=0 refusals=0 bounded_oracle_stale_reuse_denominator=12 asserted_bounded_oracle_stale_reuses=0 observed_errors=0 requested_logical_value_bytes=8 successful_judgment_logical_value_bytes=8 elapsed_ns_min=390 elapsed_ns_median=411 elapsed_ns_max=2184 elapsed_ns_total=7262 timing_scope=fresh_baseline_capture_unrelated_candidate_reuse_assertions_drop memory_measurement=unavailable_in_memory_profile
case=fresh_changed_exact_value_invalidates samples=12 successes=0 true_fact_invalidations=12 conservative_fact_equivalent_invalidations=0 refusals=0 bounded_oracle_stale_reuse_denominator=12 asserted_bounded_oracle_stale_reuses=0 observed_errors=0 requested_logical_value_bytes=8 successful_judgment_logical_value_bytes=8 elapsed_ns_min=400 elapsed_ns_median=431 elapsed_ns_max=1863 elapsed_ns_total=6841 timing_scope=fresh_baseline_capture_control_changed_exact_candidate_reuse_assertions_drop memory_measurement=unavailable_in_memory_profile
case=fresh_absent_insertion_invalidates samples=12 successes=0 true_fact_invalidations=12 conservative_fact_equivalent_invalidations=0 refusals=0 bounded_oracle_stale_reuse_denominator=12 asserted_bounded_oracle_stale_reuses=0 observed_errors=0 requested_logical_value_bytes=8 successful_judgment_logical_value_bytes=8 elapsed_ns_min=471 elapsed_ns_median=515 elapsed_ns_max=2363 elapsed_ns_total=8393 timing_scope=fresh_baseline_capture_control_absent_insertion_candidate_reuse_assertions_drop memory_measurement=unavailable_in_memory_profile
case=fresh_closing_marker_generation_churn_conservatively_invalidates samples=12 successes=12 true_fact_invalidations=0 conservative_fact_equivalent_invalidations=12 refusals=0 bounded_oracle_stale_reuse_denominator=12 asserted_bounded_oracle_stale_reuses=0 observed_errors=0 requested_logical_value_bytes=8 successful_judgment_logical_value_bytes=8 elapsed_ns_min=731 elapsed_ns_median=791 elapsed_ns_max=3505 elapsed_ns_total=12579 timing_scope=fresh_baseline_capture_same_facts_marker_generation_churn_reuse_assertions_drop memory_measurement=unavailable_in_memory_profile
case=fresh_unknown_closure_refusal samples=12 successes=0 true_fact_invalidations=0 conservative_fact_equivalent_invalidations=0 refusals=12 bounded_oracle_stale_reuse_denominator=0 asserted_bounded_oracle_stale_reuses=0 observed_errors=0 requested_logical_value_bytes=8 successful_judgment_logical_value_bytes=0 elapsed_ns_min=160 elapsed_ns_median=170 elapsed_ns_max=992 elapsed_ns_total=2944 timing_scope=fresh_snapshot_capture_refusal_assertions_drop memory_measurement=unavailable_in_memory_profile
case=fresh_stale_snapshot_refusal samples=12 successes=0 true_fact_invalidations=0 conservative_fact_equivalent_invalidations=0 refusals=12 bounded_oracle_stale_reuse_denominator=0 asserted_bounded_oracle_stale_reuses=0 observed_errors=0 requested_logical_value_bytes=8 successful_judgment_logical_value_bytes=8 elapsed_ns_min=361 elapsed_ns_median=430 elapsed_ns_max=1442 elapsed_ns_total=6410 timing_scope=fresh_baseline_capture_stale_candidate_reuse_assertions_drop memory_measurement=unavailable_in_memory_profile
ok

test result: ok. 2 passed; 0 failed; 0 ignored; 0 measured; 0 filtered out; finished in 0.00s

  [2m2026-09-08T09:50:43.694599Z[0m [32m INFO[0m [1;32mrch::hook::transfer_orchestration[0m[32m: [32mRemote command finished: exit=0 in 11295ms[0m
    [2;3mat[0m rch/src/hook/transfer_orchestration.rs:1150 [2;3mon[0m ThreadId(1)

  [2m2026-09-08T09:50:43.708553Z[0m [32m INFO[0m [1;32mrch::hook::transfer_orchestration[0m[32m: [32mRetrieving build artifacts...[0m
    [2;3mat[0m rch/src/hook/transfer_orchestration.rs:1238 [2;3mon[0m ThreadId(1)

  [2m2026-09-08T09:50:43.708596Z[0m [32m INFO[0m [1;32mrch::transfer[0m[32m: [32mRetrieving artifacts from /data/tmp/rch/franken_alignment_wave7_final1_20260908/33ab12b88e425a32 on vmi1149989[0m
    [2;3mat[0m rch/src/transfer.rs:4328 [2;3mon[0m ThreadId(1)

  [2m2026-09-08T09:50:45.651728Z[0m [32m INFO[0m [1;32mrch::transfer[0m[32m: [32mArtifacts retrieved in 1943ms (1 files, 792 bytes)[0m
    [2;3mat[0m rch/src/transfer.rs:4383 [2;3mon[0m ThreadId(1)

  [2m2026-09-08T09:50:45.651790Z[0m [32m INFO[0m [1;32mrch::hook::transfer_orchestration[0m[32m: [32mArtifacts retrieved: 1 files, 792 bytes in 1943ms[0m
    [2;3mat[0m rch/src/hook/transfer_orchestration.rs:1270 [2;3mon[0m ThreadId(1)

[W] Worker: vmi1149989 | Job: j-30004650170124454
[T] Total: 19.4s (sync 6.2s, build 11.3s, artifacts 1.9s)
^ Sync: 10.4 MB in 6.2s (1.7 MB/s)
[C] Compile: 11.3s
v Artifacts: 792 B in 1.9s (408 B/s)
[T] Cache: MISS
+--------------- * Build Successful ---------------+
| New personal best! 11.3s (previous: 18.6s)       |
| Target: release                                  |
| Duration: 11.3s (v 39% faster vs previous 18.6s) |
| Artifacts: 1 files (792 B)                       |
| Worker: vmi1149989                               |
| Cache: MISS (warming cache)                      |
| Time: 2026-09-08 09:50:45                        |
+--------------------------------------------------+
Warning: Permanently added '212.90.121.76' (ED25519) to the list of known hosts.
[RCH] remote vmi1149989 (22.3s)
[RCH] clean-overlay receipt: base=de668c52dc50c3bc1c5e1c1d3941bfe713ade8a0 overlay-fingerprint=37187a1737f506dbcb87ab2c00a1447ef198dbfed12c99f815ead6475ca4d837
