  [2m2026-09-08T07:22:55.972715Z[0m [32m INFO[0m [1;32mrch::hook[0m[32m: [32mSelected worker: vmi1149989 at root@212.90.121.76 (0 slots remaining after reservation, speed 71.9)[0m
    [2;3mat[0m rch/src/hook.rs:2645 [2;3mon[0m ThreadId(1)

[*] Job j-30004650170124382 submitted to vmi1149989 (0 slots remaining, speed 71.9)
  [2m2026-09-08T07:22:56.020279Z[0m [32m INFO[0m [1;32mrch::hook::transfer_orchestration[0m[32m: [32mStarting remote compilation pipeline for franken_alignment_wave4_rolling3_20260908 (hash: a13b736fc1d0e1c8)[0m
    [2;3mat[0m rch/src/hook/transfer_orchestration.rs:510 [2;3mon[0m ThreadId(1)

  [2m2026-09-08T07:22:56.020327Z[0m [32m INFO[0m [1;32mrch::hook::transfer_orchestration[0m[32m: [32mPrepared dependency sync manifest for 1 roots[0m
    [2;3mat[0m rch/src/hook/transfer_orchestration.rs:532 [2;3mon[0m ThreadId(1)

  [2m2026-09-08T07:22:57.383650Z[0m [32m INFO[0m [1;32mrch::hook::transfer_orchestration[0m[32m: [32mSyncing project to worker vmi1149989...[0m
    [2;3mat[0m rch/src/hook/transfer_orchestration.rs:661 [2;3mon[0m ThreadId(1)

  [2m2026-09-08T07:23:02.259031Z[0m [32m INFO[0m [1;32mrch::transfer[0m[32m: [32mLinked git worktree detected at /Users/jemanuel/projects/franken_alignment_wave4_rolling3_20260908 (gitdir: /Users/jemanuel/projects/franken_alignment/.git/worktrees/franken_alignment_wave4_rolling3_20260908); excluding dangling '.git' file from upload so the remote build resolves git-free like a normal repo[0m
    [2;3mat[0m rch/src/transfer.rs:2009 [2;3mon[0m ThreadId(1)

  [2m2026-09-08T07:23:02.259082Z[0m [32m INFO[0m [1;32mrch::transfer[0m[32m: [32mSyncing /Users/jemanuel/projects/franken_alignment_wave4_rolling3_20260908 -> /data/tmp/rch/franken_alignment_wave4_rolling3_20260908/a13b736fc1d0e1c8 on vmi1149989 (streaming)[0m
    [2;3mat[0m rch/src/transfer.rs:3549 [2;3mon[0m ThreadId(1)

  [2m2026-09-08T07:23:04.343899Z[0m [32m INFO[0m [1;32mrch::hook::transfer_orchestration[0m[32m: [32mSync complete: 57 files, 6400572 bytes in 6513ms[0m
    [2;3mat[0m rch/src/hook/transfer_orchestration.rs:958 [2;3mon[0m ThreadId(1)

  [2m2026-09-08T07:23:04.419102Z[0m [32m INFO[0m [1;32mrch::hook::transfer_orchestration[0m[32m: [32mExecuting command remotely: cargo +nightly-2026-09-08 test --release --locked -p fa-reference --test canonical_json_cold_costs --no-run[0m
    [2;3mat[0m rch/src/hook/transfer_orchestration.rs:1018 [2;3mon[0m ThreadId(1)

  [2m2026-09-08T07:23:04.419317Z[0m [32m INFO[0m [1;32mrch::transfer[0m[32m: [32mRewriting CARGO_TARGET_DIR for remote execution (worker-scoped path): /Volumes/USB_NVME/cargo-target -> /data/tmp/rch/franken_alignment_wave4_rolling3_20260908/.rch-target-vmi1149989-pool-809bbb79760f1634fa2f5a09a070ab2c[0m
    [2;3mat[0m rch/src/transfer.rs:1842 [2;3mon[0m ThreadId(1)

  [2m2026-09-08T07:23:04.419391Z[0m [32m INFO[0m [1;32mrch::transfer[0m[32m: [32mWrapping command with external timeout protection, [1;32mkind[0m[32m: cargo test, [1;32mtimeout_secs[0m[32m: 3600[0m
    [2;3mat[0m rch/src/transfer.rs:2669 [2;3mon[0m ThreadId(1)

Warning: Permanently added '212.90.121.76' (ED25519) to the list of known hosts.
warning: unused field `license-file` in `workspace.package`
 --> Cargo.toml:9:1
  |
9 | license-file = "LICENSE"
  | ^^^^^^^^^^^^
  |
  = note: `cargo::unused_workspace_package_fields` is set to `warn` by default
help: consider removing the field `workspace.package.license-file`
warning: workspace (manifest) generated 1 warning
   Compiling fa-reference v0.2.0 (/data/tmp/rch/franken_alignment_wave4_rolling3_20260908/a13b736fc1d0e1c8/crates/fa-reference)
    Finished `release` profile [optimized] target(s) in 4.15s
  Executable tests/canonical_json_cold_costs.rs (/data/tmp/rch/franken_alignment_wave4_rolling3_20260908/.rch-target-vmi1149989-pool-809bbb79760f1634fa2f5a09a070ab2c/release/build/fa-reference/8d0a06483c38b7b1/out/canonical_json_cold_costs-8d0a06483c38b7b1)
  [2m2026-09-08T07:23:10.180111Z[0m [32m INFO[0m [1;32mrch::hook::transfer_orchestration[0m[32m: [32mRemote command finished: exit=0 in 5760ms[0m
    [2;3mat[0m rch/src/hook/transfer_orchestration.rs:1150 [2;3mon[0m ThreadId(1)

  [2m2026-09-08T07:23:10.256333Z[0m [32m INFO[0m [1;32mrch::hook::transfer_orchestration[0m[32m: [32mRetrieving build artifacts...[0m
    [2;3mat[0m rch/src/hook/transfer_orchestration.rs:1238 [2;3mon[0m ThreadId(1)

  [2m2026-09-08T07:23:10.256417Z[0m [32m INFO[0m [1;32mrch::transfer[0m[32m: [32mRetrieving artifacts from /data/tmp/rch/franken_alignment_wave4_rolling3_20260908/a13b736fc1d0e1c8 on vmi1149989[0m
    [2;3mat[0m rch/src/transfer.rs:4328 [2;3mon[0m ThreadId(1)

  [2m2026-09-08T07:23:12.407562Z[0m [32m INFO[0m [1;32mrch::transfer[0m[32m: [32mArtifacts retrieved in 2151ms (1 files, 792 bytes)[0m
    [2;3mat[0m rch/src/transfer.rs:4383 [2;3mon[0m ThreadId(1)

  [2m2026-09-08T07:23:12.407612Z[0m [32m INFO[0m [1;32mrch::hook::transfer_orchestration[0m[32m: [32mArtifacts retrieved: 1 files, 792 bytes in 2151ms[0m
    [2;3mat[0m rch/src/hook/transfer_orchestration.rs:1270 [2;3mon[0m ThreadId(1)

[W] Worker: vmi1149989 | Job: j-30004650170124382
[T] Total: 14.4s (sync 6.5s, build 5.8s, artifacts 2.2s)
^ Sync: 6.1 MB in 6.5s (959.7 KB/s)
[C] Compile: 5.8s
v Artifacts: 792 B in 2.2s (368 B/s)
[T] Cache: MISS
+------------- [OK] Build Successful -------------+
| Target: release                                 |
| Duration: 5.8s (v 51% faster vs previous 11.7s) |
| Artifacts: 1 files (792 B)                      |
| Worker: vmi1149989                              |
| Cache: MISS (warming cache)                     |
| Time: 2026-09-08 07:23:12                       |
+-------------------------------------------------+
Warning: Permanently added '212.90.121.76' (ED25519) to the list of known hosts.
[RCH] remote vmi1149989 (18.0s)
[RCH] clean-overlay receipt: base=378426ed59fe20f273616c351ce19efd8ae21efe overlay-fingerprint=2dbeba87fddc662cf6ecef03e0538974c8ea4da81b7c17058ac7d0c375fb3d29
