  [2m2026-09-07T20:23:02.799810Z[0m [32m INFO[0m [1;32mrch::hook[0m[32m: [32mSelected worker: vmi1227854 at root@109.123.245.77 (4 slots remaining after reservation, speed 71.9)[0m
    [2;3mat[0m rch/src/hook.rs:2645 [2;3mon[0m ThreadId(1)

[*] Job j-30004650170124154 submitted to vmi1227854 (4 slots remaining, speed 71.9)
  [2m2026-09-07T20:23:02.849505Z[0m [32m INFO[0m [1;32mrch::hook::transfer_orchestration[0m[32m: [32mStarting remote compilation pipeline for franken_alignment (hash: 880631d3cf73376f)[0m
    [2;3mat[0m rch/src/hook/transfer_orchestration.rs:510 [2;3mon[0m ThreadId(1)

  [2m2026-09-07T20:23:02.849671Z[0m [32m INFO[0m [1;32mrch::hook::transfer_orchestration[0m[32m: [32mPrepared dependency sync manifest for 1 roots[0m
    [2;3mat[0m rch/src/hook/transfer_orchestration.rs:532 [2;3mon[0m ThreadId(1)

  [2m2026-09-07T20:23:04.115816Z[0m [32m INFO[0m [1;32mrch::hook::transfer_orchestration[0m[32m: [32mSyncing project to worker vmi1227854...[0m
    [2;3mat[0m rch/src/hook/transfer_orchestration.rs:661 [2;3mon[0m ThreadId(1)

  [2m2026-09-07T20:23:08.330240Z[0m [32m INFO[0m [1;32mrch::transfer[0m[32m: [32mSyncing /Users/jemanuel/projects/franken_alignment -> /data/tmp/rch/franken_alignment/880631d3cf73376f on vmi1227854 (streaming)[0m
    [2;3mat[0m rch/src/transfer.rs:3549 [2;3mon[0m ThreadId(1)

  [2m2026-09-07T20:23:09.993522Z[0m [32m INFO[0m [1;32mrch::hook::transfer_orchestration[0m[32m: [32mSync complete: 6 files, 2463166 bytes in 5500ms[0m
    [2;3mat[0m rch/src/hook/transfer_orchestration.rs:958 [2;3mon[0m ThreadId(1)

  [2m2026-09-07T20:23:10.004176Z[0m [32m INFO[0m [1;32mrch::hook::transfer_orchestration[0m[32m: [32mExecuting command remotely: cargo run --locked -p xtask -- check[0m
    [2;3mat[0m rch/src/hook/transfer_orchestration.rs:1018 [2;3mon[0m ThreadId(1)

  [2m2026-09-07T20:23:10.004287Z[0m [32m INFO[0m [1;32mrch::transfer[0m[32m: [32mRewriting CARGO_TARGET_DIR for remote execution (worker-scoped path): /Volumes/USB_NVME/cargo-target -> /data/tmp/rch/franken_alignment/.rch-target-vmi1227854-pool-7426c0154046c0ad0f733de17f13ec93[0m
    [2;3mat[0m rch/src/transfer.rs:1842 [2;3mon[0m ThreadId(1)

  [2m2026-09-07T20:23:10.004348Z[0m [32m INFO[0m [1;32mrch::transfer[0m[32m: [32mWrapping command with external timeout protection, [1;32mkind[0m[32m: cargo build, [1;32mtimeout_secs[0m[32m: 3600[0m
    [2;3mat[0m rch/src/transfer.rs:2669 [2;3mon[0m ThreadId(1)

Warning: Permanently added '109.123.245.77' (ED25519) to the list of known hosts.
   Compiling xtask v0.2.0 (/data/tmp/rch/franken_alignment/880631d3cf73376f/xtask)
    Finished `dev` profile [unoptimized + debuginfo] target(s) in 1.35s
     Running `/data/tmp/rch/franken_alignment/.rch-target-vmi1227854-pool-7426c0154046c0ad0f733de17f13ec93/debug/xtask check`
PASS reference_lock: exactly fa-reference and xtask; no external packages
PASS source_inventory: required files and crate-level prohibitions present
EXECUTE rustc -Vv
rustc 1.100.0-nightly (c54751567 2026-08-22)
binary: rustc
commit-hash: c54751567b19c4ceb08b0412d83529c2568cba8b
commit-date: 2026-08-22
host: x86_64-unknown-linux-gnu
release: 1.100.0-nightly
LLVM version: 23.1.0
PASS executed_command: rustc -Vv
EXECUTE cargo fmt --all --check
PASS executed_command: cargo fmt --all --check
EXECUTE cargo check --workspace --all-targets --frozen
    Checking fa-reference v0.2.0 (/data/tmp/rch/franken_alignment/880631d3cf73376f/crates/fa-reference)
    Checking xtask v0.2.0 (/data/tmp/rch/franken_alignment/880631d3cf73376f/xtask)
    Finished `dev` profile [unoptimized + debuginfo] target(s) in 0.27s
PASS executed_command: cargo check --workspace --all-targets --frozen
EXECUTE cargo clippy --workspace --all-targets --frozen -- -D warnings
    Checking fa-reference v0.2.0 (/data/tmp/rch/franken_alignment/880631d3cf73376f/crates/fa-reference)
    Checking xtask v0.2.0 (/data/tmp/rch/franken_alignment/880631d3cf73376f/xtask)
    Finished `dev` profile [unoptimized + debuginfo] target(s) in 0.37s
PASS executed_command: cargo clippy --workspace --all-targets --frozen -- -D warnings
EXECUTE cargo test --workspace --all-targets --frozen
   Compiling xtask v0.2.0 (/data/tmp/rch/franken_alignment/880631d3cf73376f/xtask)
   Compiling fa-reference v0.2.0 (/data/tmp/rch/franken_alignment/880631d3cf73376f/crates/fa-reference)
    Finished `test` profile [unoptimized + debuginfo] target(s) in 1.07s
     Running unittests src/lib.rs (/data/tmp/rch/franken_alignment/.rch-target-vmi1227854-pool-7426c0154046c0ad0f733de17f13ec93/debug/build/fa-reference/805c210a23edaf0a/out/fa_reference-805c210a23edaf0a)

running 34 tests
test round::tests::commit_after_reveals_open_is_rejected ... ok
test round::tests::conflicting_reveal_rejected ... ok
test round::tests::commitment_binds_verdict ... ok
test round::tests::membership_frozen_after_open ... ok
test round::tests::invalid_reveal_and_duplicate_commit_do_not_mutate_member_slot ... ok
test round::tests::valid_reveals_are_recorded_for_the_frozen_members ... ok
test round::tests::missing_reveal_is_missing_not_abstain ... ok
test tests::absent_key_detects_insertion ... ok
test tests::cross_reads_defeat_disjoint_writes ... ok
test round::tests::maximum_member_and_field_bounds_are_exact_and_reject_without_mutation ... ok
test tests::dominator_and_bypass_are_distinguished ... ok
test tests::empty_range_detects_phantom ... ok
test tests::epoch_and_incompleteness_invalidate ... ok
test tests::effect_binding_and_one_shot_dispatch ... ok
test tests::evidence_stages_are_distinct ... ok
test tests::frontier_does_not_skip_a_gap ... ok
test tests::graph_limits_and_empty_claims_are_rejected ... ok
test tests::integer_probe_requests_refinement_at_margin ... ok
test tests::integer_probe_bound_matches_exhaustive_small_errors ... ok
test tests::invalid_witness_is_not_admitted ... ok
test tests::reserve_budget_and_duplicate_fail_closed ... ok
test tests::frontier_limits_fail_without_mutation ... ok
test tests::reset_cannot_refund_unknown ... ok
test tests::reset_increments_incident_counter ... ok
test tests::reset_keeps_dispatched_liability ... ok
test tests::reset_overflow_is_before_mutation ... ok
test tests::reset_keeps_spent_and_epoch ... ok
test tests::reset_refunds_only_reserved_outside_keep ... ok
test tests::rights_unknown_cannot_be_refunded_by_cancel ... ok
test tests::revocation_fences_reserved_not_history ... ok
test tests::resources_and_order_barriers_block_reordering ... ok
test tests::witness_reuses_unrelated_changes ... ok
test tests::resolved_non_effect_returns_rights_once ... ok
test tests::exhaustive_four_vertex_cut_and_dominator_consistency ... ok

test result: ok. 34 passed; 0 failed; 0 ignored; 0 measured; 0 filtered out; finished in 0.02s

     Running unittests src/main.rs (/data/tmp/rch/franken_alignment/.rch-target-vmi1227854-pool-7426c0154046c0ad0f733de17f13ec93/debug/build/xtask/9234c929a0ba3068/out/xtask-9234c929a0ba3068)

running 0 tests

test result: ok. 0 passed; 0 failed; 0 ignored; 0 measured; 0 filtered out; finished in 0.00s

PASS executed_command: cargo test --workspace --all-targets --frozen
PASS local_reference_gate; not a production-readiness or signed-release claim
  [2m2026-09-07T20:23:14.723757Z[0m [32m INFO[0m [1;32mrch::hook::transfer_orchestration[0m[32m: [32mRemote command finished: exit=0 in 4719ms[0m
    [2;3mat[0m rch/src/hook/transfer_orchestration.rs:1150 [2;3mon[0m ThreadId(1)

  [2m2026-09-07T20:23:14.737583Z[0m [32m INFO[0m [1;32mrch::transfer[0m[32m: [32mRetrieving artifacts from /data/tmp/rch/franken_alignment/.rch-target-vmi1227854-pool-7426c0154046c0ad0f733de17f13ec93 on vmi1227854[0m
    [2;3mat[0m rch/src/transfer.rs:4328 [2;3mon[0m ThreadId(1)

  [2m2026-09-07T20:23:17.123551Z[0m [32m INFO[0m [1;32mrch::transfer[0m[32m: [32mArtifacts retrieved in 2385ms (8 files, 14666 bytes)[0m
    [2;3mat[0m rch/src/transfer.rs:4383 [2;3mon[0m ThreadId(1)

  [2m2026-09-07T20:23:17.123614Z[0m [32m INFO[0m [1;32mrch::hook::transfer_orchestration[0m[32m: [32mCustom CARGO_TARGET_DIR artifacts retrieved: 8 files, 14666 bytes in 2385ms[0m
    [2;3mat[0m rch/src/hook/transfer_orchestration.rs:1405 [2;3mon[0m ThreadId(1)

[W] Worker: vmi1227854 | Job: j-30004650170124154
[T] Total: 12.6s (sync 5.5s, build 4.7s, artifacts 2.4s)
^ Sync: 2.3 MB in 5.5s (437.4 KB/s)
[C] Compile: 4.7s
v Artifacts: 14.3 KB in 2.4s (6.0 KB/s)
[T] Cache: MISS
+------------ [OK] Build Successful -------------+
| Duration: 4.7s (^ 64% slower vs previous 2.9s) |
| Artifacts: 8 files (14.3 KB)                   |
| Worker: vmi1227854                             |
| Cache: MISS (warming cache)                    |
| Time: 2026-09-07 20:23:17                      |
+------------------------------------------------+
Warning: Permanently added '109.123.245.77' (ED25519) to the list of known hosts.
[RCH] remote vmi1227854 (15.6s)
[RCH] clean-overlay receipt: base=e25105615a1a5401cd9333fcce539cd36c1c2c9f overlay-fingerprint=56c1bf77254841bf6bb17eb8e1b5d0ba7c1ce6da44f8e25fea2914857b44f04b
