  [2m2026-09-08T10:03:35.168004Z[0m [32m INFO[0m [1;32mrch::hook[0m[32m: [32mSelected worker: vmi1149989 at root@212.90.121.76 (4 slots remaining after reservation, speed 71.9)[0m
    [2;3mat[0m rch/src/hook.rs:2645 [2;3mon[0m ThreadId(1)

[*] Job j-30004650170124463 submitted to vmi1149989 (4 slots remaining, speed 71.9)
  [2m2026-09-08T10:03:35.201685Z[0m [32m INFO[0m [1;32mrch::hook::transfer_orchestration[0m[32m: [32mStarting remote compilation pipeline for franken_alignment_wave8_gate1_20260908 (hash: 8645e2a1fdc36090)[0m
    [2;3mat[0m rch/src/hook/transfer_orchestration.rs:510 [2;3mon[0m ThreadId(1)

  [2m2026-09-08T10:03:35.201715Z[0m [32m INFO[0m [1;32mrch::hook::transfer_orchestration[0m[32m: [32mPrepared dependency sync manifest for 1 roots[0m
    [2;3mat[0m rch/src/hook/transfer_orchestration.rs:532 [2;3mon[0m ThreadId(1)

  [2m2026-09-08T10:03:36.437309Z[0m [32m INFO[0m [1;32mrch::hook::transfer_orchestration[0m[32m: [32mSyncing project to worker vmi1149989...[0m
    [2;3mat[0m rch/src/hook/transfer_orchestration.rs:661 [2;3mon[0m ThreadId(1)

  [2m2026-09-08T10:03:36.438216Z[0m [32m INFO[0m [1;32mrch::transfer[0m[32m: [32mLinked git worktree detected at /Users/jemanuel/projects/franken_alignment_wave8_gate1_20260908 (gitdir: /Users/jemanuel/projects/franken_alignment/.git/worktrees/franken_alignment_wave8_gate1_20260908); excluding dangling '.git' file from upload so the remote build resolves git-free like a normal repo[0m
    [2;3mat[0m rch/src/transfer.rs:2009 [2;3mon[0m ThreadId(1)

  [2m2026-09-08T10:03:36.438241Z[0m [32m INFO[0m [1;32mrch::transfer[0m[32m: [32mSyncing /Users/jemanuel/projects/franken_alignment_wave8_gate1_20260908 -> /Users/jemanuel/projects/franken_alignment_wave8_gate1_20260908 on vmi1149989 (streaming)[0m
    [2;3mat[0m rch/src/transfer.rs:3549 [2;3mon[0m ThreadId(1)

  [2m2026-09-08T10:03:38.974092Z[0m [32m INFO[0m [1;32mrch::hook::transfer_orchestration[0m[32m: [32mSync complete: 824 files, 1635330 bytes in 2516ms[0m
    [2;3mat[0m rch/src/hook/transfer_orchestration.rs:958 [2;3mon[0m ThreadId(1)

  [2m2026-09-08T10:03:38.989054Z[0m [32m INFO[0m [1;32mrch::hook::transfer_orchestration[0m[32m: [32mExecuting command remotely: /data/tmp/rch/franken_alignment_wave8_gate1_20260908/.rch-target-vmi1149989-pool-de10d6accc9fb491c8d673423dc0e73b/release/build/fa-reference/f686dff2b91dd15f/out/range_witness_costs-f686dff2b91dd15f --exact sole_selectable_first_range_members_capture_emits_one_elapsed_ns --nocapture '--test-threads=1'[0m
    [2;3mat[0m rch/src/hook/transfer_orchestration.rs:1018 [2;3mon[0m ThreadId(1)

  [2m2026-09-08T10:03:38.989134Z[0m [32m INFO[0m [1;32mrch::transfer[0m[32m: [32mWrapping command with external timeout protection, [1;32mkind[0m[32m: job, [1;32mtimeout_secs[0m[32m: 3600[0m
    [2;3mat[0m rch/src/transfer.rs:2669 [2;3mon[0m ThreadId(1)

Warning: Permanently added '212.90.121.76' (ED25519) to the list of known hosts.

running 1 test
FA059 first RangeMembers capture: sample_count=1 elapsed_ns=3125 retained_logical_value_bytes=6; scope=WitnessJudgment::capture only, excludes request, fixture, snapshot, and frontier setup; descriptive only
test sole_selectable_first_range_members_capture_emits_one_elapsed_ns ... ok

test result: ok. 1 passed; 0 failed; 0 ignored; 0 measured; 1 filtered out; finished in 0.00s

  [2m2026-09-08T10:03:40.326947Z[0m [32m INFO[0m [1;32mrch::hook::transfer_orchestration[0m[32m: [32mRemote command finished: exit=0 in 1337ms[0m
    [2;3mat[0m rch/src/hook/transfer_orchestration.rs:1150 [2;3mon[0m ThreadId(1)

[W] Worker: vmi1149989 | Job: j-30004650170124463
[T] Total: 3.9s (sync 2.5s, build 1.3s, artifacts --)
^ Sync: 1.6 MB in 2.5s (634.7 KB/s)
[C] Compile: 1.3s
Artifacts: skipped
[T] Cache: MISS
+-------------- * Build Successful ---------------+
| New personal best! 1.3s (previous: 13.1s)       |
| Duration: 1.3s (v 90% faster vs previous 13.1s) |
| Worker: vmi1149989                              |
| Cache: MISS (warming cache)                     |
| Time: 2026-09-08 10:03:40                       |
+-------------------------------------------------+
[RCH] remote vmi1149989 (5.2s)
