  [2m2026-09-08T08:27:51.182742Z[0m [32m INFO[0m [1;32mrch::hook[0m[32m: [32mSelected worker: vmi1149989 at root@212.90.121.76 (4 slots remaining after reservation, speed 71.9)[0m
    [2;3mat[0m rch/src/hook.rs:2645 [2;3mon[0m ThreadId(1)

[*] Job j-30004650170124417 submitted to vmi1149989 (4 slots remaining, speed 71.9)
  [2m2026-09-08T08:27:51.243865Z[0m [32m INFO[0m [1;32mrch::hook::transfer_orchestration[0m[32m: [32mStarting remote compilation pipeline for franken_alignment_wave6_gate4_20260908 (hash: 364cd4a8c1c20686)[0m
    [2;3mat[0m rch/src/hook/transfer_orchestration.rs:510 [2;3mon[0m ThreadId(1)

  [2m2026-09-08T08:27:51.243899Z[0m [32m INFO[0m [1;32mrch::hook::transfer_orchestration[0m[32m: [32mPrepared dependency sync manifest for 1 roots[0m
    [2;3mat[0m rch/src/hook/transfer_orchestration.rs:532 [2;3mon[0m ThreadId(1)

  [2m2026-09-08T08:27:52.481891Z[0m [32m INFO[0m [1;32mrch::hook::transfer_orchestration[0m[32m: [32mSyncing project to worker vmi1149989...[0m
    [2;3mat[0m rch/src/hook/transfer_orchestration.rs:661 [2;3mon[0m ThreadId(1)

  [2m2026-09-08T08:27:52.482480Z[0m [32m INFO[0m [1;32mrch::transfer[0m[32m: [32mLinked git worktree detected at /Users/jemanuel/projects/franken_alignment_wave6_gate4_20260908 (gitdir: /Users/jemanuel/projects/franken_alignment/.git/worktrees/franken_alignment_wave6_gate4_20260908); excluding dangling '.git' file from upload so the remote build resolves git-free like a normal repo[0m
    [2;3mat[0m rch/src/transfer.rs:2009 [2;3mon[0m ThreadId(1)

  [2m2026-09-08T08:27:52.482573Z[0m [32m INFO[0m [1;32mrch::transfer[0m[32m: [32mSyncing /Users/jemanuel/projects/franken_alignment_wave6_gate4_20260908 -> /Users/jemanuel/projects/franken_alignment_wave6_gate4_20260908 on vmi1149989 (streaming)[0m
    [2;3mat[0m rch/src/transfer.rs:3549 [2;3mon[0m ThreadId(1)

  [2m2026-09-08T08:27:55.160559Z[0m [32m INFO[0m [1;32mrch::hook::transfer_orchestration[0m[32m: [32mSync complete: 645 files, 1399630 bytes in 2637ms[0m
    [2;3mat[0m rch/src/hook/transfer_orchestration.rs:958 [2;3mon[0m ThreadId(1)

  [2m2026-09-08T08:27:55.174860Z[0m [32m INFO[0m [1;32mrch::hook::transfer_orchestration[0m[32m: [32mExecuting command remotely: /data/tmp/rch/franken_alignment_wave6_gate4_20260908/.rch-target-vmi1149989-pool-e86f6322022b1595d5e47467b4aa5edb/release/build/fa-reference/97d6f97dab7ab07c/out/witness_costs-97d6f97dab7ab07c --exact first_witness_capture_is_selectable_for_fresh_release_measurement --nocapture '--test-threads=1'[0m
    [2;3mat[0m rch/src/hook/transfer_orchestration.rs:1018 [2;3mon[0m ThreadId(1)

  [2m2026-09-08T08:27:55.174950Z[0m [32m INFO[0m [1;32mrch::transfer[0m[32m: [32mWrapping command with external timeout protection, [1;32mkind[0m[32m: job, [1;32mtimeout_secs[0m[32m: 3600[0m
    [2;3mat[0m rch/src/transfer.rs:2669 [2;3mon[0m ThreadId(1)

Warning: Permanently added '212.90.121.76' (ED25519) to the list of known hosts.

running 1 test
test first_witness_capture_is_selectable_for_fresh_release_measurement ... case=witness_first_capture samples=1 successes=1 invalidations=0 refusals=0 observed_errors=0 requested_logical_value_bytes=8 successful_judgment_logical_value_bytes=8 elapsed_ns=971 timing_scope=fresh_process_exact_capture_setup_excluded_only_when_sole_selected_test memory_measurement=unavailable_in_memory_profile
ok

test result: ok. 1 passed; 0 failed; 0 ignored; 0 measured; 1 filtered out; finished in 0.00s

  [2m2026-09-08T08:27:56.556481Z[0m [32m INFO[0m [1;32mrch::hook::transfer_orchestration[0m[32m: [32mRemote command finished: exit=0 in 1381ms[0m
    [2;3mat[0m rch/src/hook/transfer_orchestration.rs:1150 [2;3mon[0m ThreadId(1)

[W] Worker: vmi1149989 | Job: j-30004650170124417
[T] Total: 4.0s (sync 2.6s, build 1.4s, artifacts --)
^ Sync: 1.3 MB in 2.6s (518.3 KB/s)
[C] Compile: 1.4s
Artifacts: skipped
[T] Cache: MISS
+-------------- * Build Successful ---------------+
| New personal best! 1.4s (previous: 10.2s)       |
| Duration: 1.4s (v 86% faster vs previous 10.2s) |
| Worker: vmi1149989                              |
| Cache: MISS (warming cache)                     |
| Time: 2026-09-08 08:27:57                       |
+-------------------------------------------------+
[RCH] remote vmi1149989 (6.0s)
