  [2m2026-09-08T08:22:58.346809Z[0m [32m INFO[0m [1;32mrch::hook[0m[32m: [32mSelected worker: vmi1149989 at root@212.90.121.76 (4 slots remaining after reservation, speed 71.9)[0m
    [2;3mat[0m rch/src/hook.rs:2645 [2;3mon[0m ThreadId(1)

[*] Job j-30004650170124410 submitted to vmi1149989 (4 slots remaining, speed 71.9)
  [2m2026-09-08T08:22:58.400323Z[0m [32m INFO[0m [1;32mrch::hook::transfer_orchestration[0m[32m: [32mStarting remote compilation pipeline for franken_alignment_wave6-counterexample-value1_20260908 (hash: 5d3362645b2d428b)[0m
    [2;3mat[0m rch/src/hook/transfer_orchestration.rs:510 [2;3mon[0m ThreadId(1)

  [2m2026-09-08T08:22:58.400355Z[0m [32m INFO[0m [1;32mrch::hook::transfer_orchestration[0m[32m: [32mPrepared dependency sync manifest for 1 roots[0m
    [2;3mat[0m rch/src/hook/transfer_orchestration.rs:532 [2;3mon[0m ThreadId(1)

  [2m2026-09-08T08:22:59.625576Z[0m [32m INFO[0m [1;32mrch::hook::transfer_orchestration[0m[32m: [32mSyncing project to worker vmi1149989...[0m
    [2;3mat[0m rch/src/hook/transfer_orchestration.rs:661 [2;3mon[0m ThreadId(1)

  [2m2026-09-08T08:23:04.328111Z[0m [32m INFO[0m [1;32mrch::transfer[0m[32m: [32mLinked git worktree detected at /Users/jemanuel/projects/franken_alignment_wave6-counterexample-value1_20260908 (gitdir: /Users/jemanuel/projects/franken_alignment/.git/worktrees/franken_alignment_wave6-counterexample-value1_20260908); excluding dangling '.git' file from upload so the remote build resolves git-free like a normal repo[0m
    [2;3mat[0m rch/src/transfer.rs:2009 [2;3mon[0m ThreadId(1)

  [2m2026-09-08T08:23:04.328417Z[0m [32m INFO[0m [1;32mrch::transfer[0m[32m: [32mSyncing /Users/jemanuel/projects/franken_alignment_wave6-counterexample-value1_20260908 -> /data/tmp/rch/franken_alignment_wave6-counterexample-value1_20260908/5d3362645b2d428b on vmi1149989 (streaming)[0m
    [2;3mat[0m rch/src/transfer.rs:3549 [2;3mon[0m ThreadId(1)

  [2m2026-09-08T08:23:06.166754Z[0m [32m INFO[0m [1;32mrch::hook::transfer_orchestration[0m[32m: [32mSync complete: 15 files, 9371742 bytes in 6190ms[0m
    [2;3mat[0m rch/src/hook/transfer_orchestration.rs:958 [2;3mon[0m ThreadId(1)

  [2m2026-09-08T08:23:06.187350Z[0m [32m INFO[0m [1;32mrch::hook::transfer_orchestration[0m[32m: [32mExecuting command remotely: cargo +nightly-2026-09-08 test --locked -p fa-reference --test witness_boundaries exact_value_binds_version_query_role_and_snapshot_without_unrelated_invalidation -- --exact --nocapture[0m
    [2;3mat[0m rch/src/hook/transfer_orchestration.rs:1018 [2;3mon[0m ThreadId(1)

  [2m2026-09-08T08:23:06.187456Z[0m [32m INFO[0m [1;32mrch::transfer[0m[32m: [32mRewriting CARGO_TARGET_DIR for remote execution (worker-scoped path): /Volumes/USB_NVME/cargo-target -> /data/tmp/rch/franken_alignment_wave6-counterexample-value1_20260908/.rch-target-vmi1149989-pool-fb39654fc8bcccc38c717e8f95f555b0[0m
    [2;3mat[0m rch/src/transfer.rs:1842 [2;3mon[0m ThreadId(1)

  [2m2026-09-08T08:23:06.187521Z[0m [32m INFO[0m [1;32mrch::transfer[0m[32m: [32mWrapping command with external timeout protection, [1;32mkind[0m[32m: cargo test, [1;32mtimeout_secs[0m[32m: 3600[0m
    [2;3mat[0m rch/src/transfer.rs:2669 [2;3mon[0m ThreadId(1)

Warning: Permanently added '212.90.121.76' (ED25519) to the list of known hosts.
warning: unused field `license-file` in `workspace.package`
 --> Cargo.toml:9:1
  |
9 | license-file = "LICENSE"
  | ^^^^^^^^^^^^
  |
  = note: `cargo::unused_workspace_package_fields` is set to `warn` by default
help: consider removing the field `workspace.package.license-file`
warning: workspace (manifest) generated 1 warning
   Compiling fa-reference v0.2.0 (/data/tmp/rch/franken_alignment_wave6-counterexample-value1_20260908/5d3362645b2d428b/crates/fa-reference)
warning: unused variable: `value`
   --> crates/fa-reference/src/witness.rs:367:21
    |
367 |                     value,
    |                     ^^^^^ help: try ignoring the field: `value: _`
    |
    = note: `#[warn(unused_variables)]` (part of `#[warn(unused)]`) on by default

warning: `fa-reference` (lib) generated 1 warning (run `cargo fix --lib -p fa-reference` to apply 1 suggestion)
    Finished `test` profile [unoptimized + debuginfo] target(s) in 2.16s
     Running tests/witness_boundaries.rs (/data/tmp/rch/franken_alignment_wave6-counterexample-value1_20260908/.rch-target-vmi1149989-pool-fb39654fc8bcccc38c717e8f95f555b0/debug/build/fa-reference/496d356a04ad949c/out/witness_boundaries-496d356a04ad949c)

running 1 test

thread 'exact_value_binds_version_query_role_and_snapshot_without_unrelated_invalidation' (1187865) panicked at crates/fa-reference/tests/witness_boundaries.rs:128:5:
assertion failed: matches!(judgment.reuse_at(&value_changed, &open_frontiers),
    Ok(Reuse::Invalidated { reason: Invalidation::ExactValue, .. }))
test exact_value_binds_version_query_role_and_snapshot_without_unrelated_invalidation ... FAILED

failures:
note: run with `RUST_BACKTRACE=1` environment variable to display a backtrace

failures:
    exact_value_binds_version_query_role_and_snapshot_without_unrelated_invalidation

test result: FAILED. 0 passed; 1 failed; 0 ignored; 0 measured; 2 filtered out; finished in 0.00s

error: test failed, to rerun pass `-p fa-reference --test witness_boundaries`
  [2m2026-09-08T08:23:09.681347Z[0m [32m INFO[0m [1;32mrch::hook::transfer_orchestration[0m[32m: [32mRemote command finished: exit=101 in 3493ms[0m
    [2;3mat[0m rch/src/hook/transfer_orchestration.rs:1150 [2;3mon[0m ThreadId(1)

[W] Worker: vmi1149989 | Job: j-30004650170124410
[T] Total: 9.7s (sync 6.2s, build 3.5s, artifacts --)
^ Sync: 8.9 MB in 6.2s (1.4 MB/s)
[C] Compile: 3.5s
Artifacts: skipped
[T] Cache: MISS
Warning: Permanently added '212.90.121.76' (ED25519) to the list of known hosts.
[RCH] remote vmi1149989 failed (exit 101)
