  [2m2026-09-08T07:53:04.512810Z[0m [32m INFO[0m [1;32mrch::hook[0m[32m: [32mSelected worker: vmi1149989 at root@212.90.121.76 (4 slots remaining after reservation, speed 71.9)[0m
    [2;3mat[0m rch/src/hook.rs:2645 [2;3mon[0m ThreadId(1)

[*] Job j-30004650170124399 submitted to vmi1149989 (4 slots remaining, speed 71.9)
  [2m2026-09-08T07:53:04.600483Z[0m [32m INFO[0m [1;32mrch::hook::transfer_orchestration[0m[32m: [32mStarting remote compilation pipeline for franken_alignment_wave5_gate1_20260908 (hash: 174ea3419ec8cbf0)[0m
    [2;3mat[0m rch/src/hook/transfer_orchestration.rs:510 [2;3mon[0m ThreadId(1)

  [2m2026-09-08T07:53:04.600515Z[0m [32m INFO[0m [1;32mrch::hook::transfer_orchestration[0m[32m: [32mPrepared dependency sync manifest for 1 roots[0m
    [2;3mat[0m rch/src/hook/transfer_orchestration.rs:532 [2;3mon[0m ThreadId(1)

  [2m2026-09-08T07:53:06.041404Z[0m [32m INFO[0m [1;32mrch::hook::transfer_orchestration[0m[32m: [32mSyncing project to worker vmi1149989...[0m
    [2;3mat[0m rch/src/hook/transfer_orchestration.rs:661 [2;3mon[0m ThreadId(1)

  [2m2026-09-08T07:53:06.041743Z[0m [32m INFO[0m [1;32mrch::transfer[0m[32m: [32mLinked git worktree detected at /Users/jemanuel/projects/franken_alignment_wave5_gate1_20260908 (gitdir: /Users/jemanuel/projects/franken_alignment/.git/worktrees/franken_alignment_wave5_gate1_20260908); excluding dangling '.git' file from upload so the remote build resolves git-free like a normal repo[0m
    [2;3mat[0m rch/src/transfer.rs:2009 [2;3mon[0m ThreadId(1)

  [2m2026-09-08T07:53:06.041772Z[0m [32m INFO[0m [1;32mrch::transfer[0m[32m: [32mSyncing /Users/jemanuel/projects/franken_alignment_wave5_gate1_20260908 -> /Users/jemanuel/projects/franken_alignment_wave5_gate1_20260908 on vmi1149989 (streaming)[0m
    [2;3mat[0m rch/src/transfer.rs:3549 [2;3mon[0m ThreadId(1)

  [2m2026-09-08T07:53:08.078887Z[0m [32m INFO[0m [1;32mrch::hook::transfer_orchestration[0m[32m: [32mSync complete: 567 files, 21667 bytes in 2011ms[0m
    [2;3mat[0m rch/src/hook/transfer_orchestration.rs:958 [2;3mon[0m ThreadId(1)

  [2m2026-09-08T07:53:08.149122Z[0m [32m INFO[0m [1;32mrch::hook::transfer_orchestration[0m[32m: [32mExecuting command remotely: /data/tmp/rch/franken_alignment_wave5_gate1_20260908/.rch-target-vmi1149989-pool-453796de37ab59ed58e9bcaa38357bd6/release/build/fa-reference/9edd88ba89c4dc56/out/trace_relation_costs-9edd88ba89c4dc56 --exact cold_first_evaluation_of_registered_valid_pair --nocapture '--test-threads=1'[0m
    [2;3mat[0m rch/src/hook/transfer_orchestration.rs:1018 [2;3mon[0m ThreadId(1)

  [2m2026-09-08T07:53:08.149809Z[0m [32m INFO[0m [1;32mrch::transfer[0m[32m: [32mWrapping command with external timeout protection, [1;32mkind[0m[32m: job, [1;32mtimeout_secs[0m[32m: 3600[0m
    [2;3mat[0m rch/src/transfer.rs:2669 [2;3mon[0m ThreadId(1)

Warning: Permanently added '212.90.121.76' (ED25519) to the list of known hosts.

running 1 test
test cold_first_evaluation_of_registered_valid_pair ... FA092_TRACE_RELATION_COLD case=registered_independent_pair samples=1 evaluated_pairs=1 independent_pairs=1 ordered_pairs=0 logical_operation_count=2 logical_domain_count=3 elapsed_ns=6270 proof_scope=fresh_process_exact_release_invocation_only no_claim=os_page_cache_cpu_cold_heap_allocation_or_production_scheduling
ok

test result: ok. 1 passed; 0 failed; 0 ignored; 0 measured; 1 filtered out; finished in 0.00s

  [2m2026-09-08T07:53:09.657958Z[0m [32m INFO[0m [1;32mrch::hook::transfer_orchestration[0m[32m: [32mRemote command finished: exit=0 in 1496ms[0m
    [2;3mat[0m rch/src/hook/transfer_orchestration.rs:1150 [2;3mon[0m ThreadId(1)

[W] Worker: vmi1149989 | Job: j-30004650170124399
[T] Total: 3.5s (sync 2.0s, build 1.5s, artifacts --)
^ Sync: 21.2 KB in 2.0s (10.5 KB/s)
[C] Compile: 1.5s
Artifacts: skipped
[T] Cache: MISS
+------------ [OK] Build Successful ------------+
| Duration: 1.5s (^ 1% slower vs previous 1.5s) |
| Worker: vmi1149989                            |
| Cache: MISS (warming cache)                   |
| Time: 2026-09-08 07:53:09                     |
+-----------------------------------------------+
[RCH] remote vmi1149989 (5.4s)
