  [2m2026-09-08T04:09:57.298576Z[0m [32m INFO[0m [1;32mrch::hook[0m[32m: [32mSelected worker: hz3 at ubuntu@194.140.197.98 (4 slots remaining after reservation, speed 75.1)[0m
    [2;3mat[0m rch/src/hook.rs:2645 [2;3mon[0m ThreadId(1)

[*] Job j-30004650170124299 submitted to hz3 (4 slots remaining, speed 75.1)
  [2m2026-09-08T04:09:57.559613Z[0m [32m INFO[0m [1;32mrch::hook::transfer_orchestration[0m[32m: [32mStarting remote compilation pipeline for franken_alignment_review_final_20260908 (hash: 7c4648cfa8a7147d)[0m
    [2;3mat[0m rch/src/hook/transfer_orchestration.rs:510 [2;3mon[0m ThreadId(1)

  [2m2026-09-08T04:09:57.559684Z[0m [32m INFO[0m [1;32mrch::hook::transfer_orchestration[0m[32m: [32mPrepared dependency sync manifest for 1 roots[0m
    [2;3mat[0m rch/src/hook/transfer_orchestration.rs:532 [2;3mon[0m ThreadId(1)

  [2m2026-09-08T04:09:59.032698Z[0m [32m INFO[0m [1;32mrch::hook::transfer_orchestration[0m[32m: [32mSyncing project to worker hz3...[0m
    [2;3mat[0m rch/src/hook/transfer_orchestration.rs:661 [2;3mon[0m ThreadId(1)

  [2m2026-09-08T04:10:03.736679Z[0m [32m INFO[0m [1;32mrch::transfer[0m[32m: [32mLinked git worktree detected at /Users/jemanuel/projects/franken_alignment_review_final_20260908 (gitdir: /Users/jemanuel/projects/franken_alignment/.git/worktrees/franken_alignment_review_final_20260908); excluding dangling '.git' file from upload so the remote build resolves git-free like a normal repo[0m
    [2;3mat[0m rch/src/transfer.rs:2009 [2;3mon[0m ThreadId(1)

  [2m2026-09-08T04:10:03.738785Z[0m [32m INFO[0m [1;32mrch::transfer[0m[32m: [32mSyncing /Users/jemanuel/projects/franken_alignment_review_final_20260908 -> /data/tmp/rch/franken_alignment_review_final_20260908/7c4648cfa8a7147d on hz3 (streaming)[0m
    [2;3mat[0m rch/src/transfer.rs:3549 [2;3mon[0m ThreadId(1)

  [2m2026-09-08T04:10:04.457272Z[0m [32m INFO[0m [1;32mrch::hook::transfer_orchestration[0m[32m: [32mSync complete: 48 files, 5241718 bytes in 2904ms[0m
    [2;3mat[0m rch/src/hook/transfer_orchestration.rs:958 [2;3mon[0m ThreadId(1)

  [2m2026-09-08T04:10:04.495961Z[0m [32m INFO[0m [1;32mrch::hook::transfer_orchestration[0m[32m: [32mExecuting command remotely: cargo +nightly-2026-09-07 run --locked -p xtask -- system-map-check[0m
    [2;3mat[0m rch/src/hook/transfer_orchestration.rs:1018 [2;3mon[0m ThreadId(1)

  [2m2026-09-08T04:10:04.496033Z[0m [32m INFO[0m [1;32mrch::transfer[0m[32m: [32mRewriting CARGO_TARGET_DIR for remote execution (worker-scoped path): /Volumes/USB_NVME/cargo-target -> /data/tmp/rch/franken_alignment_review_final_20260908/.rch-target-hz3-pool-bc84de017e24cca001aed21e54752345[0m
    [2;3mat[0m rch/src/transfer.rs:1842 [2;3mon[0m ThreadId(1)

  [2m2026-09-08T04:10:04.496073Z[0m [32m INFO[0m [1;32mrch::transfer[0m[32m: [32mWrapping command with external timeout protection, [1;32mkind[0m[32m: cargo build, [1;32mtimeout_secs[0m[32m: 3600[0m
    [2;3mat[0m rch/src/transfer.rs:2669 [2;3mon[0m ThreadId(1)

warning: unused field `license-file` in `workspace.package`
 --> Cargo.toml:9:1
  |
9 | license-file = "LICENSE"
  | ^^^^^^^^^^^^
  |
  = note: `cargo::unused_workspace_package_fields` is set to `warn` by default
help: consider removing the field `workspace.package.license-file`
warning: workspace (manifest) generated 1 warning
   Compiling xtask v0.2.0 (/data/tmp/rch/franken_alignment_review_final_20260908/7c4648cfa8a7147d/xtask)
    Finished `dev` profile [unoptimized + debuginfo] target(s) in 2.76s
     Running `/data/tmp/rch/franken_alignment_review_final_20260908/.rch-target-hz3-pool-bc84de017e24cca001aed21e54752345/debug/xtask system-map-check`
PASS admission_contract: required local source, target, build/runtime review and future external constraints; snapshot identity matched
SNAPSHOT tool: sha256sum
SNAPSHOT verified files: 133
PASS source_snapshot: 133 reviewed files match the manifest byte for byte, and the discovered set equals the manifest set. Digests come from the operator's SHA-256 tool; no cryptography is implemented here. Not a claim about the hashing binary's authenticity, runtime semantics, or package dependencies.
SYSTEM_MAP input=registry/system_map.json bytes=8225 sha256=7b62748269fd1fa55a7a8ea2a2cd9274970accfff4e7e97b1983fdf342f29223; operator digest and outer freeze, not receipt authentication
SYSTEM_MAP input=registry/vocabulary.json bytes=10344 sha256=b5b7cb253333f43ba6bcc6b08268bb91ceab7767b7d7581fa5cec7f41a475615; operator digest and outer freeze, not receipt authentication
SYSTEM_MAP input=registry/invariants.json bytes=56752 sha256=b2f09b25d5633c7686ecf66a8b1998a489211d01c4a0bf179ce23af89b5f3965; operator digest and outer freeze, not receipt authentication
SYSTEM_MAP input=registry/roadmap.json bytes=112811 sha256=86a1478ce87175b6bb491272819b77f511440b4be9f6849dc2ae75436f783737; operator digest and outer freeze, not receipt authentication
SYSTEM_MAP input=README.md bytes=55253 sha256=41d7c194829ac6955708ccafe10739c59e7d5b0547a40e467f58ae8f21260c8e; operator digest and outer freeze, not receipt authentication
SYSTEM_MAP input=docs/AGENT_GUIDE.md bytes=9645 sha256=cbb54889340d1e239ad17228faa4ad640ce4e684049153d3ff160c44d5144a8f; operator digest and outer freeze, not receipt authentication
SYSTEM_MAP input=docs/SYSTEM_MAP.md bytes=7188 sha256=52cae2e9d0bfef7f44af75c398e9f9d47aba3591389e6b23553e3d390f422c02; operator digest and outer freeze, not receipt authentication
SYSTEM_MAP input=.beads/issues.jsonl bytes=1465027 sha256=b0228d466ec864fbafcd8f314a72f14342bb20ab4f66586b50c06aab1ba3e786; operator digest and outer freeze, not receipt authentication
SYSTEM_MAP input=COMPREHENSIVE_PLAN_FOR_THE_DESIGN_OF_FRANKENALIGNMENT.md bytes=251689 sha256=b08ed463dd8d321a5f1a4a65fb839456345788fcc6cb9b8ff3103c7143d64616; operator digest and outer freeze, not receipt authentication
SYSTEM_MAP_JSON {"missing":[],"retired_in_use":[],"unregistered_verbs":[],"counts":{"layers":9,"verbs":35,"packets":143,"guide_commands":42,"readme_commands":11}}
PASS system_map: bounded registry/document consistency and checker-epic bead link; no command or layer-suite execution claim
  [2m2026-09-08T04:10:08.919275Z[0m [32m INFO[0m [1;32mrch::hook::transfer_orchestration[0m[32m: [32mRemote command finished: exit=0 in 4422ms[0m
    [2;3mat[0m rch/src/hook/transfer_orchestration.rs:1150 [2;3mon[0m ThreadId(1)

  [2m2026-09-08T04:10:09.023874Z[0m [32m INFO[0m [1;32mrch::transfer[0m[32m: [32mRetrieving artifacts from /data/tmp/rch/franken_alignment_review_final_20260908/.rch-target-hz3-pool-bc84de017e24cca001aed21e54752345 on hz3[0m
    [2;3mat[0m rch/src/transfer.rs:4328 [2;3mon[0m ThreadId(1)

  [2m2026-09-08T04:10:13.118507Z[0m [32m INFO[0m [1;32mrch::transfer[0m[32m: [32mArtifacts retrieved in 4094ms (8 files, 24260 bytes)[0m
    [2;3mat[0m rch/src/transfer.rs:4383 [2;3mon[0m ThreadId(1)

  [2m2026-09-08T04:10:13.118596Z[0m [32m INFO[0m [1;32mrch::hook::transfer_orchestration[0m[32m: [32mCustom CARGO_TARGET_DIR artifacts retrieved: 8 files, 24260 bytes in 4094ms[0m
    [2;3mat[0m rch/src/hook/transfer_orchestration.rs:1405 [2;3mon[0m ThreadId(1)

[W] Worker: hz3 | Job: j-30004650170124299
[T] Total: 11.4s (sync 2.9s, build 4.4s, artifacts 4.1s)
^ Sync: 5.0 MB in 2.9s (1.7 MB/s)
[C] Compile: 4.4s
v Artifacts: 23.7 KB in 4.1s (5.8 KB/s)
[T] Cache: MISS
+--- [OK] Build Successful ----+
| Duration: 4.4s               |
| Artifacts: 8 files (23.7 KB) |
| Worker: hz3                  |
| Cache: MISS (warming cache)  |
| Time: 2026-09-08 04:10:13    |
+------------------------------+
[RCH] remote hz3 (22.5s)
[RCH] clean-overlay receipt: base=3001c527c0eb59a785f4dc45744656909ddba7b2 overlay-fingerprint=6511867cd80736e7aee4bbe38c9affc7065e89dd7bb19403c82cdda91e054f14
