  [2m2026-09-08T10:01:29.514215Z[0m [32m INFO[0m [1;32mrch::hook[0m[32m: [32mSelected worker: vmi1149989 at root@212.90.121.76 (4 slots remaining after reservation, speed 71.9)[0m
    [2;3mat[0m rch/src/hook.rs:2645 [2;3mon[0m ThreadId(1)

[*] Job j-30004650170124461 submitted to vmi1149989 (4 slots remaining, speed 71.9)
  [2m2026-09-08T10:01:29.549076Z[0m [32m INFO[0m [1;32mrch::hook::transfer_orchestration[0m[32m: [32mStarting remote compilation pipeline for franken_alignment_wave8-counterexample-empty1_20260908 (hash: 3fd576002880f2c1)[0m
    [2;3mat[0m rch/src/hook/transfer_orchestration.rs:510 [2;3mon[0m ThreadId(1)

  [2m2026-09-08T10:01:29.549102Z[0m [32m INFO[0m [1;32mrch::hook::transfer_orchestration[0m[32m: [32mPrepared dependency sync manifest for 1 roots[0m
    [2;3mat[0m rch/src/hook/transfer_orchestration.rs:532 [2;3mon[0m ThreadId(1)

  [2m2026-09-08T10:01:31.143635Z[0m [32m INFO[0m [1;32mrch::hook::transfer_orchestration[0m[32m: [32mSyncing project to worker vmi1149989...[0m
    [2;3mat[0m rch/src/hook/transfer_orchestration.rs:661 [2;3mon[0m ThreadId(1)

  [2m2026-09-08T10:01:35.502796Z[0m [32m INFO[0m [1;32mrch::transfer[0m[32m: [32mLinked git worktree detected at /Users/jemanuel/projects/franken_alignment_wave8-counterexample-empty1_20260908 (gitdir: /Users/jemanuel/projects/franken_alignment/.git/worktrees/franken_alignment_wave8-counterexample-empty1_20260908); excluding dangling '.git' file from upload so the remote build resolves git-free like a normal repo[0m
    [2;3mat[0m rch/src/transfer.rs:2009 [2;3mon[0m ThreadId(1)

  [2m2026-09-08T10:01:35.502847Z[0m [32m INFO[0m [1;32mrch::transfer[0m[32m: [32mSyncing /Users/jemanuel/projects/franken_alignment_wave8-counterexample-empty1_20260908 -> /data/tmp/rch/franken_alignment_wave8-counterexample-empty1_20260908/3fd576002880f2c1 on vmi1149989 (streaming)[0m
    [2;3mat[0m rch/src/transfer.rs:3549 [2;3mon[0m ThreadId(1)

  [2m2026-09-08T10:01:37.245775Z[0m [32m INFO[0m [1;32mrch::hook::transfer_orchestration[0m[32m: [32mSync complete: 15 files, 14166052 bytes in 5902ms[0m
    [2;3mat[0m rch/src/hook/transfer_orchestration.rs:958 [2;3mon[0m ThreadId(1)

  [2m2026-09-08T10:01:37.256225Z[0m [32m INFO[0m [1;32mrch::hook::transfer_orchestration[0m[32m: [32mExecuting command remotely: cargo +nightly-2026-09-08 test --locked -p fa-reference --test range_witness_exhaustive exhaustive_empty_intervals_reject_every_interior_insertion_and_keep_half_open_endpoints -- --exact --nocapture[0m
    [2;3mat[0m rch/src/hook/transfer_orchestration.rs:1018 [2;3mon[0m ThreadId(1)

  [2m2026-09-08T10:01:37.256309Z[0m [32m INFO[0m [1;32mrch::transfer[0m[32m: [32mRewriting CARGO_TARGET_DIR for remote execution (worker-scoped path): /Volumes/USB_NVME/cargo-target -> /data/tmp/rch/franken_alignment_wave8-counterexample-empty1_20260908/.rch-target-vmi1149989-pool-23a3b02195ec93736a8c3bad0344a787[0m
    [2;3mat[0m rch/src/transfer.rs:1842 [2;3mon[0m ThreadId(1)

  [2m2026-09-08T10:01:37.256334Z[0m [32m INFO[0m [1;32mrch::transfer[0m[32m: [32mWrapping command with external timeout protection, [1;32mkind[0m[32m: cargo test, [1;32mtimeout_secs[0m[32m: 3600[0m
    [2;3mat[0m rch/src/transfer.rs:2669 [2;3mon[0m ThreadId(1)

Warning: Permanently added '212.90.121.76' (ED25519) to the list of known hosts.
warning: unused field `license-file` in `workspace.package`
 --> Cargo.toml:9:1
  |
9 | license-file = "LICENSE"
  | ^^^^^^^^^^^^
  |
  = note: `cargo::unused_workspace_package_fields` is set to `warn` by default
help: consider removing the field `workspace.package.license-file`
warning: workspace (manifest) generated 1 warning
   Compiling fa-reference v0.2.0 (/data/tmp/rch/franken_alignment_wave8-counterexample-empty1_20260908/3fd576002880f2c1/crates/fa-reference)
    Finished `test` profile [unoptimized + debuginfo] target(s) in 3.74s
     Running tests/range_witness_exhaustive.rs (/data/tmp/rch/franken_alignment_wave8-counterexample-empty1_20260908/.rch-target-vmi1149989-pool-23a3b02195ec93736a8c3bad0344a787/debug/build/fa-reference/32e843d981adf56e/out/range_witness_exhaustive-32e843d981adf56e)

running 1 test
test exhaustive_empty_intervals_reject_every_interior_insertion_and_keep_half_open_endpoints ... FAILED

failures:

failures:
    exhaustive_empty_intervals_reject_every_interior_insertion_and_keep_half_open_endpoints

test result: FAILED. 0 passed; 1 failed; 0 ignored; 0 measured; 4 filtered out; finished in 0.00s


thread 'exhaustive_empty_intervals_reject_every_interior_insertion_and_keep_half_open_endpoints' (2547407) panicked at crates/fa-reference/tests/range_witness_exhaustive.rs:122:37:
empty-range result disagreed with direct scan for [0, 1): expected_empty=false, actual=StillValid { cost: ValidationCost { exact_reads: 0, absent_reads: 0, frontier_checks: 1, range_scans: 1, range_members: 0, range_member_bytes: 0 } }
note: run with `RUST_BACKTRACE=1` environment variable to display a backtrace
error: test failed, to rerun pass `-p fa-reference --test range_witness_exhaustive`
  [2m2026-09-08T10:01:42.558557Z[0m [32m INFO[0m [1;32mrch::hook::transfer_orchestration[0m[32m: [32mRemote command finished: exit=101 in 5301ms[0m
    [2;3mat[0m rch/src/hook/transfer_orchestration.rs:1150 [2;3mon[0m ThreadId(1)

[W] Worker: vmi1149989 | Job: j-30004650170124461
[T] Total: 11.2s (sync 5.9s, build 5.3s, artifacts --)
^ Sync: 13.5 MB in 5.9s (2.3 MB/s)
[C] Compile: 5.3s
Artifacts: skipped
[T] Cache: MISS
Warning: Permanently added '212.90.121.76' (ED25519) to the list of known hosts.
[RCH] remote vmi1149989 failed (exit 101)
