  [2m2026-09-08T04:12:16.660786Z[0m [32m INFO[0m [1;32mrch::hook[0m[32m: [32mSelected worker: hz3 at ubuntu@194.140.197.98 (4 slots remaining after reservation, speed 75.1)[0m
    [2;3mat[0m rch/src/hook.rs:2645 [2;3mon[0m ThreadId(1)

[*] Job j-30004650170124304 submitted to hz3 (4 slots remaining, speed 75.1)
  [2m2026-09-08T04:12:17.007182Z[0m [32m INFO[0m [1;32mrch::hook::transfer_orchestration[0m[32m: [32mStarting remote compilation pipeline for franken_alignment_review_final3_20260908 (hash: d1d0ea4563702524)[0m
    [2;3mat[0m rch/src/hook/transfer_orchestration.rs:510 [2;3mon[0m ThreadId(1)

  [2m2026-09-08T04:12:17.007214Z[0m [32m INFO[0m [1;32mrch::hook::transfer_orchestration[0m[32m: [32mPrepared dependency sync manifest for 1 roots[0m
    [2;3mat[0m rch/src/hook/transfer_orchestration.rs:532 [2;3mon[0m ThreadId(1)

  [2m2026-09-08T04:12:18.577086Z[0m [32m INFO[0m [1;32mrch::hook::transfer_orchestration[0m[32m: [32mSyncing project to worker hz3...[0m
    [2;3mat[0m rch/src/hook/transfer_orchestration.rs:661 [2;3mon[0m ThreadId(1)

  [2m2026-09-08T04:12:21.449091Z[0m [32m INFO[0m [1;32mrch::transfer[0m[32m: [32mLinked git worktree detected at /Users/jemanuel/projects/franken_alignment_review_final3_20260908 (gitdir: /Users/jemanuel/projects/franken_alignment/.git/worktrees/franken_alignment_review_final3_20260908); excluding dangling '.git' file from upload so the remote build resolves git-free like a normal repo[0m
    [2;3mat[0m rch/src/transfer.rs:2009 [2;3mon[0m ThreadId(1)

  [2m2026-09-08T04:12:21.449146Z[0m [32m INFO[0m [1;32mrch::transfer[0m[32m: [32mSyncing /Users/jemanuel/projects/franken_alignment_review_final3_20260908 -> /data/tmp/rch/franken_alignment_review_final3_20260908/d1d0ea4563702524 on hz3 (streaming)[0m
    [2;3mat[0m rch/src/transfer.rs:3549 [2;3mon[0m ThreadId(1)

  [2m2026-09-08T04:12:22.635698Z[0m [32m INFO[0m [1;32mrch::hook::transfer_orchestration[0m[32m: [32mSync complete: 49 files, 5242551 bytes in 2594ms[0m
    [2;3mat[0m rch/src/hook/transfer_orchestration.rs:958 [2;3mon[0m ThreadId(1)

  [2m2026-09-08T04:12:22.803585Z[0m [32m INFO[0m [1;32mrch::hook::transfer_orchestration[0m[32m: [32mExecuting command remotely: cargo +nightly-2026-09-07 run --locked -p xtask -- prose-check[0m
    [2;3mat[0m rch/src/hook/transfer_orchestration.rs:1018 [2;3mon[0m ThreadId(1)

  [2m2026-09-08T04:12:22.803718Z[0m [32m INFO[0m [1;32mrch::transfer[0m[32m: [32mRewriting CARGO_TARGET_DIR for remote execution (worker-scoped path): /Volumes/USB_NVME/cargo-target -> /data/tmp/rch/franken_alignment_review_final3_20260908/.rch-target-hz3-pool-7bd4d97942b992e74e79c408f7cf4229[0m
    [2;3mat[0m rch/src/transfer.rs:1842 [2;3mon[0m ThreadId(1)

  [2m2026-09-08T04:12:22.803792Z[0m [32m INFO[0m [1;32mrch::transfer[0m[32m: [32mWrapping command with external timeout protection, [1;32mkind[0m[32m: cargo build, [1;32mtimeout_secs[0m[32m: 3600[0m
    [2;3mat[0m rch/src/transfer.rs:2669 [2;3mon[0m ThreadId(1)

warning: unused field `license-file` in `workspace.package`
 --> Cargo.toml:9:1
  |
9 | license-file = "LICENSE"
  | ^^^^^^^^^^^^
  |
  = note: `cargo::unused_workspace_package_fields` is set to `warn` by default
help: consider removing the field `workspace.package.license-file`
warning: workspace (manifest) generated 1 warning
    Finished `dev` profile [unoptimized + debuginfo] target(s) in 7.53s
     Running `/data/tmp/rch/franken_alignment_review_final3_20260908/.rch-target-hz3-pool-7bd4d97942b992e74e79c408f7cf4229/debug/xtask prose-check`
PASS admission_contract: required local source, target, build/runtime review and future external constraints; snapshot identity matched
SNAPSHOT tool: sha256sum
SNAPSHOT verified files: 133
PASS source_snapshot: 133 reviewed files match the manifest byte for byte, and the discovered set equals the manifest set. Digests come from the operator's SHA-256 tool; no cryptography is implemented here. Not a claim about the hashing binary's authenticity, runtime semantics, or package dependencies.
PROSE input=README.md bytes=55340 sha256=34d4df30db647323ccf48eb7ee73cdb246537722362f62e44a47bbacc8cf40e8; operator digest and outer freeze, not receipt authentication
PROSE input=IMPLEMENTATION_STATUS.md bytes=24272 sha256=3ea7b2d81648a72c14c744f28cd6dadd3680031976a832285ac9a141d0ee4ced; operator digest and outer freeze, not receipt authentication
PROSE input=artifacts/execution/2026-09-08-fresh-review-receipt.json bytes=6730 sha256=e4c95c9284579d65e83d66367230c226f81c1e835433b39ed9ddbc13db023aee; operator digest and outer freeze, not receipt authentication
PROSE input=registry/founding_concordance.json bytes=42815 sha256=cf90c49704448eaaab47e447c15033c94dd66c37c895c74c8b7bce2f135c251d; operator digest and outer freeze, not receipt authentication
PROSE input=registry/invariants.json bytes=56752 sha256=b2f09b25d5633c7686ecf66a8b1998a489211d01c4a0bf179ce23af89b5f3965; operator digest and outer freeze, not receipt authentication
PROSE input=registry/claims.json bytes=15799 sha256=9e729380f01af536b21f116d334977db77e3900e43367c6f19b1522296c61005; operator digest and outer freeze, not receipt authentication
PROSE input=registry/roadmap.json bytes=112811 sha256=86a1478ce87175b6bb491272819b77f511440b4be9f6849dc2ae75436f783737; operator digest and outer freeze, not receipt authentication
PROSE input=COMPREHENSIVE_PLAN_FOR_THE_DESIGN_OF_FRANKENALIGNMENT.md bytes=251689 sha256=b08ed463dd8d321a5f1a4a65fb839456345788fcc6cb9b8ff3103c7143d64616; operator digest and outer freeze, not receipt authentication
PROSE_JSON {"findings":[],"counts":{"founding_ideas":38,"syntheses":9,"engineering_additions":67,"invariants":40,"hypotheses":21,"packets":143}}
PASS prose_consistency: current declarations match registries and the named retained receipt; not new-source execution proof
  [2m2026-09-08T04:12:31.802187Z[0m [32m INFO[0m [1;32mrch::hook::transfer_orchestration[0m[32m: [32mRemote command finished: exit=0 in 8987ms[0m
    [2;3mat[0m rch/src/hook/transfer_orchestration.rs:1150 [2;3mon[0m ThreadId(1)

  [2m2026-09-08T04:12:31.832484Z[0m [32m INFO[0m [1;32mrch::transfer[0m[32m: [32mRetrieving artifacts from /data/tmp/rch/franken_alignment_review_final3_20260908/.rch-target-hz3-pool-7bd4d97942b992e74e79c408f7cf4229 on hz3[0m
    [2;3mat[0m rch/src/transfer.rs:4328 [2;3mon[0m ThreadId(1)

  [2m2026-09-08T04:12:32.469780Z[0m [32m INFO[0m [1;32mrch::transfer[0m[32m: [32mArtifacts retrieved in 637ms (8 files, 642 bytes)[0m
    [2;3mat[0m rch/src/transfer.rs:4383 [2;3mon[0m ThreadId(1)

  [2m2026-09-08T04:12:32.469945Z[0m [32m INFO[0m [1;32mrch::hook::transfer_orchestration[0m[32m: [32mCustom CARGO_TARGET_DIR artifacts retrieved: 8 files, 642 bytes in 637ms[0m
    [2;3mat[0m rch/src/hook/transfer_orchestration.rs:1405 [2;3mon[0m ThreadId(1)

[W] Worker: hz3 | Job: j-30004650170124304
[T] Total: 12.2s (sync 2.6s, build 9.0s, artifacts 637ms)
^ Sync: 5.0 MB in 2.6s (1.9 MB/s)
[C] Compile: 9.0s
v Artifacts: 642 B in 637ms (1008 B/s)
[T] Cache: MISS
+------------- [OK] Build Successful -------------+
| Duration: 9.0s (^ 107% slower vs previous 4.3s) |
| Artifacts: 8 files (642 B)                      |
| Worker: hz3                                     |
| Cache: MISS (warming cache)                     |
| Time: 2026-09-08 04:12:32                       |
+-------------------------------------------------+
[RCH] remote hz3 (16.2s)
[RCH] clean-overlay receipt: base=3001c527c0eb59a785f4dc45744656909ddba7b2 overlay-fingerprint=1a555ab380d6eeeabadd34f32245546756fdb7f7687b0ad97ebc6b1b6b221e06
