  [2m2026-09-08T00:07:43.913685Z[0m [32m INFO[0m [1;32mrch::hook[0m[32m: [32mSelected worker: hz3 at ubuntu@194.140.197.98 (0 slots remaining after reservation, speed 75.1)[0m
    [2;3mat[0m rch/src/hook.rs:2645 [2;3mon[0m ThreadId(1)

[*] Job j-30004650170124240 submitted to hz3 (0 slots remaining, speed 75.1)
  [2m2026-09-08T00:07:46.231610Z[0m [32m INFO[0m [1;32mrch::hook::transfer_orchestration[0m[32m: [32mStarting remote compilation pipeline for franken_alignment_concordance_negative_20260907 (hash: a8dc3a2aa95d309c)[0m
    [2;3mat[0m rch/src/hook/transfer_orchestration.rs:510 [2;3mon[0m ThreadId(1)

  [2m2026-09-08T00:07:46.231639Z[0m [32m INFO[0m [1;32mrch::hook::transfer_orchestration[0m[32m: [32mPrepared dependency sync manifest for 1 roots[0m
    [2;3mat[0m rch/src/hook/transfer_orchestration.rs:532 [2;3mon[0m ThreadId(1)

  [2m2026-09-08T00:07:53.037908Z[0m [32m INFO[0m [1;32mrch::hook::transfer_orchestration[0m[32m: [32mSyncing project to worker hz3...[0m
    [2;3mat[0m rch/src/hook/transfer_orchestration.rs:661 [2;3mon[0m ThreadId(1)

  [2m2026-09-08T00:08:21.817200Z[0m [32m INFO[0m [1;32mrch::transfer[0m[32m: [32mLinked git worktree detected at /Users/jemanuel/projects/franken_alignment_concordance_negative_20260907 (gitdir: /Users/jemanuel/projects/franken_alignment/.git/worktrees/concordance-negative); excluding dangling '.git' file from upload so the remote build resolves git-free like a normal repo[0m
    [2;3mat[0m rch/src/transfer.rs:2009 [2;3mon[0m ThreadId(1)

  [2m2026-09-08T00:08:21.818140Z[0m [32m INFO[0m [1;32mrch::transfer[0m[32m: [32mSyncing /Users/jemanuel/projects/franken_alignment_concordance_negative_20260907 -> /data/tmp/rch/franken_alignment_concordance_negative_20260907/a8dc3a2aa95d309c on hz3 (streaming)[0m
    [2;3mat[0m rch/src/transfer.rs:3549 [2;3mon[0m ThreadId(1)

  [2m2026-09-08T00:08:25.268177Z[0m [32m INFO[0m [1;32mrch::hook::transfer_orchestration[0m[32m: [32mSync complete: 5 files, 3801008 bytes in 18741ms[0m
    [2;3mat[0m rch/src/hook/transfer_orchestration.rs:958 [2;3mon[0m ThreadId(1)

  [2m2026-09-08T00:08:25.285483Z[0m [32m INFO[0m [1;32mrch::hook::transfer_orchestration[0m[32m: [32mExecuting command remotely: cargo +nightly-2026-09-07 run --locked -p xtask -- check[0m
    [2;3mat[0m rch/src/hook/transfer_orchestration.rs:1018 [2;3mon[0m ThreadId(1)

  [2m2026-09-08T00:08:25.285593Z[0m [32m INFO[0m [1;32mrch::transfer[0m[32m: [32mRewriting CARGO_TARGET_DIR for remote execution (worker-scoped path): /Volumes/USB_NVME/cargo-target -> /data/tmp/rch/franken_alignment_concordance_negative_20260907/.rch-target-hz3-pool-304d785b5e3a2695dd01d376808d5bca[0m
    [2;3mat[0m rch/src/transfer.rs:1842 [2;3mon[0m ThreadId(1)

  [2m2026-09-08T00:08:25.285642Z[0m [32m INFO[0m [1;32mrch::transfer[0m[32m: [32mWrapping command with external timeout protection, [1;32mkind[0m[32m: cargo build, [1;32mtimeout_secs[0m[32m: 3600[0m
    [2;3mat[0m rch/src/transfer.rs:2669 [2;3mon[0m ThreadId(1)

warning: unused field `license-file` in `workspace.package`
 --> Cargo.toml:9:1
  |
9 | license-file = "LICENSE"
  | ^^^^^^^^^^^^
  |
  = note: `cargo::unused_workspace_package_fields` is set to `warn` by default
help: consider removing the field `workspace.package.license-file`
warning: workspace (manifest) generated 1 warning
   Compiling xtask v0.2.0 (/data/tmp/rch/franken_alignment_concordance_negative_20260907/a8dc3a2aa95d309c/xtask)
PASS reference_lock: exactly fa-reference and xtask; no external packages
PASS source_inventory: required files and crate-level prohibitions present
EXECUTE rustc -Vv
    Finished `dev` profile [unoptimized + debuginfo] target(s) in 13.69s
     Running `/data/tmp/rch/franken_alignment_concordance_negative_20260907/.rch-target-hz3-pool-304d785b5e3a2695dd01d376808d5bca/debug/xtask check`
rustc 1.100.0-nightly (5a2be9f5f 2026-09-06)
binary: rustc
commit-hash: 5a2be9f5f075d31e3ca5526b5b029881ce441253
commit-date: 2026-09-06
host: x86_64-unknown-linux-gnu
release: 1.100.0-nightly
LLVM version: 23.1.1
PASS qualified_rustc_identity: 5a2be9f5f075d31e3ca5526b5b029881ce441253 on x86_64-unknown-linux-gnu; compiler-reported identity only
PASS admission_contract: required local source, target, build/runtime review and future external constraints; snapshot identity matched
SNAPSHOT tool: sha256sum
SNAPSHOT verified files: 99
PASS source_snapshot: 99 reviewed files match the manifest byte for byte, and the discovered set equals the manifest set. Digests come from the operator's SHA-256 tool; no cryptography is implemented here. Not a claim about the hashing binary's authenticity, runtime semantics, or package dependencies.
EXECUTE cargo metadata --format-version 1 --locked --offline --filter-platform aarch64-apple-darwin --manifest-path /data/tmp/rch/franken_alignment_concordance_negative_20260907/a8dc3a2aa95d309c/Cargo.toml
ADMISSION target profile: aarch64-apple-darwin
ADMISSION inventory:
  fa-reference 0.2.0 path+file:///data/tmp/rch/franken_alignment_concordance_negative_20260907/a8dc3a2aa95d309c/crates/fa-reference#0.2.0 at crates/fa-reference/Cargo.toml [workspace local] kinds=bin,lib,test links=none features=none
  xtask 0.2.0 path+file:///data/tmp/rch/franken_alignment_concordance_negative_20260907/a8dc3a2aa95d309c/xtask#0.2.0 at xtask/Cargo.toml [workspace local] kinds=bin links=none features=none
ADMISSION note: claim is bound to target profile `aarch64-apple-darwin`; cargo metadata does not record which --filter-platform produced it, so the target binding rests on the caller collecting this document with `--filter-platform aarch64-apple-darwin`, not on the document itself
ADMISSION note: metadata establishes identity, structure and feature activation only; it does not establish a runtime or downloaded-artifact closure
PASS admission_closed_inventory[aarch64-apple-darwin]: exact local package set, exact resolve bijection, no external source, build script, proc macro, native link, build or target-scoped dependency, and the frozen feature set. Not a runtime or downloaded-artifact closure claim.
PASS collected_metadata_paths[aarch64-apple-darwin]: actual workspace, manifests and target source files
EXECUTE cargo metadata --format-version 1 --locked --offline --filter-platform x86_64-unknown-linux-gnu --manifest-path /data/tmp/rch/franken_alignment_concordance_negative_20260907/a8dc3a2aa95d309c/Cargo.toml
ADMISSION target profile: x86_64-unknown-linux-gnu
ADMISSION inventory:
  fa-reference 0.2.0 path+file:///data/tmp/rch/franken_alignment_concordance_negative_20260907/a8dc3a2aa95d309c/crates/fa-reference#0.2.0 at crates/fa-reference/Cargo.toml [workspace local] kinds=bin,lib,test links=none features=none
  xtask 0.2.0 path+file:///data/tmp/rch/franken_alignment_concordance_negative_20260907/a8dc3a2aa95d309c/xtask#0.2.0 at xtask/Cargo.toml [workspace local] kinds=bin links=none features=none
ADMISSION note: claim is bound to target profile `x86_64-unknown-linux-gnu`; cargo metadata does not record which --filter-platform produced it, so the target binding rests on the caller collecting this document with `--filter-platform x86_64-unknown-linux-gnu`, not on the document itself
ADMISSION note: metadata establishes identity, structure and feature activation only; it does not establish a runtime or downloaded-artifact closure
PASS admission_closed_inventory[x86_64-unknown-linux-gnu]: exact local package set, exact resolve bijection, no external source, build script, proc macro, native link, build or target-scoped dependency, and the frozen feature set. Not a runtime or downloaded-artifact closure claim.
PASS collected_metadata_paths[x86_64-unknown-linux-gnu]: actual workspace, manifests and target source files
PASS registry_core: IDs, roadmap DAG, declared links, retained files and scoped source test declarations; not execution or invariant proof
CONCORDANCE input=registry/founding_concordance.json bytes=42837 sha256=2ee87d46f4e2a2cde4edea55bbbc71203d7b31bd8421f26fc14291a225e6049c; verified source manifest, outer freeze required
CONCORDANCE input=registry/invariants.json bytes=56752 sha256=b2f09b25d5633c7686ecf66a8b1998a489211d01c4a0bf179ce23af89b5f3965; verified source manifest, outer freeze required
CONCORDANCE input=registry/claims.json bytes=15799 sha256=9e729380f01af536b21f116d334977db77e3900e43367c6f19b1522296c61005; verified source manifest, outer freeze required
CONCORDANCE input=registry/roadmap.json bytes=112256 sha256=39c315ce97938d24ea1a9becbcf3834ece3801b164b4019ce2f002d450f3fbdf; verified source manifest, outer freeze required
CONCORDANCE input=COMPREHENSIVE_PLAN_FOR_THE_DESIGN_OF_FRANKENALIGNMENT.md bytes=251689 sha256=b08ed463dd8d321a5f1a4a65fb839456345788fcc6cb9b8ff3103c7143d64616; verified source manifest, outer freeze required
CONCORDANCE_JSON {"missing":[],"dangling":[{"file":"registry/founding_concordance.json","id":"FA-INV-099","code":"unknown_reference","detail":"unknown invariant"}],"counts":{"headings":231,"invariants":40,"hypotheses":21,"packets":143}}
FAIL: Concordance coverage refused; exact findings are in CONCORDANCE_JSON
  [2m2026-09-08T00:08:42.295394Z[0m [32m INFO[0m [1;32mrch::hook::transfer_orchestration[0m[32m: [32mRemote command finished: exit=1 in 17009ms[0m
    [2;3mat[0m rch/src/hook/transfer_orchestration.rs:1150 [2;3mon[0m ThreadId(1)

[W] Worker: hz3 | Job: j-30004650170124240
[T] Total: 35.8s (sync 18.7s, build 17.0s, artifacts --)
^ Sync: 3.6 MB in 18.7s (198.1 KB/s)
[C] Compile: 17.0s
Artifacts: skipped
[T] Cache: MISS
[RCH] remote hz3 failed (exit 1)
