  [2m2026-09-08T08:28:02.837889Z[0m [32m INFO[0m [1;32mrch::hook[0m[32m: [32mSelected worker: vmi1227854 at root@109.123.245.77 (4 slots remaining after reservation, speed 71.7)[0m
    [2;3mat[0m rch/src/hook.rs:2645 [2;3mon[0m ThreadId(1)

[*] Job j-30004650170124418 submitted to vmi1227854 (4 slots remaining, speed 71.7)
  [2m2026-09-08T08:28:02.899867Z[0m [32m INFO[0m [1;32mrch::hook::transfer_orchestration[0m[32m: [32mStarting remote compilation pipeline for franken_alignment_wave6_gate4_20260908 (hash: 364cd4a8c1c20686)[0m
    [2;3mat[0m rch/src/hook/transfer_orchestration.rs:510 [2;3mon[0m ThreadId(1)

  [2m2026-09-08T08:28:02.899900Z[0m [32m INFO[0m [1;32mrch::hook::transfer_orchestration[0m[32m: [32mPrepared dependency sync manifest for 1 roots[0m
    [2;3mat[0m rch/src/hook/transfer_orchestration.rs:532 [2;3mon[0m ThreadId(1)

  [2m2026-09-08T08:28:04.127632Z[0m [32m INFO[0m [1;32mrch::hook::transfer_orchestration[0m[32m: [32mSyncing project to worker vmi1227854...[0m
    [2;3mat[0m rch/src/hook/transfer_orchestration.rs:661 [2;3mon[0m ThreadId(1)

  [2m2026-09-08T08:28:04.128616Z[0m [32m INFO[0m [1;32mrch::transfer[0m[32m: [32mLinked git worktree detected at /Users/jemanuel/projects/franken_alignment_wave6_gate4_20260908 (gitdir: /Users/jemanuel/projects/franken_alignment/.git/worktrees/franken_alignment_wave6_gate4_20260908); excluding dangling '.git' file from upload so the remote build resolves git-free like a normal repo[0m
    [2;3mat[0m rch/src/transfer.rs:2009 [2;3mon[0m ThreadId(1)

  [2m2026-09-08T08:28:04.128665Z[0m [32m INFO[0m [1;32mrch::transfer[0m[32m: [32mSyncing /Users/jemanuel/projects/franken_alignment_wave6_gate4_20260908 -> /Users/jemanuel/projects/franken_alignment_wave6_gate4_20260908 on vmi1227854 (streaming)[0m
    [2;3mat[0m rch/src/transfer.rs:3549 [2;3mon[0m ThreadId(1)

  [2m2026-09-08T08:28:06.416770Z[0m [32m INFO[0m [1;32mrch::hook::transfer_orchestration[0m[32m: [32mSync complete: 645 files, 1399634 bytes in 2264ms[0m
    [2;3mat[0m rch/src/hook/transfer_orchestration.rs:958 [2;3mon[0m ThreadId(1)

  [2m2026-09-08T08:28:06.435213Z[0m [32m INFO[0m [1;32mrch::hook::transfer_orchestration[0m[32m: [32mExecuting command remotely: heaptrack --record-only -o /tmp/fa-campaign-20260908-wave6-profile2/profile /tmp/fa-campaign-20260908-wave6-profile2/witness_costs --exact fixed_witness_costs_are_descriptive_and_assert_all_outcomes --nocapture '--test-threads=1'[0m
    [2;3mat[0m rch/src/hook/transfer_orchestration.rs:1018 [2;3mon[0m ThreadId(1)

  [2m2026-09-08T08:28:06.435322Z[0m [32m INFO[0m [1;32mrch::transfer[0m[32m: [32mWrapping command with external timeout protection, [1;32mkind[0m[32m: job, [1;32mtimeout_secs[0m[32m: 3600[0m
    [2;3mat[0m rch/src/transfer.rs:2669 [2;3mon[0m ThreadId(1)

Warning: Permanently added '109.123.245.77' (ED25519) to the list of known hosts.
heaptrack output will be written to "/tmp/fa-campaign-20260908-wave6-profile2/profile.zst"
starting application, this might take some time...

running 1 test
test fixed_witness_costs_are_descriptive_and_assert_all_outcomes ... case=fresh_exact_and_absent_capture_reuse samples=12 successes=12 invalidations=0 refusals=0 observed_errors=0 requested_logical_value_bytes=8 successful_judgment_logical_value_bytes=8 elapsed_ns_min=3035 elapsed_ns_median=3570 elapsed_ns_max=47792 elapsed_ns_total=90867 timing_scope=fresh_snapshot_frontier_capture_reuse_assertions_drop memory_measurement=unavailable_in_memory_profile
case=fresh_unrelated_key_churn_remains_valid samples=12 successes=12 invalidations=0 refusals=0 observed_errors=0 requested_logical_value_bytes=8 successful_judgment_logical_value_bytes=8 elapsed_ns_min=4296 elapsed_ns_median=4537 elapsed_ns_max=18158 elapsed_ns_total=71358 timing_scope=fresh_baseline_capture_unrelated_candidate_reuse_assertions_drop memory_measurement=unavailable_in_memory_profile
case=fresh_changed_exact_value_invalidates samples=12 successes=0 invalidations=12 refusals=0 observed_errors=0 requested_logical_value_bytes=8 successful_judgment_logical_value_bytes=8 elapsed_ns_min=4377 elapsed_ns_median=4507 elapsed_ns_max=18889 elapsed_ns_total=71849 timing_scope=fresh_baseline_capture_control_changed_exact_candidate_reuse_assertions_drop memory_measurement=unavailable_in_memory_profile
case=fresh_absent_insertion_invalidates samples=12 successes=0 invalidations=12 refusals=0 observed_errors=0 requested_logical_value_bytes=8 successful_judgment_logical_value_bytes=8 elapsed_ns_min=4657 elapsed_ns_median=4872 elapsed_ns_max=17417 elapsed_ns_total=74392 timing_scope=fresh_baseline_capture_control_absent_insertion_candidate_reuse_assertions_drop memory_measurement=unavailable_in_memory_profile
case=fresh_unknown_closure_refusal samples=12 successes=0 invalidations=0 refusals=12 observed_errors=0 requested_logical_value_bytes=8 successful_judgment_logical_value_bytes=0 elapsed_ns_min=2223 elapsed_ns_median=2443 elapsed_ns_max=11667 elapsed_ns_total=40870 timing_scope=fresh_snapshot_capture_refusal_assertions_drop memory_measurement=unavailable_in_memory_profile
case=fresh_stale_snapshot_refusal samples=12 successes=0 invalidations=0 refusals=12 observed_errors=0 requested_logical_value_bytes=8 successful_judgment_logical_value_bytes=8 elapsed_ns_min=4147 elapsed_ns_median=4371 elapsed_ns_max=16945 elapsed_ns_total=67021 timing_scope=fresh_baseline_capture_stale_candidate_reuse_assertions_drop memory_measurement=unavailable_in_memory_profile
ok

test result: ok. 1 passed; 0 failed; 0 ignored; 0 measured; 1 filtered out; finished in 0.00s

NOTE: heaptrack detected DEBUGINFOD_URLS but will disable it to prevent 
unintended network delays during recording
If you really want to use DEBUGINFOD, export HEAPTRACK_ENABLE_DEBUGINFOD=1
heaptrack stats:
	allocations:          	1431
	leaked allocations:   	4
	temporary allocations:	41
Heaptrack finished! Now run the following to investigate the data:

  heaptrack --analyze "/tmp/fa-campaign-20260908-wave6-profile2/profile.zst"
  [2m2026-09-08T08:28:07.922672Z[0m [32m INFO[0m [1;32mrch::hook::transfer_orchestration[0m[32m: [32mRemote command finished: exit=0 in 1486ms[0m
    [2;3mat[0m rch/src/hook/transfer_orchestration.rs:1150 [2;3mon[0m ThreadId(1)

[W] Worker: vmi1227854 | Job: j-30004650170124418
[T] Total: 3.8s (sync 2.3s, build 1.5s, artifacts --)
^ Sync: 1.3 MB in 2.3s (603.7 KB/s)
[C] Compile: 1.5s
Artifacts: skipped
[T] Cache: MISS
+------------ [OK] Build Successful ------------+
| Duration: 1.5s (^ 8% slower vs previous 1.4s) |
| Worker: vmi1227854                            |
| Cache: MISS (warming cache)                   |
| Time: 2026-09-08 08:28:07                     |
+-----------------------------------------------+
[RCH] remote vmi1227854 (5.1s)
