  [2m2026-09-08T06:23:31.740385Z[0m [32m INFO[0m [1;32mrch::hook[0m[32m: [32mSelected worker: vmi1227854 at root@109.123.245.77 (4 slots remaining after reservation, speed 71.7)[0m
    [2;3mat[0m rch/src/hook.rs:2645 [2;3mon[0m ThreadId(1)

[*] Job j-30004650170124354 submitted to vmi1227854 (4 slots remaining, speed 71.7)
  [2m2026-09-08T06:23:31.821520Z[0m [32m INFO[0m [1;32mrch::hook::transfer_orchestration[0m[32m: [32mStarting remote compilation pipeline for franken_alignment_wave3_counterexample_20260908 (hash: 1099e872be974895)[0m
    [2;3mat[0m rch/src/hook/transfer_orchestration.rs:510 [2;3mon[0m ThreadId(1)

  [2m2026-09-08T06:23:31.821560Z[0m [32m INFO[0m [1;32mrch::hook::transfer_orchestration[0m[32m: [32mPrepared dependency sync manifest for 1 roots[0m
    [2;3mat[0m rch/src/hook/transfer_orchestration.rs:532 [2;3mon[0m ThreadId(1)

  [2m2026-09-08T06:23:33.244849Z[0m [32m INFO[0m [1;32mrch::hook::transfer_orchestration[0m[32m: [32mSyncing project to worker vmi1227854...[0m
    [2;3mat[0m rch/src/hook/transfer_orchestration.rs:661 [2;3mon[0m ThreadId(1)

  [2m2026-09-08T06:23:37.931312Z[0m [32m INFO[0m [1;32mrch::transfer[0m[32m: [32mLinked git worktree detected at /Users/jemanuel/projects/franken_alignment_wave3_counterexample_20260908 (gitdir: /Users/jemanuel/projects/franken_alignment/.git/worktrees/franken_alignment_wave3_counterexample_20260908); excluding dangling '.git' file from upload so the remote build resolves git-free like a normal repo[0m
    [2;3mat[0m rch/src/transfer.rs:2009 [2;3mon[0m ThreadId(1)

  [2m2026-09-08T06:23:37.931612Z[0m [32m INFO[0m [1;32mrch::transfer[0m[32m: [32mSyncing /Users/jemanuel/projects/franken_alignment_wave3_counterexample_20260908 -> /data/tmp/rch/franken_alignment_wave3_counterexample_20260908/1099e872be974895 on vmi1227854 (streaming)[0m
    [2;3mat[0m rch/src/transfer.rs:3549 [2;3mon[0m ThreadId(1)

  [2m2026-09-08T06:23:39.809997Z[0m [32m INFO[0m [1;32mrch::hook::transfer_orchestration[0m[32m: [32mSync complete: 14 files, 6123451 bytes in 6157ms[0m
    [2;3mat[0m rch/src/hook/transfer_orchestration.rs:958 [2;3mon[0m ThreadId(1)

  [2m2026-09-08T06:23:39.842745Z[0m [32m INFO[0m [1;32mrch::hook::transfer_orchestration[0m[32m: [32mExecuting command remotely: cargo +nightly-2026-09-07 test --locked -p fa-reference --test full_input_boundaries opaque_judgment_public_boundary_binds_every_submitted_byte_and_epoch -- --exact --nocapture[0m
    [2;3mat[0m rch/src/hook/transfer_orchestration.rs:1018 [2;3mon[0m ThreadId(1)

  [2m2026-09-08T06:23:39.842881Z[0m [32m INFO[0m [1;32mrch::transfer[0m[32m: [32mRewriting CARGO_TARGET_DIR for remote execution (worker-scoped path): /Volumes/USB_NVME/cargo-target -> /data/tmp/rch/franken_alignment_wave3_counterexample_20260908/.rch-target-vmi1227854-pool-a28c60b4ee42e962928ca6e77a348eec[0m
    [2;3mat[0m rch/src/transfer.rs:1842 [2;3mon[0m ThreadId(1)

  [2m2026-09-08T06:23:39.842923Z[0m [32m INFO[0m [1;32mrch::transfer[0m[32m: [32mWrapping command with external timeout protection, [1;32mkind[0m[32m: cargo test, [1;32mtimeout_secs[0m[32m: 3600[0m
    [2;3mat[0m rch/src/transfer.rs:2669 [2;3mon[0m ThreadId(1)

Warning: Permanently added '109.123.245.77' (ED25519) to the list of known hosts.
warning: unused field `license-file` in `workspace.package`
 --> Cargo.toml:9:1
  |
9 | license-file = "LICENSE"
  | ^^^^^^^^^^^^
  |
  = note: `cargo::unused_workspace_package_fields` is set to `warn` by default
help: consider removing the field `workspace.package.license-file`
warning: workspace (manifest) generated 1 warning
   Compiling fa-reference v0.2.0 (/data/tmp/rch/franken_alignment_wave3_counterexample_20260908/1099e872be974895/crates/fa-reference)
    Finished `test` profile [unoptimized + debuginfo] target(s) in 1.49s
     Running tests/full_input_boundaries.rs (/data/tmp/rch/franken_alignment_wave3_counterexample_20260908/.rch-target-vmi1227854-pool-a28c60b4ee42e962928ca6e77a348eec/debug/build/fa-reference/d537a58083654924/out/full_input_boundaries-d537a58083654924)

running 1 test
test opaque_judgment_public_boundary_binds_every_submitted_byte_and_epoch ... FAILED

failures:

failures:
    opaque_judgment_public_boundary_binds_every_submitted_byte_and_epoch

test result: FAILED. 0 passed; 1 failed; 0 ignored; 0 measured; 3 filtered out; finished in 0.00s


thread 'opaque_judgment_public_boundary_binds_every_submitted_byte_and_epoch' (1613132) panicked at crates/fa-reference/tests/full_input_boundaries.rs:157:5:
assertion failed: !judgment.valid_at(&tokenizer_changed)
note: run with `RUST_BACKTRACE=1` environment variable to display a backtrace
error: test failed, to rerun pass `-p fa-reference --test full_input_boundaries`
  [2m2026-09-08T06:23:43.106090Z[0m [32m INFO[0m [1;32mrch::hook::transfer_orchestration[0m[32m: [32mRemote command finished: exit=101 in 3262ms[0m
    [2;3mat[0m rch/src/hook/transfer_orchestration.rs:1150 [2;3mon[0m ThreadId(1)

[W] Worker: vmi1227854 | Job: j-30004650170124354
[T] Total: 9.4s (sync 6.2s, build 3.3s, artifacts --)
^ Sync: 5.8 MB in 6.2s (971.2 KB/s)
[C] Compile: 3.3s
Artifacts: skipped
[T] Cache: MISS
Warning: Permanently added '109.123.245.77' (ED25519) to the list of known hosts.
[RCH] remote vmi1227854 failed (exit 101)
