  [2m2026-09-08T04:10:37.340174Z[0m [32m INFO[0m [1;32mrch::hook[0m[32m: [32mSelected worker: hz3 at ubuntu@194.140.197.98 (4 slots remaining after reservation, speed 75.1)[0m
    [2;3mat[0m rch/src/hook.rs:2645 [2;3mon[0m ThreadId(1)

[*] Job j-30004650170124300 submitted to hz3 (4 slots remaining, speed 75.1)
  [2m2026-09-08T04:10:37.764051Z[0m [32m INFO[0m [1;32mrch::hook::transfer_orchestration[0m[32m: [32mStarting remote compilation pipeline for franken_alignment_review_final_20260908 (hash: 004c077c68f74376)[0m
    [2;3mat[0m rch/src/hook/transfer_orchestration.rs:510 [2;3mon[0m ThreadId(1)

  [2m2026-09-08T04:10:37.764100Z[0m [32m INFO[0m [1;32mrch::hook::transfer_orchestration[0m[32m: [32mPrepared dependency sync manifest for 1 roots[0m
    [2;3mat[0m rch/src/hook/transfer_orchestration.rs:532 [2;3mon[0m ThreadId(1)

  [2m2026-09-08T04:10:39.589440Z[0m [32m INFO[0m [1;32mrch::hook::transfer_orchestration[0m[32m: [32mSyncing project to worker hz3...[0m
    [2;3mat[0m rch/src/hook/transfer_orchestration.rs:661 [2;3mon[0m ThreadId(1)

  [2m2026-09-08T04:10:44.034891Z[0m [32m INFO[0m [1;32mrch::transfer[0m[32m: [32mLinked git worktree detected at /Users/jemanuel/projects/franken_alignment_review_final_20260908 (gitdir: /Users/jemanuel/projects/franken_alignment/.git/worktrees/franken_alignment_review_final_20260908); excluding dangling '.git' file from upload so the remote build resolves git-free like a normal repo[0m
    [2;3mat[0m rch/src/transfer.rs:2009 [2;3mon[0m ThreadId(1)

  [2m2026-09-08T04:10:44.045694Z[0m [32m INFO[0m [1;32mrch::transfer[0m[32m: [32mSyncing /Users/jemanuel/projects/franken_alignment_review_final_20260908 -> /data/tmp/rch/franken_alignment_review_final_20260908/004c077c68f74376 on hz3 (streaming)[0m
    [2;3mat[0m rch/src/transfer.rs:3549 [2;3mon[0m ThreadId(1)

  [2m2026-09-08T04:10:45.354469Z[0m [32m INFO[0m [1;32mrch::hook::transfer_orchestration[0m[32m: [32mSync complete: 48 files, 5241722 bytes in 4106ms[0m
    [2;3mat[0m rch/src/hook/transfer_orchestration.rs:958 [2;3mon[0m ThreadId(1)

  [2m2026-09-08T04:10:45.376456Z[0m [32m INFO[0m [1;32mrch::hook::transfer_orchestration[0m[32m: [32mExecuting command remotely: cargo +nightly-2026-09-07 run --locked -p xtask -- prose-check[0m
    [2;3mat[0m rch/src/hook/transfer_orchestration.rs:1018 [2;3mon[0m ThreadId(1)

  [2m2026-09-08T04:10:45.376559Z[0m [32m INFO[0m [1;32mrch::transfer[0m[32m: [32mRewriting CARGO_TARGET_DIR for remote execution (worker-scoped path): /Volumes/USB_NVME/cargo-target -> /data/tmp/rch/franken_alignment_review_final_20260908/.rch-target-hz3-pool-bc84de017e24cca001aed21e54752345[0m
    [2;3mat[0m rch/src/transfer.rs:1842 [2;3mon[0m ThreadId(1)

  [2m2026-09-08T04:10:45.376593Z[0m [32m INFO[0m [1;32mrch::transfer[0m[32m: [32mWrapping command with external timeout protection, [1;32mkind[0m[32m: cargo build, [1;32mtimeout_secs[0m[32m: 3600[0m
    [2;3mat[0m rch/src/transfer.rs:2669 [2;3mon[0m ThreadId(1)

PASS admission_contract: required local source, target, build/runtime review and future external constraints; snapshot identity matched
warning: unused field `license-file` in `workspace.package`
 --> Cargo.toml:9:1
  |
9 | license-file = "LICENSE"
  | ^^^^^^^^^^^^
  |
  = note: `cargo::unused_workspace_package_fields` is set to `warn` by default
help: consider removing the field `workspace.package.license-file`
warning: workspace (manifest) generated 1 warning
    Finished `dev` profile [unoptimized + debuginfo] target(s) in 0.02s
     Running `/data/tmp/rch/franken_alignment_review_final_20260908/.rch-target-hz3-pool-bc84de017e24cca001aed21e54752345/debug/xtask prose-check`
SNAPSHOT tool: sha256sum
SNAPSHOT verified files: 133
PASS source_snapshot: 133 reviewed files match the manifest byte for byte, and the discovered set equals the manifest set. Digests come from the operator's SHA-256 tool; no cryptography is implemented here. Not a claim about the hashing binary's authenticity, runtime semantics, or package dependencies.
PROSE input=README.md bytes=55253 sha256=41d7c194829ac6955708ccafe10739c59e7d5b0547a40e467f58ae8f21260c8e; operator digest and outer freeze, not receipt authentication
PROSE input=IMPLEMENTATION_STATUS.md bytes=24272 sha256=3ea7b2d81648a72c14c744f28cd6dadd3680031976a832285ac9a141d0ee4ced; operator digest and outer freeze, not receipt authentication
PROSE input=artifacts/execution/2026-09-08-fresh-review-receipt.json bytes=6730 sha256=e4c95c9284579d65e83d66367230c226f81c1e835433b39ed9ddbc13db023aee; operator digest and outer freeze, not receipt authentication
PROSE input=registry/founding_concordance.json bytes=42815 sha256=cf90c49704448eaaab47e447c15033c94dd66c37c895c74c8b7bce2f135c251d; operator digest and outer freeze, not receipt authentication
PROSE input=registry/invariants.json bytes=56752 sha256=b2f09b25d5633c7686ecf66a8b1998a489211d01c4a0bf179ce23af89b5f3965; operator digest and outer freeze, not receipt authentication
PROSE input=registry/claims.json bytes=15799 sha256=9e729380f01af536b21f116d334977db77e3900e43367c6f19b1522296c61005; operator digest and outer freeze, not receipt authentication
PROSE input=registry/roadmap.json bytes=112811 sha256=86a1478ce87175b6bb491272819b77f511440b4be9f6849dc2ae75436f783737; operator digest and outer freeze, not receipt authentication
PROSE input=COMPREHENSIVE_PLAN_FOR_THE_DESIGN_OF_FRANKENALIGNMENT.md bytes=251689 sha256=b08ed463dd8d321a5f1a4a65fb839456345788fcc6cb9b8ff3103c7143d64616; operator digest and outer freeze, not receipt authentication
PROSE_JSON {"findings":[{"file":"README.md","anchor":"reference_oracle_tests","code":"count_mismatch","detail":"README says 16 public-API integration tests; receipt has 18"},{"file":"README.md","anchor":"reference_oracle_tests","code":"count_mismatch","detail":"README says 56 qualified unit tests; receipt has 57"}],"counts":{"founding_ideas":38,"syntheses":9,"engineering_additions":67,"invariants":40,"hypotheses":21,"packets":143}}
FAIL: Current prose consistency refused; exact findings are in PROSE_JSON
  [2m2026-09-08T04:10:46.690017Z[0m [32m INFO[0m [1;32mrch::hook::transfer_orchestration[0m[32m: [32mRemote command finished: exit=1 in 1313ms[0m
    [2;3mat[0m rch/src/hook/transfer_orchestration.rs:1150 [2;3mon[0m ThreadId(1)

[W] Worker: hz3 | Job: j-30004650170124300
[T] Total: 5.4s (sync 4.1s, build 1.3s, artifacts --)
^ Sync: 5.0 MB in 4.1s (1.2 MB/s)
[C] Compile: 1.3s
Artifacts: skipped
[T] Cache: MISS
[RCH] remote hz3 failed (exit 1)
