  [2m2026-09-08T05:37:39.359713Z[0m [32m INFO[0m [1;32mrch::hook[0m[32m: [32mSelected worker: hz3 at ubuntu@194.140.197.98 (6 slots remaining after reservation, speed 75.1)[0m
    [2;3mat[0m rch/src/hook.rs:2645 [2;3mon[0m ThreadId(1)

[*] Job j-30004650170124334 submitted to hz3 (6 slots remaining, speed 75.1)
  [2m2026-09-08T05:37:39.468429Z[0m [32m INFO[0m [1;32mrch::hook::transfer_orchestration[0m[32m: [32mStarting remote compilation pipeline for franken_alignment_wave2_gate2_20260908 (hash: 7309ab4c82cad7a3)[0m
    [2;3mat[0m rch/src/hook/transfer_orchestration.rs:510 [2;3mon[0m ThreadId(1)

  [2m2026-09-08T05:37:39.468505Z[0m [32m INFO[0m [1;32mrch::hook::transfer_orchestration[0m[32m: [32mPrepared dependency sync manifest for 1 roots[0m
    [2;3mat[0m rch/src/hook/transfer_orchestration.rs:532 [2;3mon[0m ThreadId(1)

  [2m2026-09-08T05:37:40.748718Z[0m [32m INFO[0m [1;32mrch::hook::transfer_orchestration[0m[32m: [32mSyncing project to worker hz3...[0m
    [2;3mat[0m rch/src/hook/transfer_orchestration.rs:661 [2;3mon[0m ThreadId(1)

  [2m2026-09-08T05:37:45.780487Z[0m [32m INFO[0m [1;32mrch::transfer[0m[32m: [32mLinked git worktree detected at /Users/jemanuel/projects/franken_alignment_wave2_gate2_20260908 (gitdir: /Users/jemanuel/projects/franken_alignment/.git/worktrees/franken_alignment_wave2_gate2_20260908); excluding dangling '.git' file from upload so the remote build resolves git-free like a normal repo[0m
    [2;3mat[0m rch/src/transfer.rs:2009 [2;3mon[0m ThreadId(1)

  [2m2026-09-08T05:37:45.780584Z[0m [32m INFO[0m [1;32mrch::transfer[0m[32m: [32mSyncing /Users/jemanuel/projects/franken_alignment_wave2_gate2_20260908 -> /data/tmp/rch/franken_alignment_wave2_gate2_20260908/7309ab4c82cad7a3 on hz3 (streaming)[0m
    [2;3mat[0m rch/src/transfer.rs:3549 [2;3mon[0m ThreadId(1)

  [2m2026-09-08T05:37:46.307894Z[0m [32m INFO[0m [1;32mrch::hook::transfer_orchestration[0m[32m: [32mSync complete: 15 files, 5822660 bytes in 4983ms[0m
    [2;3mat[0m rch/src/hook/transfer_orchestration.rs:958 [2;3mon[0m ThreadId(1)

  [2m2026-09-08T05:37:46.342568Z[0m [32m INFO[0m [1;32mrch::hook::transfer_orchestration[0m[32m: [32mExecuting command remotely: cargo +nightly-2026-09-07 run --locked -p xtask -- check[0m
    [2;3mat[0m rch/src/hook/transfer_orchestration.rs:1018 [2;3mon[0m ThreadId(1)

  [2m2026-09-08T05:37:46.342726Z[0m [32m INFO[0m [1;32mrch::transfer[0m[32m: [32mRewriting CARGO_TARGET_DIR for remote execution (worker-scoped path): /Volumes/USB_NVME/cargo-target -> /data/tmp/rch/franken_alignment_wave2_gate2_20260908/.rch-target-hz3-pool-1892541795258e58454b565071860a9d[0m
    [2;3mat[0m rch/src/transfer.rs:1842 [2;3mon[0m ThreadId(1)

  [2m2026-09-08T05:37:46.342811Z[0m [32m INFO[0m [1;32mrch::transfer[0m[32m: [32mWrapping command with external timeout protection, [1;32mkind[0m[32m: cargo build, [1;32mtimeout_secs[0m[32m: 3600[0m
    [2;3mat[0m rch/src/transfer.rs:2669 [2;3mon[0m ThreadId(1)

warning: unused field `license-file` in `workspace.package`
 --> Cargo.toml:9:1
  |
9 | license-file = "LICENSE"
  | ^^^^^^^^^^^^
  |
  = note: `cargo::unused_workspace_package_fields` is set to `warn` by default
help: consider removing the field `workspace.package.license-file`
warning: workspace (manifest) generated 1 warning
   Compiling xtask v0.2.0 (/data/tmp/rch/franken_alignment_wave2_gate2_20260908/7309ab4c82cad7a3/xtask)
    Finished `dev` profile [unoptimized + debuginfo] target(s) in 2.55s
     Running `/data/tmp/rch/franken_alignment_wave2_gate2_20260908/.rch-target-hz3-pool-1892541795258e58454b565071860a9d/debug/xtask check`
PASS reference_lock: exactly fa-reference and xtask; no external packages
PASS source_inventory: required files and crate-level prohibitions present
EXECUTE rustc -Vv
rustc 1.100.0-nightly (5a2be9f5f 2026-09-06)
binary: rustc
commit-hash: 5a2be9f5f075d31e3ca5526b5b029881ce441253
commit-date: 2026-09-06
host: x86_64-unknown-linux-gnu
release: 1.100.0-nightly
LLVM version: 23.1.1
PASS qualified_rustc_identity: 5a2be9f5f075d31e3ca5526b5b029881ce441253 on x86_64-unknown-linux-gnu; compiler-reported identity only
PASS admission_contract: required local source, target, build/runtime review and future external constraints; snapshot identity matched
SNAPSHOT tool: sha256sum
SNAPSHOT verified files: 139
PASS source_snapshot: 139 reviewed files match the manifest byte for byte, and the discovered set equals the manifest set. Digests come from the operator's SHA-256 tool; no cryptography is implemented here. Not a claim about the hashing binary's authenticity, runtime semantics, or package dependencies.
EXECUTE cargo metadata --format-version 1 --locked --offline --filter-platform aarch64-apple-darwin --manifest-path /data/tmp/rch/franken_alignment_wave2_gate2_20260908/7309ab4c82cad7a3/Cargo.toml
ADMISSION target profile: aarch64-apple-darwin
ADMISSION inventory:
  fa-reference 0.2.0 path+file:///data/tmp/rch/franken_alignment_wave2_gate2_20260908/7309ab4c82cad7a3/crates/fa-reference#0.2.0 at crates/fa-reference/Cargo.toml [workspace local] kinds=bin,lib,test links=none features=none
  xtask 0.2.0 path+file:///data/tmp/rch/franken_alignment_wave2_gate2_20260908/7309ab4c82cad7a3/xtask#0.2.0 at xtask/Cargo.toml [workspace local] kinds=bin links=none features=none
ADMISSION note: claim is bound to target profile `aarch64-apple-darwin`; cargo metadata does not record which --filter-platform produced it, so the target binding rests on the caller collecting this document with `--filter-platform aarch64-apple-darwin`, not on the document itself
ADMISSION note: metadata establishes identity, structure and feature activation only; it does not establish a runtime or downloaded-artifact closure
PASS admission_closed_inventory[aarch64-apple-darwin]: exact local package set, exact resolve bijection, no external source, build script, proc macro, native link, build or target-scoped dependency, and the frozen feature set. Not a runtime or downloaded-artifact closure claim.
PASS collected_metadata_paths[aarch64-apple-darwin]: actual workspace, manifests and target source files
EXECUTE cargo metadata --format-version 1 --locked --offline --filter-platform x86_64-unknown-linux-gnu --manifest-path /data/tmp/rch/franken_alignment_wave2_gate2_20260908/7309ab4c82cad7a3/Cargo.toml
ADMISSION target profile: x86_64-unknown-linux-gnu
ADMISSION inventory:
  fa-reference 0.2.0 path+file:///data/tmp/rch/franken_alignment_wave2_gate2_20260908/7309ab4c82cad7a3/crates/fa-reference#0.2.0 at crates/fa-reference/Cargo.toml [workspace local] kinds=bin,lib,test links=none features=none
  xtask 0.2.0 path+file:///data/tmp/rch/franken_alignment_wave2_gate2_20260908/7309ab4c82cad7a3/xtask#0.2.0 at xtask/Cargo.toml [workspace local] kinds=bin links=none features=none
ADMISSION note: claim is bound to target profile `x86_64-unknown-linux-gnu`; cargo metadata does not record which --filter-platform produced it, so the target binding rests on the caller collecting this document with `--filter-platform x86_64-unknown-linux-gnu`, not on the document itself
ADMISSION note: metadata establishes identity, structure and feature activation only; it does not establish a runtime or downloaded-artifact closure
PASS admission_closed_inventory[x86_64-unknown-linux-gnu]: exact local package set, exact resolve bijection, no external source, build script, proc macro, native link, build or target-scoped dependency, and the frozen feature set. Not a runtime or downloaded-artifact closure claim.
PASS collected_metadata_paths[x86_64-unknown-linux-gnu]: actual workspace, manifests and target source files
PASS registry_core: IDs, roadmap DAG, declared links, retained files and scoped source test declarations; not execution or invariant proof
CONCORDANCE input=registry/founding_concordance.json bytes=42815 sha256=cf90c49704448eaaab47e447c15033c94dd66c37c895c74c8b7bce2f135c251d; verified source manifest, outer freeze required
CONCORDANCE input=registry/invariants.json bytes=56752 sha256=b2f09b25d5633c7686ecf66a8b1998a489211d01c4a0bf179ce23af89b5f3965; verified source manifest, outer freeze required
CONCORDANCE input=registry/claims.json bytes=15799 sha256=9e729380f01af536b21f116d334977db77e3900e43367c6f19b1522296c61005; verified source manifest, outer freeze required
CONCORDANCE input=registry/roadmap.json bytes=113014 sha256=1cc56ebd84642cfe91fc0c769c5a28f2a83b87424ba0a3d8acff2d42b7b6f855; verified source manifest, outer freeze required
CONCORDANCE input=COMPREHENSIVE_PLAN_FOR_THE_DESIGN_OF_FRANKENALIGNMENT.md bytes=251689 sha256=b08ed463dd8d321a5f1a4a65fb839456345788fcc6cb9b8ff3103c7143d64616; verified source manifest, outer freeze required
CONCORDANCE_JSON {"missing":[],"dangling":[],"counts":{"headings":231,"invariants":40,"hypotheses":21,"packets":143}}
PASS concordance: direct typed coverage and reference validity; not implementation or invariant proof
SYSTEM_MAP input=registry/system_map.json bytes=8225 sha256=7b62748269fd1fa55a7a8ea2a2cd9274970accfff4e7e97b1983fdf342f29223; operator digest and outer freeze, not receipt authentication
SYSTEM_MAP input=registry/vocabulary.json bytes=10344 sha256=b5b7cb253333f43ba6bcc6b08268bb91ceab7767b7d7581fa5cec7f41a475615; operator digest and outer freeze, not receipt authentication
SYSTEM_MAP input=registry/invariants.json bytes=56752 sha256=b2f09b25d5633c7686ecf66a8b1998a489211d01c4a0bf179ce23af89b5f3965; operator digest and outer freeze, not receipt authentication
SYSTEM_MAP input=registry/roadmap.json bytes=113014 sha256=1cc56ebd84642cfe91fc0c769c5a28f2a83b87424ba0a3d8acff2d42b7b6f855; operator digest and outer freeze, not receipt authentication
SYSTEM_MAP input=README.md bytes=55470 sha256=2a01cb4b7aa5bf1cb900c7be1a47db927bb1e45cffbeacaf33ce818594fbfb1a; operator digest and outer freeze, not receipt authentication
SYSTEM_MAP input=docs/AGENT_GUIDE.md bytes=9645 sha256=cbb54889340d1e239ad17228faa4ad640ce4e684049153d3ff160c44d5144a8f; operator digest and outer freeze, not receipt authentication
SYSTEM_MAP input=docs/SYSTEM_MAP.md bytes=7188 sha256=52cae2e9d0bfef7f44af75c398e9f9d47aba3591389e6b23553e3d390f422c02; operator digest and outer freeze, not receipt authentication
SYSTEM_MAP input=.beads/issues.jsonl bytes=1471021 sha256=e2d0f3518e12e76ed4092f0e7717d1e148ea8bdb0c8e098530dd423b65d1c1f9; operator digest and outer freeze, not receipt authentication
SYSTEM_MAP input=COMPREHENSIVE_PLAN_FOR_THE_DESIGN_OF_FRANKENALIGNMENT.md bytes=251689 sha256=b08ed463dd8d321a5f1a4a65fb839456345788fcc6cb9b8ff3103c7143d64616; operator digest and outer freeze, not receipt authentication
SYSTEM_MAP_JSON {"missing":[],"retired_in_use":[],"unregistered_verbs":[],"counts":{"layers":9,"verbs":35,"packets":143,"guide_commands":42,"readme_commands":11}}
PASS system_map: bounded registry/document consistency and checker-epic bead link; no command or layer-suite execution claim
PROSE input=README.md bytes=55470 sha256=2a01cb4b7aa5bf1cb900c7be1a47db927bb1e45cffbeacaf33ce818594fbfb1a; operator digest and outer freeze, not receipt authentication
PROSE input=IMPLEMENTATION_STATUS.md bytes=26615 sha256=17ddf7eba087ce96f17d11c11cdeafb81fe85eaa82e5bfbdb283223c1356ba3e; operator digest and outer freeze, not receipt authentication
PROSE input=artifacts/execution/2026-09-08-action-receipt.json bytes=6860 sha256=5b4e47f998664a6f5b77f98c99484c1a34c9948e87f55c44d01661b1d9b0efdf; operator digest and outer freeze, not receipt authentication
PROSE input=registry/founding_concordance.json bytes=42815 sha256=cf90c49704448eaaab47e447c15033c94dd66c37c895c74c8b7bce2f135c251d; operator digest and outer freeze, not receipt authentication
PROSE input=registry/invariants.json bytes=56752 sha256=b2f09b25d5633c7686ecf66a8b1998a489211d01c4a0bf179ce23af89b5f3965; operator digest and outer freeze, not receipt authentication
PROSE input=registry/claims.json bytes=15799 sha256=9e729380f01af536b21f116d334977db77e3900e43367c6f19b1522296c61005; operator digest and outer freeze, not receipt authentication
PROSE input=registry/roadmap.json bytes=113014 sha256=1cc56ebd84642cfe91fc0c769c5a28f2a83b87424ba0a3d8acff2d42b7b6f855; operator digest and outer freeze, not receipt authentication
PROSE input=COMPREHENSIVE_PLAN_FOR_THE_DESIGN_OF_FRANKENALIGNMENT.md bytes=251689 sha256=b08ed463dd8d321a5f1a4a65fb839456345788fcc6cb9b8ff3103c7143d64616; operator digest and outer freeze, not receipt authentication
PROSE_JSON {"findings":[],"counts":{"founding_ideas":38,"syntheses":9,"engineering_additions":67,"invariants":40,"hypotheses":21,"packets":143}}
PASS prose_consistency: current declarations match registries and the named retained receipt; not new-source execution proof
EXECUTE cargo fmt --all --check
PASS executed_command: cargo fmt --all --check
EXECUTE cargo check --workspace --all-targets --frozen
warning: unused field `license-file` in `workspace.package`
 --> Cargo.toml:9:1
  |
9 | license-file = "LICENSE"
  | ^^^^^^^^^^^^
  |
  = note: `cargo::unused_workspace_package_fields` is set to `warn` by default
help: consider removing the field `workspace.package.license-file`
warning: workspace (manifest) generated 1 warning
    Checking fa-reference v0.2.0 (/data/tmp/rch/franken_alignment_wave2_gate2_20260908/7309ab4c82cad7a3/crates/fa-reference)
    Checking xtask v0.2.0 (/data/tmp/rch/franken_alignment_wave2_gate2_20260908/7309ab4c82cad7a3/xtask)
error[E0369]: binary operation `==` cannot be applied to type `Result<fa_reference::action::Permit, fa_reference::Error>`
   --> crates/fa-reference/tests/action_transitions.rs:277:5
    |
277 | /     assert_eq!(
278 | |         authorization_epoch.authorize(1, &judgment, &changed_epoch),
279 | |         Err(Error::Binding)
280 | |     );
    | |     ^
    | |     |
    | |_____Result<fa_reference::action::Permit, fa_reference::Error>
    |       Result<_, fa_reference::Error>
    |
note: `Result<fa_reference::action::Permit, fa_reference::Error>` does not implement `PartialEq<Result<_, fa_reference::Error>>`
   --> /rustc/5a2be9f5f075d31e3ca5526b5b029881ce441253/library/core/src/result.rs:558:0
    |
    = note: `Result<fa_reference::action::Permit, fa_reference::Error>` is defined in another crate

For more information about this error, try `rustc --explain E0369`.
error: could not compile `fa-reference` (test "action_transitions") due to 1 previous error
warning: build failed, waiting for other jobs to finish...
FAIL: cargo check --workspace --all-targets --frozen failed: exit status: 101
  [2m2026-09-08T05:38:17.672271Z[0m [32m INFO[0m [1;32mrch::hook::transfer_orchestration[0m[32m: [32mRemote command finished: exit=1 in 31329ms[0m
    [2;3mat[0m rch/src/hook/transfer_orchestration.rs:1150 [2;3mon[0m ThreadId(1)

[W] Worker: hz3 | Job: j-30004650170124334
[T] Total: 36.3s (sync 5.0s, build 31.3s, artifacts --)
^ Sync: 5.6 MB in 5.0s (1.1 MB/s)
[C] Compile: 31.3s
Artifacts: skipped
[T] Cache: MISS
[RCH] remote hz3 failed (exit 1)
