  [2m2026-09-07T21:34:59.860186Z[0m [32m INFO[0m [1;32mrch::hook[0m[32m: [32mSelected worker: hz4 at ubuntu@194.163.156.231 (6 slots remaining after reservation, speed 76.3)[0m
    [2;3mat[0m rch/src/hook.rs:2645 [2;3mon[0m ThreadId(1)

[*] Job j-30004650170124184 submitted to hz4 (6 slots remaining, speed 76.3)
  [2m2026-09-07T21:34:59.949248Z[0m [32m INFO[0m [1;32mrch::hook::transfer_orchestration[0m[32m: [32mStarting remote compilation pipeline for franken_alignment (hash: 76f5cc9968ea25b5)[0m
    [2;3mat[0m rch/src/hook/transfer_orchestration.rs:510 [2;3mon[0m ThreadId(1)

  [2m2026-09-07T21:34:59.949303Z[0m [32m INFO[0m [1;32mrch::hook::transfer_orchestration[0m[32m: [32mPrepared dependency sync manifest for 1 roots[0m
    [2;3mat[0m rch/src/hook/transfer_orchestration.rs:532 [2;3mon[0m ThreadId(1)

  [2m2026-09-07T21:35:02.453797Z[0m [32m INFO[0m [1;32mrch::hook::transfer_orchestration[0m[32m: [32mSyncing project to worker hz4...[0m
    [2;3mat[0m rch/src/hook/transfer_orchestration.rs:661 [2;3mon[0m ThreadId(1)

  [2m2026-09-07T21:35:06.489803Z[0m [32m INFO[0m [1;32mrch::transfer[0m[32m: [32mSyncing /Users/jemanuel/projects/franken_alignment -> /data/tmp/rch/franken_alignment/76f5cc9968ea25b5 on hz4 (streaming)[0m
    [2;3mat[0m rch/src/transfer.rs:3549 [2;3mon[0m ThreadId(1)

  [2m2026-09-07T21:35:08.292044Z[0m [32m INFO[0m [1;32mrch::hook::transfer_orchestration[0m[32m: [32mSync complete: 16 files, 2919658 bytes in 5638ms[0m
    [2;3mat[0m rch/src/hook/transfer_orchestration.rs:958 [2;3mon[0m ThreadId(1)

  [2m2026-09-07T21:35:08.302338Z[0m [32m INFO[0m [1;32mrch::hook::transfer_orchestration[0m[32m: [32mExecuting command remotely: cargo +nightly-2026-09-07 run --locked -p xtask -- check[0m
    [2;3mat[0m rch/src/hook/transfer_orchestration.rs:1018 [2;3mon[0m ThreadId(1)

  [2m2026-09-07T21:35:08.302474Z[0m [32m INFO[0m [1;32mrch::transfer[0m[32m: [32mRewriting CARGO_TARGET_DIR for remote execution (worker-scoped path): /Volumes/USB_NVME/cargo-target -> /data/tmp/rch/franken_alignment/.rch-target-hz4-pool-7426c0154046c0ad0f733de17f13ec93[0m
    [2;3mat[0m rch/src/transfer.rs:1842 [2;3mon[0m ThreadId(1)

  [2m2026-09-07T21:35:08.302553Z[0m [32m INFO[0m [1;32mrch::transfer[0m[32m: [32mWrapping command with external timeout protection, [1;32mkind[0m[32m: cargo build, [1;32mtimeout_secs[0m[32m: 3600[0m
    [2;3mat[0m rch/src/transfer.rs:2669 [2;3mon[0m ThreadId(1)

warning: unused field `license-file` in `workspace.package`
 --> Cargo.toml:9:1
  |
9 | license-file = "LICENSE"
  | ^^^^^^^^^^^^
  |
  = note: `cargo::unused_workspace_package_fields` is set to `warn` by default
help: consider removing the field `workspace.package.license-file`
warning: workspace (manifest) generated 1 warning
   Compiling xtask v0.2.0 (/data/tmp/rch/franken_alignment/76f5cc9968ea25b5/xtask)
    Finished `dev` profile [unoptimized + debuginfo] target(s) in 1.04s
     Running `/data/tmp/rch/franken_alignment/.rch-target-hz4-pool-7426c0154046c0ad0f733de17f13ec93/debug/xtask check`
PASS reference_lock: exactly fa-reference and xtask; no external packages
PASS source_inventory: required files and crate-level prohibitions present
EXECUTE rustc -Vv
rustc 1.100.0-nightly (5a2be9f5f 2026-09-06)
binary: rustc
commit-hash: 5a2be9f5f075d31e3ca5526b5b029881ce441253
commit-date: 2026-09-06
host: x86_64-unknown-linux-gnu
release: 1.100.0-nightly
LLVM version: 23.1.1
PASS qualified_rustc_identity: 5a2be9f5f075d31e3ca5526b5b029881ce441253 on x86_64-unknown-linux-gnu; compiler-reported identity only
EXECUTE cargo metadata --format-version 1 --locked --offline --filter-platform aarch64-apple-darwin
ADMISSION target profile: aarch64-apple-darwin
ADMISSION inventory:
  fa-reference 0.2.0 path+file:///data/tmp/rch/franken_alignment/76f5cc9968ea25b5/crates/fa-reference#0.2.0 at crates/fa-reference/Cargo.toml [workspace local] kinds=bin,lib,test links=none features=none
  xtask 0.2.0 path+file:///data/tmp/rch/franken_alignment/76f5cc9968ea25b5/xtask#0.2.0 at xtask/Cargo.toml [workspace local] kinds=bin links=none features=none
ADMISSION note: claim is bound to target profile `aarch64-apple-darwin`; cargo metadata does not record which --filter-platform produced it, so the target binding rests on the caller collecting this document with `--filter-platform aarch64-apple-darwin`, not on the document itself
ADMISSION note: metadata establishes identity, structure and feature activation only; it does not establish a runtime or downloaded-artifact closure
PASS admission_closed_inventory[aarch64-apple-darwin]: exact local package set, exact resolve bijection, no external source, build script, proc macro, native link, build or target-scoped dependency, and the frozen feature set. Not a runtime or downloaded-artifact closure claim.
PASS collected_metadata_paths[aarch64-apple-darwin]: actual workspace, manifests and target source files
EXECUTE cargo metadata --format-version 1 --locked --offline --filter-platform x86_64-unknown-linux-gnu
ADMISSION target profile: x86_64-unknown-linux-gnu
ADMISSION inventory:
  fa-reference 0.2.0 path+file:///data/tmp/rch/franken_alignment/76f5cc9968ea25b5/crates/fa-reference#0.2.0 at crates/fa-reference/Cargo.toml [workspace local] kinds=bin,lib,test links=none features=none
  xtask 0.2.0 path+file:///data/tmp/rch/franken_alignment/76f5cc9968ea25b5/xtask#0.2.0 at xtask/Cargo.toml [workspace local] kinds=bin links=none features=none
ADMISSION note: claim is bound to target profile `x86_64-unknown-linux-gnu`; cargo metadata does not record which --filter-platform produced it, so the target binding rests on the caller collecting this document with `--filter-platform x86_64-unknown-linux-gnu`, not on the document itself
ADMISSION note: metadata establishes identity, structure and feature activation only; it does not establish a runtime or downloaded-artifact closure
PASS admission_closed_inventory[x86_64-unknown-linux-gnu]: exact local package set, exact resolve bijection, no external source, build script, proc macro, native link, build or target-scoped dependency, and the frozen feature set. Not a runtime or downloaded-artifact closure claim.
PASS collected_metadata_paths[x86_64-unknown-linux-gnu]: actual workspace, manifests and target source files
PASS registry_core: IDs, roadmap DAG, declared links, retained files and scoped source test declarations; not execution or invariant proof
EXECUTE cargo fmt --all --check
PASS executed_command: cargo fmt --all --check
EXECUTE cargo check --workspace --all-targets --frozen
warning: unused field `license-file` in `workspace.package`
 --> Cargo.toml:9:1
  |
9 | license-file = "LICENSE"
  | ^^^^^^^^^^^^
  |
  = note: `cargo::unused_workspace_package_fields` is set to `warn` by default
help: consider removing the field `workspace.package.license-file`
warning: workspace (manifest) generated 1 warning
    Checking xtask v0.2.0 (/data/tmp/rch/franken_alignment/76f5cc9968ea25b5/xtask)
    Finished `dev` profile [unoptimized + debuginfo] target(s) in 0.52s
PASS executed_command: cargo check --workspace --all-targets --frozen
EXECUTE cargo clippy --workspace --all-targets --frozen -- -D warnings
warning: unused field `license-file` in `workspace.package`
 --> Cargo.toml:9:1
  |
9 | license-file = "LICENSE"
  | ^^^^^^^^^^^^
  |
  = note: `cargo::unused_workspace_package_fields` is set to `warn` by default
help: consider removing the field `workspace.package.license-file`
warning: workspace (manifest) generated 1 warning
    Checking fa-reference v0.2.0 (/data/tmp/rch/franken_alignment/76f5cc9968ea25b5/crates/fa-reference)
    Checking xtask v0.2.0 (/data/tmp/rch/franken_alignment/76f5cc9968ea25b5/xtask)
    Finished `dev` profile [unoptimized + debuginfo] target(s) in 0.62s
PASS executed_command: cargo clippy --workspace --all-targets --frozen -- -D warnings
EXECUTE cargo test --workspace --all-targets --frozen
warning: unused field `license-file` in `workspace.package`
 --> Cargo.toml:9:1
  |
9 | license-file = "LICENSE"
  | ^^^^^^^^^^^^
  |
  = note: `cargo::unused_workspace_package_fields` is set to `warn` by default
help: consider removing the field `workspace.package.license-file`
warning: workspace (manifest) generated 1 warning
   Compiling fa-reference v0.2.0 (/data/tmp/rch/franken_alignment/76f5cc9968ea25b5/crates/fa-reference)
   Compiling xtask v0.2.0 (/data/tmp/rch/franken_alignment/76f5cc9968ea25b5/xtask)
    Finished `test` profile [unoptimized + debuginfo] target(s) in 1.90s
     Running unittests src/lib.rs (/data/tmp/rch/franken_alignment/.rch-target-hz4-pool-7426c0154046c0ad0f733de17f13ec93/debug/build/fa-reference/805c210a23edaf0a/out/fa_reference-805c210a23edaf0a)

running 56 tests
test full_input::tests::malformed_partitions_omissions_and_bounds_are_rejected ... ok
test full_input::tests::opaque_witness_binds_the_entire_actual_input_view ... ok
test full_input::tests::question_profile_and_unmentioned_evidence_changes_invalidate ... ok
test full_input::tests::transform_and_omission_changes_invalidate ... ok
test product_frontier::tests::bounds_and_invalid_inputs_fail_without_admitting_a_projection ... ok
test product_frontier::tests::contiguous_progress_cannot_manufacture_closure ... ok
test product_frontier::tests::closing_marker_cannot_cross_projection_epoch_or_generation ... ok
test product_frontier::tests::close_rejects_future_observation_and_terminal_close_rejects_extension ... ok
test reducer::tests::actor_statement_is_refused_alongside_empirical_votes ... ok
test product_frontier::tests::marker_requires_authenticated_prefix_and_its_own_observation ... ok
test reducer::tests::actor_statement_not_a_reducer_input ... ok
test reducer::tests::capped_permit_tally_is_a_positive_empirical_observation ... ok
test reducer::tests::disqualifier_dominates_weighted_majority ... ok
test reducer::tests::caps_bound_influence ... ok
test reducer::tests::input_bounds_prevent_unbounded_reduction ... ok
test reducer::tests::input_order_cannot_change_the_reduction ... ok
test reducer::tests::overflow_is_refused_before_an_empirical_result ... ok
test reducer::tests::same_cohort_max_weights_clip_without_denominator_overflow ... ok
test reducer::tests::proportional_clipping_is_invariant_under_member_rename ... ok
test reducer::tests::separate_cohorts_each_receive_their_own_cap ... ok
test round::tests::commit_after_reveals_open_is_rejected ... ok
test round::tests::commitment_binds_verdict ... ok
test round::tests::invalid_reveal_and_duplicate_commit_do_not_mutate_member_slot ... ok
test round::tests::conflicting_reveal_rejected ... ok
test round::tests::membership_frozen_after_open ... ok
test round::tests::missing_reveal_is_missing_not_abstain ... ok
test round::tests::the_domain_separator_is_part_of_the_preimage ... ok
test round::tests::valid_reveals_are_recorded_for_the_frozen_members ... ok
test tests::absent_key_detects_insertion ... ok
test tests::cross_reads_defeat_disjoint_writes ... ok
test round::tests::maximum_member_and_field_bounds_are_exact_and_reject_without_mutation ... ok
test tests::dominator_and_bypass_are_distinguished ... ok
test tests::effect_binding_and_one_shot_dispatch ... ok
test reducer::tests::exhaustive_small_caps_never_admit_more_than_a_member_cap ... ok
test tests::empty_range_detects_phantom ... ok
test tests::epoch_and_incompleteness_invalidate ... ok
test tests::evidence_stages_are_distinct ... ok
test tests::frontier_does_not_skip_a_gap ... ok
test tests::frontier_limits_fail_without_mutation ... ok
test tests::graph_limits_and_empty_claims_are_rejected ... ok
test tests::integer_probe_requests_refinement_at_margin ... ok
test tests::integer_probe_bound_matches_exhaustive_small_errors ... ok
test tests::invalid_witness_is_not_admitted ... ok
test tests::reserve_budget_and_duplicate_fail_closed ... ok
test tests::reset_cannot_refund_unknown ... ok
test tests::reset_increments_incident_counter ... ok
test tests::reset_keeps_dispatched_liability ... ok
test tests::reset_keeps_spent_and_epoch ... ok
test tests::reset_overflow_is_before_mutation ... ok
test tests::reset_refunds_only_reserved_outside_keep ... ok
test tests::resolved_non_effect_returns_rights_once ... ok
test tests::resources_and_order_barriers_block_reordering ... ok
test tests::revocation_fences_reserved_not_history ... ok
test tests::rights_unknown_cannot_be_refunded_by_cancel ... ok
test tests::witness_reuses_unrelated_changes ... ok
test tests::exhaustive_four_vertex_cut_and_dominator_consistency ... ok

test result: ok. 56 passed; 0 failed; 0 ignored; 0 measured; 0 filtered out; finished in 0.03s

     Running tests/reference_boundaries.rs (/data/tmp/rch/franken_alignment/.rch-target-hz4-pool-7426c0154046c0ad0f733de17f13ec93/debug/build/fa-reference/798e49afcc947aa4/out/reference_boundaries-798e49afcc947aa4)

running 16 tests
test a_bypass_edge_invalidates_an_earlier_cut_certificate ... ok
test a_commitment_cannot_be_replayed_into_another_round_or_member ... ok
test a_negative_domain_must_be_a_nonempty_half_open_range ... ok
test a_terminal_reservation_id_can_never_be_reused ... ok
test a_write_read_conflict_is_detected_in_both_directions ... ok
test an_unknown_outcome_stays_charged_until_it_is_resolved ... ok
test commitment_field_framing_prevents_a_boundary_collision ... ok
test dispatch_binds_every_field_of_the_reserved_effect ... ok
test prefix_coverage_requires_contiguity_not_membership ... ok
test a_stage_cannot_be_skipped_and_the_window_fails_closed ... ok
test probe_arithmetic_fails_closed_on_every_accumulator ... ok
test probe_boundaries_are_named_explicitly ... ok
test independence_is_symmetric_and_refuses_self_reordering_of_effectful_work ... ok
test probe_certificates_are_sound_and_the_refusal_band_is_no_wider_than_necessary ... ok
test the_revocation_floor_only_ever_moves_forward ... ok
test the_incident_counter_moves_only_on_reset ... ok

test result: ok. 16 passed; 0 failed; 0 ignored; 0 measured; 0 filtered out; finished in 0.00s


running 102 tests
     Running unittests src/main.rs (/data/tmp/rch/franken_alignment/.rch-target-hz4-pool-7426c0154046c0ad0f733de17f13ec93/debug/build/xtask/9234c929a0ba3068/out/xtask-9234c929a0ba3068)
test admission::tests::absent_links_field_is_refused ... ok
test admission::tests::absent_node_deps_is_refused_not_read_as_no_edges ... ok
test admission::tests::absent_target_src_path_is_refused ... ok
test admission::tests::absent_node_features_is_refused_not_read_as_no_features ... ok
test admission::tests::absent_resolve_nodes_is_refused ... ok
test admission::tests::build_dependency_edge_is_refused_by_build_phase ... ok
test admission::tests::admitted_row_with_no_package_is_refused ... ok
test admission::tests::build_script_is_refused_even_though_no_flag_can_reach_it ... ok
test admission::tests::duplicate_resolve_node_is_refused_not_overwritten ... ok
test admission::tests::empty_target_kind_is_refused ... ok
test admission::tests::external_source_is_refused_unconditionally ... ok
test admission::tests::feature_only_injection_is_refused_by_features_phase ... ok
test admission::tests::manifest_declared_dependency_is_refused ... ok
test admission::tests::filtered_metadata_is_admitted_under_the_closed_inventory ... ok
test admission::tests::policy_carrying_any_external_row_is_a_hard_error ... ok
test admission::tests::metadata_version_mismatch_is_refused ... ok
test admission::tests::manifest_outside_workspace_root_is_refused ... ok
test admission::tests::moved_manifest_inside_the_workspace_is_refused ... ok
test admission::tests::name_identity_confusion_is_refused_on_source_not_name ... ok
test admission::tests::policy_with_empty_local_packages_is_a_hard_error ... ok
test admission::tests::policy_without_admission_block_is_a_hard_error ... ok
test admission::tests::native_links_is_refused ... ok
test admission::tests::no_deps_metadata_is_refused_not_treated_as_empty ... ok
test admission::tests::a_pending_decision_does_not_admit ... ok
test admission::tests::non_string_source_is_refused ... ok
test admission::tests::policy_without_target_profiles_is_a_hard_error ... ok
test admission::tests::policy_enabling_build_scripts_is_a_hard_error ... ok
test admission::tests::package_absent_from_resolve_is_refused ... ok
test admission::tests::policy_omitting_a_prohibition_is_a_hard_error ... ok
test admission::tests::policy_with_wrong_schema_is_a_hard_error ... ok
test admission::tests::policy_declaring_an_unsupported_metadata_version_is_a_hard_error ... ok
test admission::tests::row_with_an_empty_owner_is_a_hard_error ... ok
test admission::tests::positive_inventory_is_exact_and_relative ... ok
test admission::tests::row_without_a_decision_is_a_hard_error ... ok
test admission::tests::proc_macro_is_refused ... ok
test admission::tests::unknown_target_profile_is_refused ... ok
test admission::tests::target_src_path_outside_the_workspace_is_refused ... ok
test admission_negative_tests::external_source_is_unconditionally_refused ... ok
test admission::tests::positive_report_states_its_claim_boundary_and_target ... ok
test admission::tests::unlisted_local_package_is_refused ... ok
test admission::tests::row_without_an_owner_is_a_hard_error ... ok
test admission_negative_tests::duplicate_resolve_node_cannot_overwrite_earlier_evidence ... ok
test admission::tests::target_scoped_dependency_is_refused_by_target_phase ... ok
test admission::tests::sibling_prefix_is_not_containment ... ok
test admission::tests::profile_silent_on_an_admitted_package_is_a_hard_error ... ok
test admission_negative_tests::empty_target_kind_cannot_exempt_build_checks ... ok
test admission_negative_tests::feature_only_injection_is_compared_against_the_bound_profile ... ok
test admission_negative_tests::missing_resolve_nodes_is_not_an_empty_graph ... ok
test admission_negative_tests::policy_external_row_is_rejected_before_it_can_launder_authority ... ok
test admission::tests::workspace_member_without_package_is_refused ... ok
test admission_negative_tests::package_id_without_its_resolve_node_is_refused ... ok
test admission_negative_tests::policy_cannot_enable_or_omit_a_constitutional_prohibition ... ok
test admission_negative_tests::non_string_source_and_links_cannot_be_filtered_away ... ok
test admission_negative_tests::sibling_path_prefix_is_not_workspace_containment ... ok
test json_tests::depth_and_input_limits_refuse_before_unbounded_work ... ok
test json_tests::duplicate_key_is_rejected_before_a_value_can_be_overwritten ... ok
test json_tests::absolute_recursion_ceiling_survives_an_oversized_caller_limit ... ok
test admission_negative_tests::unknown_target_profile_is_refused_before_metadata_is_claimed ... ok
test admission_negative_tests::missing_node_deps_is_not_no_dependency_edges ... ok
test json_tests::malformed_input_is_rejected_at_its_named_boundary ... ok
test admission_negative_tests::workspace_member_without_a_package_is_refused ... ok
test admission::tests::target_src_path_in_a_sibling_of_the_workspace_is_refused ... ok
test json_tests::preserves_unicode_and_exact_number_lexemes ... ok
test json_tests::parses_normalized_real_cargo_metadata_without_losing_structure ... ok
test json_tests::parses_the_real_vocabulary_registry_and_its_registered_nouns ... ok
test metadata_collection_tests::real_cargo_metadata_refuses_missing_root_without_empty_success ... ok
test registry_checks::tests::dependency_cycle_is_refused_as_a_dag_violation ... ok
test registry_checks::tests::duplicate_roadmap_id_is_refused_as_an_identity_collision ... ok
test registry_checks::tests::missing_retained_evidence_artifact_is_refused ... ok
test metadata_path_tests::metadata_paths_accept_real_workspace_manifest_and_target ... ok
test registry_checks::tests::unknown_roadmap_invariant_is_refused_at_the_link ... ok
test metadata_path_tests::metadata_paths_refuse_missing_target_file ... ok
test metadata_path_tests::metadata_paths_refuse_metadata_from_different_workspace ... ok
test metadata_path_tests::metadata_paths_refuse_target_symlink_escaping_workspace ... ok
test toolchain_identity::tests::commit_must_be_exact_40_hex_and_not_a_placeholder ... ok
test toolchain_identity::tests::every_required_identity_field_is_required_and_unique ... ok
test toolchain_identity::tests::host_must_match_the_qualified_execution_host ... ok
test toolchain_identity::tests::malformed_expectations_invalid_utf8_and_oversized_output_refuse ... ok
test toolchain_identity::tests::retained_qualified_epoch2_header_passes_exactly ... ok
test toolchain_identity::tests::stable_release_cannot_launder_the_qualified_commit_and_host ... ok
test registry_checks::tests::missing_reference_test_symbol_is_not_a_textual_near_match ... ok
test registry_checks::tests::reference_source_read_refuses_more_than_the_declared_byte_limit ... ok
test metadata_collection_tests::real_cargo_metadata_refuses_manifestless_current_directory_without_empty_success ... FAILED
test metadata_collection_tests::real_cargo_metadata_for_current_workspace_parses_to_closed_package_inventory ... ok
    Blocking waiting for file lock on package cache
    Blocking waiting for file lock on package cache
    Blocking waiting for file lock on package cache
    Blocking waiting for file lock on package cache
    Blocking waiting for file lock on package cache
test registry_negative_tests::current_registry_core_is_clean_before_negative_mutations ... ok
test registry_checks::tests::current_owned_registry_inputs_pass_the_core_checks ... ok
test registry_negative_tests::missing_reference_test_symbol_is_rejected_as_reference_test_missing ... ok
test registry_negative_tests::missing_result_artifact_is_rejected_as_referenced_file_missing ... ok
test registry_negative_tests::missing_dag_node_is_rejected_as_unknown_dependency ... ok
test registry_negative_tests::roadmap_cycle_is_rejected_as_dependency_cycle ... ok
test registry_negative_tests::missing_invariant_is_rejected_as_unknown_invariant ... ok
test registry_negative_tests::duplicate_packet_id_is_rejected_as_duplicate_id ... ok
test registry_negative_tests::punctuation_only_source_id_is_rejected_as_malformed_id ... ok
test registry_negative_tests::c_raw_string_test_lookalike_does_not_satisfy_reference_check ... ok
test registry_negative_tests::artifact_symlink_leaf_escaping_root_is_rejected ... ok
test registry_negative_tests::top_level_test_does_not_satisfy_a_tests_module_reference ... ok
test registry_negative_tests::commented_test_declaration_does_not_satisfy_reference_check ... ok
test registry_negative_tests::reference_source_symlink_leaf_escaping_root_is_rejected ... ok
test registry_negative_tests::macro_body_test_lookalike_does_not_satisfy_reference_check ... ok
test registry_negative_tests::lifetimes_before_a_real_tests_module_do_not_hide_the_registered_test ... ok
test registry_negative_tests::raw_string_test_declaration_does_not_satisfy_reference_check ... ok
test registry_negative_tests::other_module_test_does_not_satisfy_a_tests_module_reference ... ok

failures:

---- metadata_collection_tests::real_cargo_metadata_refuses_manifestless_current_directory_without_empty_success stdout ----
EXECUTE cargo metadata --format-version 1 --locked --offline --filter-platform aarch64-apple-darwin

thread 'metadata_collection_tests::real_cargo_metadata_refuses_manifestless_current_directory_without_empty_success' (2450012) panicked at xtask/src/metadata_collection_tests.rs:101:70:
real Cargo must reject a directory without Cargo.toml, never return empty metadata: [123, 34, 112, 97, 99, 107, 97, 103, 101, 115, 34, 58, 91, 123, 34, 110, 97, 109, 101, 34, 58, 34, 102, 97, 45, 114, 101, 102, 101, 114, 101, 110, 99, 101, 34, 44, 34, 118, 101, 114, 115, 105, 111, 110, 34, 58, 34, 48, 46, 50, 46, 48, 34, 44, 34, 105, 100, 34, 58, 34, 112, 97, 116, 104, 43, 102, 105, 108, 101, 58, 47, 47, 47, 100, 97, 116, 97, 47, 116, 109, 112, 47, 114, 99, 104, 47, 102, 114, 97, 110, 107, 101, 110, 95, 97, 108, 105, 103, 110, 109, 101, 110, 116, 47, 55, 54, 102, 53, 99, 99, 57, 57, 54, 56, 101, 97, 50, 53, 98, 53, 47, 99, 114, 97, 116, 101, 115, 47, 102, 97, 45, 114, 101, 102, 101, 114, 101, 110, 99, 101, 35, 48, 46, 50, 46, 48, 34, 44, 34, 108, 105, 99, 101, 110, 115, 101, 34, 58, 110, 117, 108, 108, 44, 34, 108, 105, 99, 101, 110, 115, 101, 95, 102, 105, 108, 101, 34, 58, 34, 46, 46, 47, 46, 46, 47, 76, 73, 67, 69, 78, 83, 69, 34, 44, 34, 100, 101, 115, 99, 114, 105, 112, 116, 105, 111, 110, 34, 58, 110, 117, 108, 108, 44, 34, 115, 111, 117, 114, 99, 101, 34, 58, 110, 117, 108, 108, 44, 34, 100, 101, 112, 101, 110, 100, 101, 110, 99, 105, 101, 115, 34, 58, 91, 93, 44, 34, 116, 97, 114, 103, 101, 116, 115, 34, 58, 91, 123, 34, 107, 105, 110, 100, 34, 58, 91, 34, 108, 105, 98, 34, 93, 44, 34, 99, 114, 97, 116, 101, 95, 116, 121, 112, 101, 115, 34, 58, 91, 34, 108, 105, 98, 34, 93, 44, 34, 110, 97, 109, 101, 34, 58, 34, 102, 97, 95, 114, 101, 102, 101, 114, 101, 110, 99, 101, 34, 44, 34, 115, 114, 99, 95, 112, 97, 116, 104, 34, 58, 34, 47, 100, 97, 116, 97, 47, 116, 109, 112, 47, 114, 99, 104, 47, 102, 114, 97, 110, 107, 101, 110, 95, 97, 108, 105, 103, 110, 109, 101, 110, 116, 47, 55, 54, 102, 53, 99, 99, 57, 57, 54, 56, 101, 97, 50, 53, 98, 53, 47, 99, 114, 97, 116, 101, 115, 47, 102, 97, 45, 114, 101, 102, 101, 114, 101, 110, 99, 101, 47, 115, 114, 99, 47, 108, 105, 98, 46, 114, 115, 34, 44, 34, 101, 100, 105, 116, 105, 111, 110, 34, 58, 34, 50, 48, 50, 52, 34, 44, 34, 100, 111, 99, 34, 58, 116, 114, 117, 101, 44, 34, 100, 111, 99, 116, 101, 115, 116, 34, 58, 116, 114, 117, 101, 44, 34, 116, 101, 115, 116, 34, 58, 116, 114, 117, 101, 125, 44, 123, 34, 107, 105, 110, 100, 34, 58, 91, 34, 116, 101, 115, 116, 34, 93, 44, 34, 99, 114, 97, 116, 101, 95, 116, 121, 112, 101, 115, 34, 58, 91, 34, 98, 105, 110, 34, 93, 44, 34, 110, 97, 109, 101, 34, 58, 34, 114, 101, 102, 101, 114, 101, 110, 99, 101, 95, 98, 111, 117, 110, 100, 97, 114, 105, 101, 115, 34, 44, 34, 115, 114, 99, 95, 112, 97, 116, 104, 34, 58, 34, 47, 100, 97, 116, 97, 47, 116, 109, 112, 47, 114, 99, 104, 47, 102, 114, 97, 110, 107, 101, 110, 95, 97, 108, 105, 103, 110, 109, 101, 110, 116, 47, 55, 54, 102, 53, 99, 99, 57, 57, 54, 56, 101, 97, 50, 53, 98, 53, 47, 99, 114, 97, 116, 101, 115, 47, 102, 97, 45, 114, 101, 102, 101, 114, 101, 110, 99, 101, 47, 116, 101, 115, 116, 115, 47, 114, 101, 102, 101, 114, 101, 110, 99, 101, 95, 98, 111, 117, 110, 100, 97, 114, 105, 101, 115, 46, 114, 115, 34, 44, 34, 101, 100, 105, 116, 105, 111, 110, 34, 58, 34, 50, 48, 50, 52, 34, 44, 34, 100, 111, 99, 34, 58, 102, 97, 108, 115, 101, 44, 34, 100, 111, 99, 116, 101, 115, 116, 34, 58, 102, 97, 108, 115, 101, 44, 34, 116, 101, 115, 116, 34, 58, 116, 114, 117, 101, 125, 93, 44, 34, 102, 101, 97, 116, 117, 114, 101, 115, 34, 58, 123, 125, 44, 34, 109, 97, 110, 105, 102, 101, 115, 116, 95, 112, 97, 116, 104, 34, 58, 34, 47, 100, 97, 116, 97, 47, 116, 109, 112, 47, 114, 99, 104, 47, 102, 114, 97, 110, 107, 101, 110, 95, 97, 108, 105, 103, 110, 109, 101, 110, 116, 47, 55, 54, 102, 53, 99, 99, 57, 57, 54, 56, 101, 97, 50, 53, 98, 53, 47, 99, 114, 97, 116, 101, 115, 47, 102, 97, 45, 114, 101, 102, 101, 114, 101, 110, 99, 101, 47, 67, 97, 114, 103, 111, 46, 116, 111, 109, 108, 34, 44, 34, 109, 101, 116, 97, 100, 97, 116, 97, 34, 58, 110, 117, 108, 108, 44, 34, 112, 117, 98, 108, 105, 115, 104, 34, 58, 91, 93, 44, 34, 97, 117, 116, 104, 111, 114, 115, 34, 58, 91, 93, 44, 34, 99, 97, 116, 101, 103, 111, 114, 105, 101, 115, 34, 58, 91, 93, 44, 34, 107, 101, 121, 119, 111, 114, 100, 115, 34, 58, 91, 93, 44, 34, 114, 101, 97, 100, 109, 101, 34, 58, 110, 117, 108, 108, 44, 34, 114, 101, 112, 111, 115, 105, 116, 111, 114, 121, 34, 58, 110, 117, 108, 108, 44, 34, 104, 111, 109, 101, 112, 97, 103, 101, 34, 58, 110, 117, 108, 108, 44, 34, 100, 111, 99, 117, 109, 101, 110, 116, 97, 116, 105, 111, 110, 34, 58, 110, 117, 108, 108, 44, 34, 101, 100, 105, 116, 105, 111, 110, 34, 58, 34, 50, 48, 50, 52, 34, 44, 34, 108, 105, 110, 107, 115, 34, 58, 110, 117, 108, 108, 44, 34, 100, 101, 102, 97, 117, 108, 116, 95, 114, 117, 110, 34, 58, 110, 117, 108, 108, 44, 34, 114, 117, 115, 116, 95, 118, 101, 114, 115, 105, 111, 110, 34, 58, 110, 117, 108, 108, 125, 44, 123, 34, 110, 97, 109, 101, 34, 58, 34, 120, 116, 97, 115, 107, 34, 44, 34, 118, 101, 114, 115, 105, 111, 110, 34, 58, 34, 48, 46, 50, 46, 48, 34, 44, 34, 105, 100, 34, 58, 34, 112, 97, 116, 104, 43, 102, 105, 108, 101, 58, 47, 47, 47, 100, 97, 116, 97, 47, 116, 109, 112, 47, 114, 99, 104, 47, 102, 114, 97, 110, 107, 101, 110, 95, 97, 108, 105, 103, 110, 109, 101, 110, 116, 47, 55, 54, 102, 53, 99, 99, 57, 57, 54, 56, 101, 97, 50, 53, 98, 53, 47, 120, 116, 97, 115, 107, 35, 48, 46, 50, 46, 48, 34, 44, 34, 108, 105, 99, 101, 110, 115, 101, 34, 58, 110, 117, 108, 108, 44, 34, 108, 105, 99, 101, 110, 115, 101, 95, 102, 105, 108, 101, 34, 58, 34, 46, 46, 47, 76, 73, 67, 69, 78, 83, 69, 34, 44, 34, 100, 101, 115, 99, 114, 105, 112, 116, 105, 111, 110, 34, 58, 110, 117, 108, 108, 44, 34, 115, 111, 117, 114, 99, 101, 34, 58, 110, 117, 108, 108, 44, 34, 100, 101, 112, 101, 110, 100, 101, 110, 99, 105, 101, 115, 34, 58, 91, 93, 44, 34, 116, 97, 114, 103, 101, 116, 115, 34, 58, 91, 123, 34, 107, 105, 110, 100, 34, 58, 91, 34, 98, 105, 110, 34, 93, 44, 34, 99, 114, 97, 116, 101, 95, 116, 121, 112, 101, 115, 34, 58, 91, 34, 98, 105, 110, 34, 93, 44, 34, 110, 97, 109, 101, 34, 58, 34, 120, 116, 97, 115, 107, 34, 44, 34, 115, 114, 99, 95, 112, 97, 116, 104, 34, 58, 34, 47, 100, 97, 116, 97, 47, 116, 109, 112, 47, 114, 99, 104, 47, 102, 114, 97, 110, 107, 101, 110, 95, 97, 108, 105, 103, 110, 109, 101, 110, 116, 47, 55, 54, 102, 53, 99, 99, 57, 57, 54, 56, 101, 97, 50, 53, 98, 53, 47, 120, 116, 97, 115, 107, 47, 115, 114, 99, 47, 109, 97, 105, 110, 46, 114, 115, 34, 44, 34, 101, 100, 105, 116, 105, 111, 110, 34, 58, 34, 50, 48, 50, 52, 34, 44, 34, 100, 111, 99, 34, 58, 116, 114, 117, 101, 44, 34, 100, 111, 99, 116, 101, 115, 116, 34, 58, 102, 97, 108, 115, 101, 44, 34, 116, 101, 115, 116, 34, 58, 116, 114, 117, 101, 125, 93, 44, 34, 102, 101, 97, 116, 117, 114, 101, 115, 34, 58, 123, 125, 44, 34, 109, 97, 110, 105, 102, 101, 115, 116, 95, 112, 97, 116, 104, 34, 58, 34, 47, 100, 97, 116, 97, 47, 116, 109, 112, 47, 114, 99, 104, 47, 102, 114, 97, 110, 107, 101, 110, 95, 97, 108, 105, 103, 110, 109, 101, 110, 116, 47, 55, 54, 102, 53, 99, 99, 57, 57, 54, 56, 101, 97, 50, 53, 98, 53, 47, 120, 116, 97, 115, 107, 47, 67, 97, 114, 103, 111, 46, 116, 111, 109, 108, 34, 44, 34, 109, 101, 116, 97, 100, 97, 116, 97, 34, 58, 110, 117, 108, 108, 44, 34, 112, 117, 98, 108, 105, 115, 104, 34, 58, 91, 93, 44, 34, 97, 117, 116, 104, 111, 114, 115, 34, 58, 91, 93, 44, 34, 99, 97, 116, 101, 103, 111, 114, 105, 101, 115, 34, 58, 91, 93, 44, 34, 107, 101, 121, 119, 111, 114, 100, 115, 34, 58, 91, 93, 44, 34, 114, 101, 97, 100, 109, 101, 34, 58, 110, 117, 108, 108, 44, 34, 114, 101, 112, 111, 115, 105, 116, 111, 114, 121, 34, 58, 110, 117, 108, 108, 44, 34, 104, 111, 109, 101, 112, 97, 103, 101, 34, 58, 110, 117, 108, 108, 44, 34, 100, 111, 99, 117, 109, 101, 110, 116, 97, 116, 105, 111, 110, 34, 58, 110, 117, 108, 108, 44, 34, 101, 100, 105, 116, 105, 111, 110, 34, 58, 34, 50, 48, 50, 52, 34, 44, 34, 108, 105, 110, 107, 115, 34, 58, 110, 117, 108, 108, 44, 34, 100, 101, 102, 97, 117, 108, 116, 95, 114, 117, 110, 34, 58, 110, 117, 108, 108, 44, 34, 114, 117, 115, 116, 95, 118, 101, 114, 115, 105, 111, 110, 34, 58, 110, 117, 108, 108, 125, 93, 44, 34, 119, 111, 114, 107, 115, 112, 97, 99, 101, 95, 109, 101, 109, 98, 101, 114, 115, 34, 58, 91, 34, 112, 97, 116, 104, 43, 102, 105, 108, 101, 58, 47, 47, 47, 100, 97, 116, 97, 47, 116, 109, 112, 47, 114, 99, 104, 47, 102, 114, 97, 110, 107, 101, 110, 95, 97, 108, 105, 103, 110, 109, 101, 110, 116, 47, 55, 54, 102, 53, 99, 99, 57, 57, 54, 56, 101, 97, 50, 53, 98, 53, 47, 99, 114, 97, 116, 101, 115, 47, 102, 97, 45, 114, 101, 102, 101, 114, 101, 110, 99, 101, 35, 48, 46, 50, 46, 48, 34, 44, 34, 112, 97, 116, 104, 43, 102, 105, 108, 101, 58, 47, 47, 47, 100, 97, 116, 97, 47, 116, 109, 112, 47, 114, 99, 104, 47, 102, 114, 97, 110, 107, 101, 110, 95, 97, 108, 105, 103, 110, 109, 101, 110, 116, 47, 55, 54, 102, 53, 99, 99, 57, 57, 54, 56, 101, 97, 50, 53, 98, 53, 47, 120, 116, 97, 115, 107, 35, 48, 46, 50, 46, 48, 34, 93, 44, 34, 119, 111, 114, 107, 115, 112, 97, 99, 101, 95, 100, 101, 102, 97, 117, 108, 116, 95, 109, 101, 109, 98, 101, 114, 115, 34, 58, 91, 34, 112, 97, 116, 104, 43, 102, 105, 108, 101, 58, 47, 47, 47, 100, 97, 116, 97, 47, 116, 109, 112, 47, 114, 99, 104, 47, 102, 114, 97, 110, 107, 101, 110, 95, 97, 108, 105, 103, 110, 109, 101, 110, 116, 47, 55, 54, 102, 53, 99, 99, 57, 57, 54, 56, 101, 97, 50, 53, 98, 53, 47, 99, 114, 97, 116, 101, 115, 47, 102, 97, 45, 114, 101, 102, 101, 114, 101, 110, 99, 101, 35, 48, 46, 50, 46, 48, 34, 44, 34, 112, 97, 116, 104, 43, 102, 105, 108, 101, 58, 47, 47, 47, 100, 97, 116, 97, 47, 116, 109, 112, 47, 114, 99, 104, 47, 102, 114, 97, 110, 107, 101, 110, 95, 97, 108, 105, 103, 110, 109, 101, 110, 116, 47, 55, 54, 102, 53, 99, 99, 57, 57, 54, 56, 101, 97, 50, 53, 98, 53, 47, 120, 116, 97, 115, 107, 35, 48, 46, 50, 46, 48, 34, 93, 44, 34, 114, 101, 115, 111, 108, 118, 101, 34, 58, 123, 34, 110, 111, 100, 101, 115, 34, 58, 91, 123, 34, 105, 100, 34, 58, 34, 112, 97, 116, 104, 43, 102, 105, 108, 101, 58, 47, 47, 47, 100, 97, 116, 97, 47, 116, 109, 112, 47, 114, 99, 104, 47, 102, 114, 97, 110, 107, 101, 110, 95, 97, 108, 105, 103, 110, 109, 101, 110, 116, 47, 55, 54, 102, 53, 99, 99, 57, 57, 54, 56, 101, 97, 50, 53, 98, 53, 47, 99, 114, 97, 116, 101, 115, 47, 102, 97, 45, 114, 101, 102, 101, 114, 101, 110, 99, 101, 35, 48, 46, 50, 46, 48, 34, 44, 34, 100, 101, 112, 101, 110, 100, 101, 110, 99, 105, 101, 115, 34, 58, 91, 93, 44, 34, 100, 101, 112, 115, 34, 58, 91, 93, 44, 34, 102, 101, 97, 116, 117, 114, 101, 115, 34, 58, 91, 93, 125, 44, 123, 34, 105, 100, 34, 58, 34, 112, 97, 116, 104, 43, 102, 105, 108, 101, 58, 47, 47, 47, 100, 97, 116, 97, 47, 116, 109, 112, 47, 114, 99, 104, 47, 102, 114, 97, 110, 107, 101, 110, 95, 97, 108, 105, 103, 110, 109, 101, 110, 116, 47, 55, 54, 102, 53, 99, 99, 57, 57, 54, 56, 101, 97, 50, 53, 98, 53, 47, 120, 116, 97, 115, 107, 35, 48, 46, 50, 46, 48, 34, 44, 34, 100, 101, 112, 101, 110, 100, 101, 110, 99, 105, 101, 115, 34, 58, 91, 93, 44, 34, 100, 101, 112, 115, 34, 58, 91, 93, 44, 34, 102, 101, 97, 116, 117, 114, 101, 115, 34, 58, 91, 93, 125, 93, 44, 34, 114, 111, 111, 116, 34, 58, 110, 117, 108, 108, 125, 44, 34, 116, 97, 114, 103, 101, 116, 95, 100, 105, 114, 101, 99, 116, 111, 114, 121, 34, 58, 34, 47, 100, 97, 116, 97, 47, 116, 109, 112, 47, 114, 99, 104, 47, 102, 114, 97, 110, 107, 101, 110, 95, 97, 108, 105, 103, 110, 109, 101, 110, 116, 47, 46, 114, 99, 104, 45, 116, 97, 114, 103, 101, 116, 45, 104, 122, 52, 45, 112, 111, 111, 108, 45, 55, 52, 50, 54, 99, 48, 49, 53, 52, 48, 52, 54, 99, 48, 97, 100, 48, 102, 55, 51, 51, 100, 101, 49, 55, 102, 49, 51, 101, 99, 57, 51, 34, 44, 34, 98, 117, 105, 108, 100, 95, 100, 105, 114, 101, 99, 116, 111, 114, 121, 34, 58, 34, 47, 100, 97, 116, 97, 47, 116, 109, 112, 47, 114, 99, 104, 47, 102, 114, 97, 110, 107, 101, 110, 95, 97, 108, 105, 103, 110, 109, 101, 110, 116, 47, 46, 114, 99, 104, 45, 116, 97, 114, 103, 101, 116, 45, 104, 122, 52, 45, 112, 111, 111, 108, 45, 55, 52, 50, 54, 99, 48, 49, 53, 52, 48, 52, 54, 99, 48, 97, 100, 48, 102, 55, 51, 51, 100, 101, 49, 55, 102, 49, 51, 101, 99, 57, 51, 34, 44, 34, 118, 101, 114, 115, 105, 111, 110, 34, 58, 49, 44, 34, 119, 111, 114, 107, 115, 112, 97, 99, 101, 95, 114, 111, 111, 116, 34, 58, 34, 47, 100, 97, 116, 97, 47, 116, 109, 112, 47, 114, 99, 104, 47, 102, 114, 97, 110, 107, 101, 110, 95, 97, 108, 105, 103, 110, 109, 101, 110, 116, 47, 55, 54, 102, 53, 99, 99, 57, 57, 54, 56, 101, 97, 50, 53, 98, 53, 34, 44, 34, 109, 101, 116, 97, 100, 97, 116, 97, 34, 58, 110, 117, 108, 108, 125, 10]
note: run with `RUST_BACKTRACE=1` environment variable to display a backtrace


failures:
    metadata_collection_tests::real_cargo_metadata_refuses_manifestless_current_directory_without_empty_success

test result: FAILED. 101 passed; 1 failed; 0 ignored; 0 measured; 0 filtered out; finished in 0.53s

error: test failed, to rerun pass `-p xtask --bin xtask`
FAIL: cargo test --workspace --all-targets --frozen failed: exit status: 101
  [2m2026-09-07T21:35:14.643291Z[0m [32m INFO[0m [1;32mrch::hook::transfer_orchestration[0m[32m: [32mRemote command finished: exit=1 in 6340ms[0m
    [2;3mat[0m rch/src/hook/transfer_orchestration.rs:1150 [2;3mon[0m ThreadId(1)

[W] Worker: hz4 | Job: j-30004650170124184
[T] Total: 12.0s (sync 5.6s, build 6.3s, artifacts --)
^ Sync: 2.8 MB in 5.6s (505.7 KB/s)
[C] Compile: 6.3s
Artifacts: skipped
[T] Cache: MISS
[RCH] remote hz4 failed (exit 1)
