  [2m2026-09-08T09:19:35.383320Z[0m [32m INFO[0m [1;32mrch::hook[0m[32m: [32mSelected worker: vmi1149989 at root@212.90.121.76 (4 slots remaining after reservation, speed 71.9)[0m
    [2;3mat[0m rch/src/hook.rs:2645 [2;3mon[0m ThreadId(1)

[*] Job j-30004650170124440 submitted to vmi1149989 (4 slots remaining, speed 71.9)
  [2m2026-09-08T09:19:35.425012Z[0m [32m INFO[0m [1;32mrch::hook::transfer_orchestration[0m[32m: [32mStarting remote compilation pipeline for franken_alignment_wave7-counterexample-approximate1_20260908 (hash: b8ffb5eada2bc0d9)[0m
    [2;3mat[0m rch/src/hook/transfer_orchestration.rs:510 [2;3mon[0m ThreadId(1)

  [2m2026-09-08T09:19:35.425064Z[0m [32m INFO[0m [1;32mrch::hook::transfer_orchestration[0m[32m: [32mPrepared dependency sync manifest for 1 roots[0m
    [2;3mat[0m rch/src/hook/transfer_orchestration.rs:532 [2;3mon[0m ThreadId(1)

  [2m2026-09-08T09:19:36.901708Z[0m [32m INFO[0m [1;32mrch::hook::transfer_orchestration[0m[32m: [32mSyncing project to worker vmi1149989...[0m
    [2;3mat[0m rch/src/hook/transfer_orchestration.rs:661 [2;3mon[0m ThreadId(1)

  [2m2026-09-08T09:19:41.314033Z[0m [32m INFO[0m [1;32mrch::transfer[0m[32m: [32mLinked git worktree detected at /Users/jemanuel/projects/franken_alignment_wave7-counterexample-approximate1_20260908 (gitdir: /Users/jemanuel/projects/franken_alignment/.git/worktrees/franken_alignment_wave7-counterexample-approximate1_20260908); excluding dangling '.git' file from upload so the remote build resolves git-free like a normal repo[0m
    [2;3mat[0m rch/src/transfer.rs:2009 [2;3mon[0m ThreadId(1)

  [2m2026-09-08T09:19:41.314078Z[0m [32m INFO[0m [1;32mrch::transfer[0m[32m: [32mSyncing /Users/jemanuel/projects/franken_alignment_wave7-counterexample-approximate1_20260908 -> /data/tmp/rch/franken_alignment_wave7-counterexample-approximate1_20260908/b8ffb5eada2bc0d9 on vmi1149989 (streaming)[0m
    [2;3mat[0m rch/src/transfer.rs:3549 [2;3mon[0m ThreadId(1)

  [2m2026-09-08T09:19:43.054650Z[0m [32m INFO[0m [1;32mrch::hook::transfer_orchestration[0m[32m: [32mSync complete: 20 files, 10792290 bytes in 5921ms[0m
    [2;3mat[0m rch/src/hook/transfer_orchestration.rs:958 [2;3mon[0m ThreadId(1)

  [2m2026-09-08T09:19:43.067781Z[0m [32m INFO[0m [1;32mrch::hook::transfer_orchestration[0m[32m: [32mExecuting command remotely: cargo +nightly-2026-09-08 test --locked -p fa-reference --test observation_algebra_laws uncertainty_profile_generation_and_registered_law_mismatches_refuse -- --exact --nocapture[0m
    [2;3mat[0m rch/src/hook/transfer_orchestration.rs:1018 [2;3mon[0m ThreadId(1)

  [2m2026-09-08T09:19:43.067858Z[0m [32m INFO[0m [1;32mrch::transfer[0m[32m: [32mRewriting CARGO_TARGET_DIR for remote execution (worker-scoped path): /Volumes/USB_NVME/cargo-target -> /data/tmp/rch/franken_alignment_wave7-counterexample-approximate1_20260908/.rch-target-vmi1149989-pool-f36f03361f04fbdeef885c83c2930013[0m
    [2;3mat[0m rch/src/transfer.rs:1842 [2;3mon[0m ThreadId(1)

  [2m2026-09-08T09:19:43.067889Z[0m [32m INFO[0m [1;32mrch::transfer[0m[32m: [32mWrapping command with external timeout protection, [1;32mkind[0m[32m: cargo test, [1;32mtimeout_secs[0m[32m: 3600[0m
    [2;3mat[0m rch/src/transfer.rs:2669 [2;3mon[0m ThreadId(1)

Warning: Permanently added '212.90.121.76' (ED25519) to the list of known hosts.
warning: unused field `license-file` in `workspace.package`
 --> Cargo.toml:9:1
  |
9 | license-file = "LICENSE"
  | ^^^^^^^^^^^^
  |
  = note: `cargo::unused_workspace_package_fields` is set to `warn` by default
help: consider removing the field `workspace.package.license-file`
warning: workspace (manifest) generated 1 warning
   Compiling fa-reference v0.2.0 (/data/tmp/rch/franken_alignment_wave7-counterexample-approximate1_20260908/b8ffb5eada2bc0d9/crates/fa-reference)
    Finished `test` profile [unoptimized + debuginfo] target(s) in 3.44s
     Running tests/observation_algebra_laws.rs (/data/tmp/rch/franken_alignment_wave7-counterexample-approximate1_20260908/.rch-target-vmi1149989-pool-f36f03361f04fbdeef885c83c2930013/debug/build/fa-reference/7d8b578740ae0980/out/observation_algebra_laws-7d8b578740ae0980)

running 1 test

thread 'uncertainty_profile_generation_and_registered_law_mismatches_refuse' (1961547) panicked at crates/fa-reference/tests/observation_algebra_laws.rs:850:5:
assertion `left == right` failed: a closed scope must not become exact from an approximate context
  left: Ok(Transfer { origin_basis: Basis { identity: BasisIdentity { subject_id: 1, question_id: 2, profile_id: 3, semantic_generation: 4, policy_epoch: 5, model_epoch: 6, tokenizer_epoch: 0, codec_epoch: 7, control_seq: 8 }, claim_class: BoundedModel, proofs: ProofStates { authentic_origin: Declared { scope_id: 11, generation: 4 }, complete_for_contract: Declared { scope_id: 13, generation: 4 }, semantically_valid: Declared { scope_id: 17, generation: 4 }, available_for_replay: Declared { scope_id: 19, generation: 4 } } }, uncertainty: Approximate { profile_id: 3 }, value: Known { value: ClosedScope { domain: ClosedDomain { domain: DomainProjection { domain_id: 53, domain_epoch: 59, projection: ProjectionKey { source: 17, branch: 19, projection: 31, source_epoch: 29 } }, revision: 47, control_cut: 8, semantic_epoch: 4, requirement: FrontierRequirement { key: ProjectionKey { source: 17, branch: 19, projection: 31, source_epoch: 29 }, stage: Authenticated, through: 1, closure: Some(43) }, marker: TrustedClosingMarker { key: ProjectionKey { source: 17, branch: 19, projection: 31, source_epoch: 29 }, final_sequence: 1, marker_generation: 43 } } }, basis: Basis { identity: BasisIdentity { subject_id: 1, question_id: 2, profile_id: 3, semantic_generation: 4, policy_epoch: 5, model_epoch: 6, tokenizer_epoch: 0, codec_epoch: 7, control_seq: 8 }, claim_class: BoundedModel, proofs: ProofStates { authentic_origin: Declared { scope_id: 11, generation: 4 }, complete_for_contract: Declared { scope_id: 13, generation: 4 }, semantically_valid: Declared { scope_id: 17, generation: 4 }, available_for_replay: Declared { scope_id: 19, generation: 4 } } } }, witnesses: WitnessSet { entries: [WitnessSnapshot { domain: DomainProjection { domain_id: 53, domain_epoch: 59, projection: ProjectionKey { source: 17, branch: 19, projection: 31, source_epoch: 29 } }, revision: 47, control_cut: 8, semantic_epoch: 4 }, Frontier(FrontierRequirement { key: ProjectionKey { source: 17, branch: 19, projection: 31, source_epoch: 29 }, stage: Authenticated, through: 1, closure: Some(43) })] }, frontiers: [FrontierRequirement { key: ProjectionKey { source: 17, branch: 19, projection: 31, source_epoch: 29 }, stage: Authenticated, through: 1, closure: Some(43) }], privacy: PrivacyRestrictions { labels: [] }, authority: AuthorityRequirements { kinds: [CloseScope] }, cancellation: CancellationObligations { entries: [] }, resources: ResourceEnvelope { max_inputs: 16, max_outputs: 16, max_witnesses: 32, max_frontiers: 16, max_bytes: 73728, max_decoded_bytes: 65536, max_candidates: 128 }, cancelled: false })
 right: Err(Binding)
note: run with `RUST_BACKTRACE=1` environment variable to display a backtrace
test uncertainty_profile_generation_and_registered_law_mismatches_refuse ... FAILED

failures:

failures:
    uncertainty_profile_generation_and_registered_law_mismatches_refuse

test result: FAILED. 0 passed; 1 failed; 0 ignored; 0 measured; 8 filtered out; finished in 0.00s

error: test failed, to rerun pass `-p fa-reference --test observation_algebra_laws`
  [2m2026-09-08T09:19:47.920599Z[0m [32m INFO[0m [1;32mrch::hook::transfer_orchestration[0m[32m: [32mRemote command finished: exit=101 in 4852ms[0m
    [2;3mat[0m rch/src/hook/transfer_orchestration.rs:1150 [2;3mon[0m ThreadId(1)

[W] Worker: vmi1149989 | Job: j-30004650170124440
[T] Total: 10.8s (sync 5.9s, build 4.9s, artifacts --)
^ Sync: 10.3 MB in 5.9s (1.7 MB/s)
[C] Compile: 4.9s
Artifacts: skipped
[T] Cache: MISS
Warning: Permanently added '212.90.121.76' (ED25519) to the list of known hosts.
[RCH] remote vmi1149989 failed (exit 101)
