  [2m2026-09-08T07:23:56.681851Z[0m [32m INFO[0m [1;32mrch::hook[0m[32m: [32mSelected worker: vmi1149989 at root@212.90.121.76 (4 slots remaining after reservation, speed 71.9)[0m
    [2;3mat[0m rch/src/hook.rs:2645 [2;3mon[0m ThreadId(1)

[*] Job j-30004650170124383 submitted to vmi1149989 (4 slots remaining, speed 71.9)
  [2m2026-09-08T07:23:56.757242Z[0m [32m INFO[0m [1;32mrch::hook::transfer_orchestration[0m[32m: [32mStarting remote compilation pipeline for franken_alignment_wave4_rolling3_20260908 (hash: 5a1d653f04d8b115)[0m
    [2;3mat[0m rch/src/hook/transfer_orchestration.rs:510 [2;3mon[0m ThreadId(1)

  [2m2026-09-08T07:23:56.757282Z[0m [32m INFO[0m [1;32mrch::hook::transfer_orchestration[0m[32m: [32mPrepared dependency sync manifest for 1 roots[0m
    [2;3mat[0m rch/src/hook/transfer_orchestration.rs:532 [2;3mon[0m ThreadId(1)

  [2m2026-09-08T07:23:58.253218Z[0m [32m INFO[0m [1;32mrch::hook::transfer_orchestration[0m[32m: [32mSyncing project to worker vmi1149989...[0m
    [2;3mat[0m rch/src/hook/transfer_orchestration.rs:661 [2;3mon[0m ThreadId(1)

  [2m2026-09-08T07:23:58.253545Z[0m [32m INFO[0m [1;32mrch::transfer[0m[32m: [32mLinked git worktree detected at /Users/jemanuel/projects/franken_alignment_wave4_rolling3_20260908 (gitdir: /Users/jemanuel/projects/franken_alignment/.git/worktrees/franken_alignment_wave4_rolling3_20260908); excluding dangling '.git' file from upload so the remote build resolves git-free like a normal repo[0m
    [2;3mat[0m rch/src/transfer.rs:2009 [2;3mon[0m ThreadId(1)

  [2m2026-09-08T07:23:58.253569Z[0m [32m INFO[0m [1;32mrch::transfer[0m[32m: [32mSyncing /Users/jemanuel/projects/franken_alignment_wave4_rolling3_20260908 -> /Users/jemanuel/projects/franken_alignment_wave4_rolling3_20260908 on vmi1149989 (streaming)[0m
    [2;3mat[0m rch/src/transfer.rs:3549 [2;3mon[0m ThreadId(1)

  [2m2026-09-08T07:24:00.175927Z[0m [32m INFO[0m [1;32mrch::hook::transfer_orchestration[0m[32m: [32mSync complete: 495 files, 18791 bytes in 1905ms[0m
    [2;3mat[0m rch/src/hook/transfer_orchestration.rs:958 [2;3mon[0m ThreadId(1)

  [2m2026-09-08T07:24:00.208685Z[0m [32m INFO[0m [1;32mrch::hook::transfer_orchestration[0m[32m: [32mExecuting command remotely: /data/tmp/rch/franken_alignment_wave4_rolling3_20260908/.rch-target-vmi1149989-pool-809bbb79760f1634fa2f5a09a070ab2c/release/build/fa-reference/8d0a06483c38b7b1/out/canonical_json_cold_costs-8d0a06483c38b7b1 --exact cold_decode_action_v01_manual_fixture --nocapture '--test-threads=1'[0m
    [2;3mat[0m rch/src/hook/transfer_orchestration.rs:1018 [2;3mon[0m ThreadId(1)

  [2m2026-09-08T07:24:00.208805Z[0m [32m INFO[0m [1;32mrch::transfer[0m[32m: [32mWrapping command with external timeout protection, [1;32mkind[0m[32m: job, [1;32mtimeout_secs[0m[32m: 3600[0m
    [2;3mat[0m rch/src/transfer.rs:2669 [2;3mon[0m ThreadId(1)

Warning: Permanently added '212.90.121.76' (ED25519) to the list of known hosts.

running 1 test
test cold_decode_action_v01_manual_fixture ... FA005_CANONICAL_COLD schema=fa.action/0.1 bytes=372 elapsed_ns=30967 samples=1 proof_scope=fresh_process_exact_release_invocation_only no_claim=os_page_cache_or_cpu_cold
ok

test result: ok. 1 passed; 0 failed; 0 ignored; 0 measured; 2 filtered out; finished in 0.00s

  [2m2026-09-08T07:24:01.913023Z[0m [32m INFO[0m [1;32mrch::hook::transfer_orchestration[0m[32m: [32mRemote command finished: exit=0 in 1703ms[0m
    [2;3mat[0m rch/src/hook/transfer_orchestration.rs:1150 [2;3mon[0m ThreadId(1)

[W] Worker: vmi1149989 | Job: j-30004650170124383
[T] Total: 3.6s (sync 1.9s, build 1.7s, artifacts --)
^ Sync: 18.4 KB in 1.9s (9.6 KB/s)
[C] Compile: 1.7s
Artifacts: skipped
[T] Cache: MISS
+------------ [OK] Build Successful -------------+
| Duration: 1.7s (v 70% faster vs previous 5.8s) |
| Worker: vmi1149989                             |
| Cache: MISS (warming cache)                    |
| Time: 2026-09-08 07:24:01                      |
+------------------------------------------------+
[RCH] remote vmi1149989 (5.3s)
